Archive member included because of file (symbol)

c:/program files (x86)/gnu tools arm embedded/4.9 2014q4/bin/../lib/gcc/arm-none-eabi/4.9.3/../../../../arm-none-eabi/lib/armv7-m\libm.a(lib_a-s_atan.o)
                              ..\obj\quat.o (atan)
c:/program files (x86)/gnu tools arm embedded/4.9 2014q4/bin/../lib/gcc/arm-none-eabi/4.9.3/../../../../arm-none-eabi/lib/armv7-m\libm.a(lib_a-s_cos.o)
                              ..\obj\control.o (cos)
c:/program files (x86)/gnu tools arm embedded/4.9 2014q4/bin/../lib/gcc/arm-none-eabi/4.9.3/../../../../arm-none-eabi/lib/armv7-m\libm.a(lib_a-s_fabs.o)
                              c:/program files (x86)/gnu tools arm embedded/4.9 2014q4/bin/../lib/gcc/arm-none-eabi/4.9.3/../../../../arm-none-eabi/lib/armv7-m\libm.a(lib_a-s_atan.o) (fabs)
c:/program files (x86)/gnu tools arm embedded/4.9 2014q4/bin/../lib/gcc/arm-none-eabi/4.9.3/../../../../arm-none-eabi/lib/armv7-m\libm.a(lib_a-s_sin.o)
                              ..\obj\control.o (sin)
c:/program files (x86)/gnu tools arm embedded/4.9 2014q4/bin/../lib/gcc/arm-none-eabi/4.9.3/../../../../arm-none-eabi/lib/armv7-m\libm.a(lib_a-sf_cos.o)
                              ..\obj\transformation.o (cosf)
c:/program files (x86)/gnu tools arm embedded/4.9 2014q4/bin/../lib/gcc/arm-none-eabi/4.9.3/../../../../arm-none-eabi/lib/armv7-m\libm.a(lib_a-sf_fpclassify.o)
                              ..\obj\mlink.o (__fpclassifyf)
c:/program files (x86)/gnu tools arm embedded/4.9 2014q4/bin/../lib/gcc/arm-none-eabi/4.9.3/../../../../arm-none-eabi/lib/armv7-m\libm.a(lib_a-sf_sin.o)
                              ..\obj\transformation.o (sinf)
c:/program files (x86)/gnu tools arm embedded/4.9 2014q4/bin/../lib/gcc/arm-none-eabi/4.9.3/../../../../arm-none-eabi/lib/armv7-m\libm.a(lib_a-w_acos.o)
                              ..\obj\quat.o (acos)
c:/program files (x86)/gnu tools arm embedded/4.9 2014q4/bin/../lib/gcc/arm-none-eabi/4.9.3/../../../../arm-none-eabi/lib/armv7-m\libm.a(lib_a-w_asin.o)
                              ..\obj\quat.o (asin)
c:/program files (x86)/gnu tools arm embedded/4.9 2014q4/bin/../lib/gcc/arm-none-eabi/4.9.3/../../../../arm-none-eabi/lib/armv7-m\libm.a(lib_a-w_atan2.o)
                              ..\obj\gps.o (atan2)
c:/program files (x86)/gnu tools arm embedded/4.9 2014q4/bin/../lib/gcc/arm-none-eabi/4.9.3/../../../../arm-none-eabi/lib/armv7-m\libm.a(lib_a-w_pow.o)
                              ..\obj\MS5611.o (pow)
c:/program files (x86)/gnu tools arm embedded/4.9 2014q4/bin/../lib/gcc/arm-none-eabi/4.9.3/../../../../arm-none-eabi/lib/armv7-m\libm.a(lib_a-w_sqrt.o)
                              ..\obj\attitude_tobi_laurens.o (sqrt)
c:/program files (x86)/gnu tools arm embedded/4.9 2014q4/bin/../lib/gcc/arm-none-eabi/4.9.3/../../../../arm-none-eabi/lib/armv7-m\libm.a(lib_a-wf_asin.o)
                              ..\obj\attitude_tobi_laurens.o (asinf)
c:/program files (x86)/gnu tools arm embedded/4.9 2014q4/bin/../lib/gcc/arm-none-eabi/4.9.3/../../../../arm-none-eabi/lib/armv7-m\libm.a(lib_a-wf_atan2.o)
                              ..\obj\hil.o (atan2f)
c:/program files (x86)/gnu tools arm embedded/4.9 2014q4/bin/../lib/gcc/arm-none-eabi/4.9.3/../../../../arm-none-eabi/lib/armv7-m\libm.a(lib_a-wf_sqrt.o)
                              ..\obj\hil.o (sqrtf)
c:/program files (x86)/gnu tools arm embedded/4.9 2014q4/bin/../lib/gcc/arm-none-eabi/4.9.3/../../../../arm-none-eabi/lib/armv7-m\libm.a(lib_a-e_acos.o)
                              c:/program files (x86)/gnu tools arm embedded/4.9 2014q4/bin/../lib/gcc/arm-none-eabi/4.9.3/../../../../arm-none-eabi/lib/armv7-m\libm.a(lib_a-w_acos.o) (__ieee754_acos)
c:/program files (x86)/gnu tools arm embedded/4.9 2014q4/bin/../lib/gcc/arm-none-eabi/4.9.3/../../../../arm-none-eabi/lib/armv7-m\libm.a(lib_a-e_asin.o)
                              c:/program files (x86)/gnu tools arm embedded/4.9 2014q4/bin/../lib/gcc/arm-none-eabi/4.9.3/../../../../arm-none-eabi/lib/armv7-m\libm.a(lib_a-w_asin.o) (__ieee754_asin)
c:/program files (x86)/gnu tools arm embedded/4.9 2014q4/bin/../lib/gcc/arm-none-eabi/4.9.3/../../../../arm-none-eabi/lib/armv7-m\libm.a(lib_a-e_atan2.o)
                              c:/program files (x86)/gnu tools arm embedded/4.9 2014q4/bin/../lib/gcc/arm-none-eabi/4.9.3/../../../../arm-none-eabi/lib/armv7-m\libm.a(lib_a-w_atan2.o) (__ieee754_atan2)
c:/program files (x86)/gnu tools arm embedded/4.9 2014q4/bin/../lib/gcc/arm-none-eabi/4.9.3/../../../../arm-none-eabi/lib/armv7-m\libm.a(lib_a-e_pow.o)
                              c:/program files (x86)/gnu tools arm embedded/4.9 2014q4/bin/../lib/gcc/arm-none-eabi/4.9.3/../../../../arm-none-eabi/lib/armv7-m\libm.a(lib_a-w_pow.o) (__ieee754_pow)
c:/program files (x86)/gnu tools arm embedded/4.9 2014q4/bin/../lib/gcc/arm-none-eabi/4.9.3/../../../../arm-none-eabi/lib/armv7-m\libm.a(lib_a-e_rem_pio2.o)
[...]
Memory Configuration

Name             Origin             Length             Attributes
rom              0x00000000         0x00080000         xr
ram              0x10000000         0x00008000         xrw
ram1             0x2007c000         0x00008000         xrw
*default*        0x00000000         0xffffffff

Linker script and memory map

                0x10008000                _eram = 0x10008000

.text           0x00000000    0x13814
 *(.isr_vector)
 .isr_vector    0x00000000       0xcc ..\obj\startup_LPC17xx.o
                0x00000000                g_pfnVectors
 *(.text*)
 .text.timing_init
                0x000000cc       0x14 ..\obj\timing.o
                0x000000cc                timing_init
 .text.Timer3_init
                0x000000e0       0x54 ..\obj\timing.o
                0x000000e0                Timer3_init
 .text.Timer0_init
                0x00000134       0x44 ..\obj\timing.o
                0x00000134                Timer0_init
 .text.TIMER2_IRQHandler
                0x00000178       0x18 ..\obj\timing.o
                0x00000178                TIMER2_IRQHandler
 .text.Timer2_init
                0x00000190       0x54 ..\obj\timing.o
                0x00000190                Timer2_init
 .text.RIT_IRQHandler
                0x000001e4       0x1c ..\obj\timing.o
                0x000001e4                RIT_IRQHandler
 .text.micros   0x00000200       0x40 ..\obj\timing.o
                0x00000200                micros
 .text.millisbyten
                0x00000240       0x18 ..\obj\timing.o
                0x00000240                millisbyten
 .text.timing   0x00000258      0x170 ..\obj\timing.o
                0x00000258                timing
 .text.sticks   0x000003c8      0x530 ..\obj\control.o
                0x000003c8                sticks
 .text.CS_setup
                0x000008f8       0x40 ..\obj\control.o
                0x000008f8                CS_setup
 .text.modes    0x00000938      0x240 ..\obj\control.o
                0x00000938                modes
 .text.control_system
                0x00000b78      0x970 ..\obj\control.o
                0x00000b78                control_system
 .text.limitI   0x000014e8       0x58 ..\obj\control.o
                0x000014e8                limitI
 .text.constrain_float
                0x00001540       0x3c ..\obj\control.o
                0x00001540                constrain_float
 .text.check_cs_limits
                0x0000157c       0xec ..\obj\control.o
                0x0000157c                check_cs_limits
 .text.check_motor_limits
                0x00001668      0x384 ..\obj\control.o
                0x00001668                check_motor_limits
 *fill*         0x000019ec        0x4 
 .text.altimeter
                0x000019f0      0x3e8 ..\obj\control.o
                0x000019f0                altimeter
 .text.waypoint_save
                0x00001dd8       0x40 ..\obj\waypoint.o
                0x00001dd8                waypoint_save
 .text.nav_generate
                0x00001e18      0xde0 ..\obj\waypoint.o
                0x00001e18                nav_generate
 .text.getPClock
                0x00002bf8       0x58 ..\obj\lpc17xx_timer.o
 .text.converUSecToVal
                0x00002c50       0x44 ..\obj\lpc17xx_timer.o
 .text.converPtrToTimeNum
                0x00002c94       0x60 ..\obj\lpc17xx_timer.o
 .text.TIM_ClearIntPending
                0x00002cf4       0x88 ..\obj\lpc17xx_timer.o
                0x00002cf4                TIM_ClearIntPending
 .text.TIM_Init
                0x00002d7c      0x180 ..\obj\lpc17xx_timer.o
                0x00002d7c                TIM_Init
 .text.TIM_Cmd  0x00002efc       0x6c ..\obj\lpc17xx_timer.o
                0x00002efc                TIM_Cmd
 .text.TIM_ConfigMatch
                0x00002f68      0x184 ..\obj\lpc17xx_timer.o
                0x00002f68                TIM_ConfigMatch
 .text.imu_setup
                0x000030ec       0xdc ..\obj\imu.o
                0x000030ec                imu_setup
 .text.imu_update
                0x000031c8      0x188 ..\obj\imu.o
                0x000031c8                imu_update
 .text.read_sensors
                0x00003350      0x288 ..\obj\imu.o
                0x00003350                read_sensors
 .text.calibrate_imu
                0x000035d8       0x10 ..\obj\imu.o
                0x000035d8                calibrate_imu
 .text.gyro_calibrate
                0x000035e8      0x168 ..\obj\imu.o
                0x000035e8                gyro_calibrate
 .text.mag_calibrate
                0x00003750        0xc ..\obj\imu.o
                0x00003750                mag_calibrate
 .text.CLKPWR_SetPCLKDiv
                0x0000375c       0x8c ..\obj\lpc17xx_clkpwr.o
                0x0000375c                CLKPWR_SetPCLKDiv
 .text.CLKPWR_GetPCLKSEL
                0x000037e8       0x4c ..\obj\lpc17xx_clkpwr.o
                0x000037e8                CLKPWR_GetPCLKSEL
 .text.CLKPWR_GetPCLK
                0x00003834       0x64 ..\obj\lpc17xx_clkpwr.o
                0x00003834                CLKPWR_GetPCLK
 .text.CLKPWR_ConfigPPWR
                0x00003898       0x58 ..\obj\lpc17xx_clkpwr.o
                0x00003898                CLKPWR_ConfigPPWR
 .text.RIT_GetIntStatus
                0x000038f0       0x50 ..\obj\lpc17xx_rit.o
                0x000038f0                RIT_GetIntStatus
 .text.SystemInit
                0x00003940      0x150 ..\obj\system_LPC17xx.o
                0x00003940                SystemInit
 .text.NVIC_SystemReset
                0x00003a90       0x28 ..\obj\mlink.o
 .text.comm_send_ch
                0x00003ab8       0x24 ..\obj\mlink.o
 .text.crc_accumulate
                0x00003adc       0x60 ..\obj\mlink.o
 .text.crc_init
                0x00003b3c       0x1c ..\obj\mlink.o
 .text.crc_calculate
                0x00003b58       0x40 ..\obj\mlink.o
 .text.crc_accumulate_buffer
                0x00003b98       0x34 ..\obj\mlink.o
 .text.mavlink_get_channel_status
                0x00003bcc       0x28 ..\obj\mlink.o
 .text.mavlink_get_channel_buffer
                0x00003bf4       0x28 ..\obj\mlink.o
 .text._mav_finalize_message_chan_send
                0x00003c1c       0xc8 ..\obj\mlink.o
 .text.mavlink_start_checksum
                0x00003ce4       0x18 ..\obj\mlink.o
 .text.mavlink_update_checksum
                0x00003cfc       0x20 ..\obj\mlink.o
 .text.mavlink_parse_char
                0x00003d1c      0x2bc ..\obj\mlink.o
 .text._mavlink_send_uart
                0x00003fd8       0x3c ..\obj\mlink.o
 .text.mav_array_memcpy
                0x00004014       0x30 ..\obj\mlink.o
 .text._MAV_RETURN_uint16_t
                0x00004044       0x24 ..\obj\mlink.o
 .text._MAV_RETURN_int16_t
                0x00004068       0x28 ..\obj\mlink.o
 .text._MAV_RETURN_uint32_t
                0x00004090       0x24 ..\obj\mlink.o
 .text._MAV_RETURN_int32_t
                0x000040b4       0x24 ..\obj\mlink.o
 .text._MAV_RETURN_float
                0x000040d8       0x24 ..\obj\mlink.o
 .text.mavlink_msg_heartbeat_send
                0x000040fc       0x54 ..\obj\mlink.o
 .text.mavlink_msg_set_mode_get_base_mode
                0x00004150       0x1c ..\obj\mlink.o
 .text.mavlink_msg_set_mode_get_custom_mode
                0x0000416c       0x1c ..\obj\mlink.o
 .text.mavlink_msg_param_value_send
                0x00004188       0x50 ..\obj\mlink.o
 .text.mavlink_msg_param_set_decode
                0x000041d8       0x20 ..\obj\mlink.o
 .text.mavlink_msg_global_position_int_get_lat
                0x000041f8       0x1c ..\obj\mlink.o
 .text.mavlink_msg_global_position_int_get_lon
                0x00004214       0x1c ..\obj\mlink.o
 .text.mavlink_msg_global_position_int_get_alt
                0x00004230       0x1c ..\obj\mlink.o
 .text.mavlink_msg_global_position_int_get_relative_alt
                0x0000424c       0x1c ..\obj\mlink.o
 .text.mavlink_msg_global_position_int_get_vx
                0x00004268       0x1c ..\obj\mlink.o
 .text.mavlink_msg_global_position_int_get_vy
                0x00004284       0x1c ..\obj\mlink.o
 .text.mavlink_msg_global_position_int_get_vz
                0x000042a0       0x1c ..\obj\mlink.o
 .text.mavlink_msg_global_position_int_get_hdg
                0x000042bc       0x1c ..\obj\mlink.o
 .text.mavlink_msg_mission_item_send
                0x000042d8       0x84 ..\obj\mlink.o
 .text.mavlink_msg_mission_item_get_seq
                0x0000435c       0x1c ..\obj\mlink.o
 .text.mavlink_msg_mission_item_decode
                0x00004378       0x20 ..\obj\mlink.o
 .text.mavlink_msg_mission_request_send
                0x00004398       0x44 ..\obj\mlink.o
 .text.mavlink_msg_mission_request_get_seq
                0x000043dc       0x1c ..\obj\mlink.o
 .text.mavlink_msg_mission_request_list_decode
                0x000043f8       0x20 ..\obj\mlink.o
 .text.mavlink_msg_mission_count_send
                0x00004418       0x44 ..\obj\mlink.o
 .text.mavlink_msg_mission_count_get_count
                0x0000445c       0x1c ..\obj\mlink.o
 .text.mavlink_msg_mission_count_decode
                0x00004478       0x20 ..\obj\mlink.o
 .text.mavlink_msg_mission_ack_send
                0x00004498       0x44 ..\obj\mlink.o
 .text.mavlink_msg_manual_control_get_x
                0x000044dc       0x1c ..\obj\mlink.o
 .text.mavlink_msg_manual_control_get_y
                0x000044f8       0x1c ..\obj\mlink.o
 .text.mavlink_msg_manual_control_get_z
                0x00004514       0x1c ..\obj\mlink.o
 .text.mavlink_msg_manual_control_get_r
                0x00004530       0x1c ..\obj\mlink.o
 .text.mavlink_msg_command_long_decode
                0x0000454c       0x20 ..\obj\mlink.o
 .text.mavlink_msg_command_ack_send
                0x0000456c       0x34 ..\obj\mlink.o
 .text.mavlink_msg_hil_state_get_roll
                0x000045a0       0x1c ..\obj\mlink.o
 .text.mavlink_msg_hil_state_get_pitch
                0x000045bc       0x1c ..\obj\mlink.o
 .text.mavlink_msg_hil_state_get_yaw
                0x000045d8       0x1c ..\obj\mlink.o
 .text.mavlink_msg_hil_state_get_rollspeed
                0x000045f4       0x1c ..\obj\mlink.o
 .text.mavlink_msg_hil_state_get_pitchspeed
                0x00004610       0x1c ..\obj\mlink.o
 .text.mavlink_msg_hil_state_get_yawspeed
                0x0000462c       0x1c ..\obj\mlink.o
 .text.mavlink_msg_hil_state_get_lat
                0x00004648       0x1c ..\obj\mlink.o
 .text.mavlink_msg_hil_state_get_lon
                0x00004664       0x1c ..\obj\mlink.o
 .text.mavlink_msg_hil_state_get_alt
                0x00004680       0x1c ..\obj\mlink.o
 .text.global_data_reset_param_defaults
                0x0000469c      0xdf0 ..\obj\mlink.o
 .text.mavlink_init
                0x0000548c       0x60 ..\obj\mlink.o
                0x0000548c                mavlink_init
 *fill*         0x000054ec        0x4 
 .text.communication_receive
                0x000054f0      0xba0 ..\obj\mlink.o
                0x000054f0                communication_receive
 .text.communication_queued_send
                0x00006090       0x54 ..\obj\mlink.o
                0x00006090                communication_queued_send
 .text.NVIC_SystemReset
                0x000060e4       0x28 ..\obj\accelerometer_calibration.o
 .text.comm_send_ch
                0x0000610c       0x24 ..\obj\accelerometer_calibration.o
 .text.crc_accumulate
                0x00006130       0x60 ..\obj\accelerometer_calibration.o
 .text.crc_init
                0x00006190       0x1c ..\obj\accelerometer_calibration.o
 .text.crc_calculate
                0x000061ac       0x40 ..\obj\accelerometer_calibration.o
 .text.crc_accumulate_buffer
                0x000061ec       0x34 ..\obj\accelerometer_calibration.o
 .text.mavlink_get_channel_status
                0x00006220       0x28 ..\obj\accelerometer_calibration.o
 .text._mav_finalize_message_chan_send
                0x00006248       0xc8 ..\obj\accelerometer_calibration.o
 .text._mavlink_send_uart
                0x00006310       0x3c ..\obj\accelerometer_calibration.o
 .text.mav_array_memcpy
                0x0000634c       0x30 ..\obj\accelerometer_calibration.o
 .text.mavlink_msg_statustext_send
                0x0000637c       0x40 ..\obj\accelerometer_calibration.o
 .text.do_accel_calibration
                0x000063bc      0x184 ..\obj\accelerometer_calibration.o
                0x000063bc                do_accel_calibration
 .text.calibrate_from_orientation
                0x00006540      0x3d8 ..\obj\accelerometer_calibration.o
                0x00006540                calibrate_from_orientation
 .text.read_accelerometer_avg
                0x00006918       0xe0 ..\obj\accelerometer_calibration.o
                0x00006918                read_accelerometer_avg
 .text.calculate_calibration_values
                0x000069f8      0x160 ..\obj\accelerometer_calibration.o
                0x000069f8                calculate_calibration_values
 .text.mat_invert3
                0x00006b58      0x398 ..\obj\accelerometer_calibration.o
                0x00006b58                mat_invert3
 .text.detect_orientation
                0x00006ef0      0x640 ..\obj\accelerometer_calibration.o
                0x00006ef0                detect_orientation
 .text.detect_orientation_str
                0x00007530       0x24 ..\obj\accelerometer_calibration.o
                0x00007530                detect_orientation_str
 .text.LED_Setup
                0x00007554       0x38 ..\obj\LED_Blink.o
                0x00007554                LED_Setup
 .text.blink    0x0000758c       0x30 ..\obj\LED_Blink.o
                0x0000758c                blink
 .text.GPS_blink
                0x000075bc       0x30 ..\obj\LED_Blink.o
                0x000075bc                GPS_blink
 .text.delay    0x000075ec       0x38 ..\obj\LED_Blink.o
                0x000075ec                delay
 .text.uart_set_divisors
                0x00007624      0x214 ..\obj\lpc17xx_uart.o
 .text.UART_Init
                0x00007838      0x2e4 ..\obj\lpc17xx_uart.o
                0x00007838                UART_Init
 .text.UART_ConfigStructInit
                0x00007b1c       0x2c ..\obj\lpc17xx_uart.o
                0x00007b1c                UART_ConfigStructInit
 .text.UART_FIFOConfig
                0x00007b48      0x158 ..\obj\lpc17xx_uart.o
                0x00007b48                UART_FIFOConfig
 .text.UART_FIFOConfigStructInit
                0x00007ca0       0x2c ..\obj\lpc17xx_uart.o
                0x00007ca0                UART_FIFOConfigStructInit
 .text.UART_TxCmd
                0x00007ccc       0xc8 ..\obj\lpc17xx_uart.o
                0x00007ccc                UART_TxCmd
 .text.ADC_Init
                0x00007d94       0x84 ..\obj\lpc17xx_adc.o
                0x00007d94                ADC_Init
 .text.ADC_StartCmd
                0x00007e18       0x7c ..\obj\lpc17xx_adc.o
                0x00007e18                ADC_StartCmd
 .text.ADC_IntConfig
                0x00007e94       0x98 ..\obj\lpc17xx_adc.o
                0x00007e94                ADC_IntConfig
 .text.ADC_ChannelCmd
                0x00007f2c       0x5c ..\obj\lpc17xx_adc.o
                0x00007f2c                ADC_ChannelCmd
 .text.ADC_ChannelGetData
                0x00007f88       0x48 ..\obj\lpc17xx_adc.o
                0x00007f88                ADC_ChannelGetData
 .text.ADC_ChannelGetStatus
                0x00007fd0       0x7c ..\obj\lpc17xx_adc.o
                0x00007fd0                ADC_ChannelGetStatus
 .text.GPDMA_Init
                0x0000804c       0x70 ..\obj\lpc17xx_gpdma.o
                0x0000804c                GPDMA_Init
 .text.GPDMA_Setup
                0x000080bc      0x308 ..\obj\lpc17xx_gpdma.o
                0x000080bc                GPDMA_Setup
 .text.GPDMA_ChannelCmd
                0x000083c4       0x48 ..\obj\lpc17xx_gpdma.o
                0x000083c4                GPDMA_ChannelCmd
 .text.GPDMA_IntGetStatus
                0x0000840c      0x128 ..\obj\lpc17xx_gpdma.o
                0x0000840c                GPDMA_IntGetStatus
 .text.GPDMA_ClearIntPending
                0x00008534       0x68 ..\obj\lpc17xx_gpdma.o
                0x00008534                GPDMA_ClearIntPending
 .text.NVIC_EnableIRQ
                0x0000859c       0x30 ..\obj\main.o
 .text.NVIC_SetPriority
                0x000085cc       0x54 ..\obj\main.o
 .text.NVIC_SystemReset
                0x00008620       0x28 ..\obj\main.o
 .text.comm_send_ch
                0x00008648       0x24 ..\obj\main.o
 .text.crc_accumulate
                0x0000866c       0x60 ..\obj\main.o
 .text.crc_init
                0x000086cc       0x1c ..\obj\main.o
 .text.crc_calculate
                0x000086e8       0x40 ..\obj\main.o
 .text.crc_accumulate_buffer
                0x00008728       0x34 ..\obj\main.o
 .text.mavlink_get_channel_status
                0x0000875c       0x28 ..\obj\main.o
 .text._mav_finalize_message_chan_send
                0x00008784       0xc8 ..\obj\main.o
 .text._mavlink_send_uart
                0x0000884c       0x3c ..\obj\main.o
 .text.mavlink_msg_heartbeat_send
                0x00008888       0x54 ..\obj\main.o
 .text.mavlink_msg_sys_status_send
                0x000088dc       0x70 ..\obj\main.o
 .text.mavlink_msg_attitude_send
                0x0000894c       0x48 ..\obj\main.o
 .text.mavlink_msg_global_position_int_send
                0x00008994       0x58 ..\obj\main.o
 .text.mavlink_msg_rc_channels_raw_send
                0x000089ec       0x64 ..\obj\main.o
 .text.mavlink_msg_set_quad_motors_setpoint_send
                0x00008a50       0x4c ..\obj\main.o
 .text.mavlink_msg_setpoint_6dof_send
                0x00008a9c       0x4c ..\obj\main.o
 .text.DisconnectPLL0
                0x00008ae8       0x94 ..\obj\main.o
                0x00008ae8                DisconnectPLL0
 .text.watchdog_setup
                0x00008b7c       0x40 ..\obj\main.o
                0x00008b7c                watchdog_setup
 .text.BAT_setup
                0x00008bbc       0x4c ..\obj\main.o
                0x00008bbc                BAT_setup
 .text.BAT_read
                0x00008c08       0xf8 ..\obj\main.o
                0x00008c08                BAT_read
 .text.main     0x00008d00      0x6d8 ..\obj\main.o
                0x00008d00                main
 .text.NVIC_EnableIRQ
                0x000093d8       0x30 ..\obj\comm.o
 .text.NVIC_DisableIRQ
                0x00009408       0x34 ..\obj\comm.o
 .text.NVIC_SetPriority
                0x0000943c       0x54 ..\obj\comm.o
 .text.comm_init
                0x00009490       0x10 ..\obj\comm.o
                0x00009490                comm_init
 .text.uart_gps_dma_init
                0x000094a0       0xb8 ..\obj\comm.o
                0x000094a0                uart_gps_dma_init
 .text.DMA_IRQHandler
                0x00009558      0x14c ..\obj\comm.o
                0x00009558                DMA_IRQHandler
 .text.uart_tel_dma_init
                0x000096a4      0x278 ..\obj\comm.o
                0x000096a4                uart_tel_dma_init
 .text.tel_receive
                0x0000991c       0x78 ..\obj\comm.o
                0x0000991c                tel_receive
 .text.UART_GetReceiveCount
                0x00009994       0x50 ..\obj\comm.o
                0x00009994                UART_GetReceiveCount
 .text.tel_putchar
                0x000099e4       0x38 ..\obj\comm.o
                0x000099e4                tel_putchar
 .text.tel_transmit
                0x00009a1c       0xc8 ..\obj\comm.o
                0x00009a1c                tel_transmit
 .text.check_id
                0x00009ae4       0xb0 ..\obj\chipid.o
                0x00009ae4                check_id
 .text.WDT_SetTimeOut
                0x00009b94      0x138 ..\obj\lpc17xx_wdt.o
 .text.WDT_Init
                0x00009ccc       0x8c ..\obj\lpc17xx_wdt.o
                0x00009ccc                WDT_Init
 .text.WDT_Start
                0x00009d58       0x44 ..\obj\lpc17xx_wdt.o
                0x00009d58                WDT_Start
 .text.WDT_Feed
                0x00009d9c       0x20 ..\obj\lpc17xx_wdt.o
                0x00009d9c                WDT_Feed
 .text.NVIC_SetPriorityGrouping
                0x00009dbc       0x48 ..\obj\motor.o
 .text.NVIC_EnableIRQ
                0x00009e04       0x30 ..\obj\motor.o
 .text.NVIC_SetPriority
                0x00009e34       0x54 ..\obj\motor.o
 .text.PWM_setup
                0x00009e88      0x1f4 ..\obj\motor.o
                0x00009e88                PWM_setup
 .text.Motors_set
                0x0000a07c       0xdc ..\obj\motor.o
                0x0000a07c                Motors_set
 .text.EINT3_IRQHandler
                0x0000a158      0x11c ..\obj\motor.o
                0x0000a158                EINT3_IRQHandler
 .text.EINT1_IRQHandler
                0x0000a274       0x1c ..\obj\motor.o
                0x0000a274                EINT1_IRQHandler
 .text.PPM_setup
                0x0000a290       0xa8 ..\obj\motor.o
                0x0000a290                PPM_setup
 .text.Default_Reset_Handler
                0x0000a338       0x5c ..\obj\startup_LPC17xx.o
                0x0000a338                Default_Reset_Handler
                0x0000a338                Reset_Handler
 .text.Default_Handler
                0x0000a394        0x8 ..\obj\startup_LPC17xx.o
                0x0000a394                DebugMon_Handler
                0x0000a394                I2C0_IRQHandler
                0x0000a394                HardFault_Handler
                0x0000a394                SysTick_Handler
                0x0000a394                USBActivity_IRQHandler
                0x0000a394                PWM1_IRQHandler
                0x0000a394                PendSV_Handler
                0x0000a394                NMI_Handler
                0x0000a394                I2C1_IRQHandler
                0x0000a394                EINT2_IRQHandler
                0x0000a394                UART1_IRQHandler
                0x0000a394                CANActivity_IRQHandler
                0x0000a394                TIMER3_IRQHandler
                0x0000a394                UART0_IRQHandler
                0x0000a394                UsageFault_Handler
                0x0000a394                PLL0_IRQHandler
                0x0000a394                CAN_IRQHandler
                0x0000a394                PLL1_IRQHandler
                0x0000a394                SSP0_IRQHandler
                0x0000a394                I2S_IRQHandler
                0x0000a394                I2C2_IRQHandler
                0x0000a394                RTC_IRQHandler
                0x0000a394                TIMER0_IRQHandler
                0x0000a394                SPI_IRQHandler
                0x0000a394                TIMER1_IRQHandler
                0x0000a394                UART2_IRQHandler
                0x0000a394                ADC_IRQHandler
                0x0000a394                SSP1_IRQHandler
                0x0000a394                USB_IRQHandler
                0x0000a394                BOD_IRQHandler
                0x0000a394                MemManage_Handler
                0x0000a394                WDT_IRQHandler
                0x0000a394                SVC_Handler
                0x0000a394                QEI_IRQHandler
                0x0000a394                EINT0_IRQHandler
                0x0000a394                BusFault_Handler
                0x0000a394                UART3_IRQHandler
                0x0000a394                MCPWM_IRQHandler
                0x0000a394                ENET_IRQHandler
 .text.check_failed
                0x0000a39c        0xc ..\obj\lpc17xx_libcfg_default.o
                0x0000a39c                check_failed
 .text.set_PinFunc
                0x0000a3a8       0x80 ..\obj\lpc17xx_pinsel.o
 .text.set_ResistorMode
                0x0000a428       0x80 ..\obj\lpc17xx_pinsel.o
 .text.set_OpenDrainMode
                0x0000a4a8       0x6c ..\obj\lpc17xx_pinsel.o
 .text.PINSEL_ConfigPin
                0x0000a514       0x50 ..\obj\lpc17xx_pinsel.o
                0x0000a514                PINSEL_ConfigPin
 .text.EXTI_Init
                0x0000a564       0x28 ..\obj\lpc17xx_exti.o
                0x0000a564                EXTI_Init
 .text.EXTI_Config
                0x0000a58c       0x3c ..\obj\lpc17xx_exti.o
                0x0000a58c                EXTI_Config
 .text.EXTI_SetMode
                0x0000a5c8       0x5c ..\obj\lpc17xx_exti.o
                0x0000a5c8                EXTI_SetMode
 .text.EXTI_SetPolarity
                0x0000a624       0x5c ..\obj\lpc17xx_exti.o
                0x0000a624                EXTI_SetPolarity
 .text.EXTI_ClearEXTIFlag
                0x0000a680       0x30 ..\obj\lpc17xx_exti.o
                0x0000a680                EXTI_ClearEXTIFlag
 .text.NVIC_EnableIRQ
                0x0000a6b0       0x30 ..\obj\lpc17xx_i2c.o
 .text.NVIC_DisableIRQ
                0x0000a6e0       0x34 ..\obj\lpc17xx_i2c.o
 .text.I2C_getNum
                0x0000a714       0x48 ..\obj\lpc17xx_i2c.o
 .text.I2C_Start
                0x0000a75c       0x3c ..\obj\lpc17xx_i2c.o
 .text.I2C_Stop
                0x0000a798       0x30 ..\obj\lpc17xx_i2c.o
 .text.I2C_SendByte
                0x0000a7c8       0x4c ..\obj\lpc17xx_i2c.o
 .text.I2C_GetByte
                0x0000a814       0x54 ..\obj\lpc17xx_i2c.o
 .text.I2C_SetClock
                0x0000a868       0xa0 ..\obj\lpc17xx_i2c.o
 .text.I2C_Init
                0x0000a908       0xa4 ..\obj\lpc17xx_i2c.o
                0x0000a908                I2C_Init
 .text.I2C_DeInit
                0x0000a9ac       0x80 ..\obj\lpc17xx_i2c.o
                0x0000a9ac                I2C_DeInit
 .text.I2C_Cmd  0x0000aa2c       0x70 ..\obj\lpc17xx_i2c.o
                0x0000aa2c                I2C_Cmd
 .text.I2C_IntCmd
                0x0000aa9c       0x84 ..\obj\lpc17xx_i2c.o
                0x0000aa9c                I2C_IntCmd
 .text.I2C_MasterTransferData
                0x0000ab20      0x2d8 ..\obj\lpc17xx_i2c.o
                0x0000ab20                I2C_MasterTransferData
 .text.Iconstrain
                0x0000adf8       0x44 ..\obj\gps.o
                0x0000adf8                Iconstrain
 *fill*         0x0000ae3c        0x4 
 .text.navigation
                0x0000ae40      0x860 ..\obj\gps.o
                0x0000ae40                navigation
 .text.i2c_eeprom_init
                0x0000b6a0        0xc ..\obj\i2ceeprom.o
                0x0000b6a0                i2c_eeprom_init
 .text.eeprom_read
                0x0000b6ac       0x20 ..\obj\i2ceeprom.o
                0x0000b6ac                eeprom_read
 .text.eeprom_write
                0x0000b6cc       0x20 ..\obj\i2ceeprom.o
                0x0000b6cc                eeprom_write
 .text.eeprom_write_mid
                0x0000b6ec       0x24 ..\obj\i2ceeprom.o
                0x0000b6ec                eeprom_write_mid
 .text.i2c_lpc_init
                0x0000b710       0x70 ..\obj\i2ceeprom.o
                0x0000b710                i2c_lpc_init
 .text.i2c_lpc_wr_byte
                0x0000b780       0x30 ..\obj\i2ceeprom.o
 .text.i2c_lpc_stop
                0x0000b7b0       0x24 ..\obj\i2ceeprom.o
 .text.i2c_lpc_ctrl
                0x0000b7d4       0x78 ..\obj\i2ceeprom.o
 .text.i2c_lpc_rx_to_buf
                0x0000b84c       0xbc ..\obj\i2ceeprom.o
 .text.i2c_lpc_ask_polling_op
                0x0000b908       0x84 ..\obj\i2ceeprom.o
 .text.m24xx_page_size
                0x0000b98c      0x114 ..\obj\i2ceeprom.o
 .text.m24xx_set_addr
                0x0000baa0      0x1a8 ..\obj\i2ceeprom.o
 .text.i2c_lpc_m24xx_wr
                0x0000bc48       0x9c ..\obj\i2ceeprom.o
 .text.m24xx_write
                0x0000bce4       0xf4 ..\obj\i2ceeprom.o
                0x0000bce4                m24xx_write
 .text.m24xx_read
                0x0000bdd8       0xd4 ..\obj\i2ceeprom.o
                0x0000bdd8                m24xx_read
 .text.PWM_Init
                0x0000beac      0x14c ..\obj\lpc17xx_pwm.o
                0x0000beac                PWM_Init
 .text.PWM_Cmd  0x0000bff8       0x60 ..\obj\lpc17xx_pwm.o
                0x0000bff8                PWM_Cmd
 .text.PWM_CounterCmd
                0x0000c058       0x64 ..\obj\lpc17xx_pwm.o
                0x0000c058                PWM_CounterCmd
 .text.PWM_ResetCounter
                0x0000c0bc       0x40 ..\obj\lpc17xx_pwm.o
                0x0000c0bc                PWM_ResetCounter
 .text.PWM_ConfigMatch
                0x0000c0fc      0x19c ..\obj\lpc17xx_pwm.o
                0x0000c0fc                PWM_ConfigMatch
 .text.PWM_MatchUpdate
                0x0000c298       0xf4 ..\obj\lpc17xx_pwm.o
                0x0000c298                PWM_MatchUpdate
 .text.PWM_ChannelConfig
                0x0000c38c       0xb0 ..\obj\lpc17xx_pwm.o
                0x0000c38c                PWM_ChannelConfig
 .text.PWM_ChannelCmd
                0x0000c43c       0x9c ..\obj\lpc17xx_pwm.o
                0x0000c43c                PWM_ChannelCmd
 .text.invSqrt  0x0000c4d8       0x80 ..\obj\quat.o
                0x0000c4d8                invSqrt
 .text.init_quat
                0x0000c558      0x428 ..\obj\quat.o
                0x0000c558                init_quat
 .text.constrain
                0x0000c980       0x3c ..\obj\quat.o
                0x0000c980                constrain
 *fill*         0x0000c9bc        0x4 
 .text.quat2euler
                0x0000c9c0      0x270 ..\obj\quat.o
                0x0000c9c0                quat2euler
 .text.integrate_gyro
                0x0000cc30      0x8f0 ..\obj\quat.o
                0x0000cc30                integrate_gyro
 .text.earthaccel_1
                0x0000d520      0x9f0 ..\obj\quat.o
                0x0000d520                earthaccel_1
 .text.MPU6050_Initialize
                0x0000df10       0x48 ..\obj\MPU6050.o
                0x0000df10                MPU6050_Initialize
 .text.MPU6050_SetClockSource
                0x0000df58       0x20 ..\obj\MPU6050.o
                0x0000df58                MPU6050_SetClockSource
 .text.MPU6050_SetFullScaleGyroRange
                0x0000df78       0x20 ..\obj\MPU6050.o
                0x0000df78                MPU6050_SetFullScaleGyroRange
 .text.MPU6050_SetFullScaleAccelRange
                0x0000df98       0x20 ..\obj\MPU6050.o
                0x0000df98                MPU6050_SetFullScaleAccelRange
 .text.MPU6050_SetSleepModeStatus
                0x0000dfb8       0x1c ..\obj\MPU6050.o
                0x0000dfb8                MPU6050_SetSleepModeStatus
 .text.MPU6050_WriteBits
                0x0000dfd4       0xa0 ..\obj\MPU6050.o
                0x0000dfd4                MPU6050_WriteBits
 .text.MPU6050_WriteBit
                0x0000e074       0x80 ..\obj\MPU6050.o
                0x0000e074                MPU6050_WriteBit
 .text.MPU6050_I2C_Init
                0x0000e0f4       0x4c ..\obj\MPU6050.o
                0x0000e0f4                MPU6050_I2C_Init
 .text.MPU6050_I2C_ByteWrite
                0x0000e140       0x4c ..\obj\MPU6050.o
                0x0000e140                MPU6050_I2C_ByteWrite
 .text.MPU6050_I2C_BufferRead
                0x0000e18c       0x64 ..\obj\MPU6050.o
                0x0000e18c                MPU6050_I2C_BufferRead
 .text.MPU6050_GetRawAccelGyroMag
                0x0000e1f0      0x15c ..\obj\MPU6050.o
                0x0000e1f0                MPU6050_GetRawAccelGyroMag
 .text.MPU6050_GetRawGyro
                0x0000e34c       0x6c ..\obj\MPU6050.o
                0x0000e34c                MPU6050_GetRawGyro
 .text.MPU6050_GetRawAccel
                0x0000e3b8       0x6c ..\obj\MPU6050.o
                0x0000e3b8                MPU6050_GetRawAccel
 .text.MPU6050_I2C_Reboot
                0x0000e424       0x18 ..\obj\MPU6050.o
                0x0000e424                MPU6050_I2C_Reboot
 *fill*         0x0000e43c        0x4 
 .text.atan     0x0000e440      0x338 c:/program files (x86)/gnu tools arm embedded/4.9 2014q4/bin/../lib/gcc/arm-none-eabi/4.9.3/../../../../arm-none-eabi/lib/armv7-m\libm.a(lib_a-s_atan.o)
                0x0000e440                atan
 .text.cos      0x0000e778       0x90 c:/program files (x86)/gnu tools arm embedded/4.9 2014q4/bin/../lib/gcc/arm-none-eabi/4.9.3/../../../../arm-none-eabi/lib/armv7-m\libm.a(lib_a-s_cos.o)
                0x0000e778                cos
 .text.fabs     0x0000e808        0x8 c:/program files (x86)/gnu tools arm embedded/4.9 2014q4/bin/../lib/gcc/arm-none-eabi/4.9.3/../../../../arm-none-eabi/lib/armv7-m\libm.a(lib_a-s_fabs.o)
                0x0000e808                fabs
 .text.sin      0x0000e810       0x94 c:/program files (x86)/gnu tools arm embedded/4.9 2014q4/bin/../lib/gcc/arm-none-eabi/4.9.3/../../../../arm-none-eabi/lib/armv7-m\libm.a(lib_a-s_sin.o)
                0x0000e810                sin
 .text.cosf     0x0000e8a4       0x6c c:/program files (x86)/gnu tools arm embedded/4.9 2014q4/bin/../lib/gcc/arm-none-eabi/4.9.3/../../../../arm-none-eabi/lib/armv7-m\libm.a(lib_a-sf_cos.o)
                0x0000e8a4                cosf
 .text.__fpclassifyf
                0x0000e910       0x34 c:/program files (x86)/gnu tools arm embedded/4.9 2014q4/bin/../lib/gcc/arm-none-eabi/4.9.3/../../../../arm-none-eabi/lib/armv7-m\libm.a(lib_a-sf_fpclassify.o)
                0x0000e910                __fpclassifyf
 .text.sinf     0x0000e944       0x7c c:/program files (x86)/gnu tools arm embedded/4.9 2014q4/bin/../lib/gcc/arm-none-eabi/4.9.3/../../../../arm-none-eabi/lib/armv7-m\libm.a(lib_a-sf_sin.o)
                0x0000e944                sinf
 .text.asin     0x0000e9c0       0xa8 c:/program files (x86)/gnu tools arm embedded/4.9 2014q4/bin/../lib/gcc/arm-none-eabi/4.9.3/../../../../arm-none-eabi/lib/armv7-m\libm.a(lib_a-w_asin.o)
                0x0000e9c0                asin
 .text.atan2    0x0000ea68        0x4 c:/program files (x86)/gnu tools arm embedded/4.9 2014q4/bin/../lib/gcc/arm-none-eabi/4.9.3/../../../../arm-none-eabi/lib/armv7-m\libm.a(lib_a-w_atan2.o)
                0x0000ea68                atan2
 .text.sqrt     0x0000ea6c       0xac c:/program files (x86)/gnu tools arm embedded/4.9 2014q4/bin/../lib/gcc/arm-none-eabi/4.9.3/../../../../arm-none-eabi/lib/armv7-m\libm.a(lib_a-w_sqrt.o)
                0x0000ea6c                sqrt
 .text.atan2f   0x0000eb18        0x4 c:/program files (x86)/gnu tools arm embedded/4.9 2014q4/bin/../lib/gcc/arm-none-eabi/4.9.3/../../../../arm-none-eabi/lib/armv7-m\libm.a(lib_a-wf_atan2.o)
                0x0000eb18                atan2f
 *fill*         0x0000eb1c        0x4 
 .text.__ieee754_asin
                0x0000eb20      0x460 c:/program files (x86)/gnu tools arm embedded/4.9 2014q4/bin/../lib/gcc/arm-none-eabi/4.9.3/../../../../arm-none-eabi/lib/armv7-m\libm.a(lib_a-e_asin.o)
                0x0000eb20                __ieee754_asin
 .text.__ieee754_atan2
                0x0000ef80      0x1b8 c:/program files (x86)/gnu tools arm embedded/4.9 2014q4/bin/../lib/gcc/arm-none-eabi/4.9.3/../../../../arm-none-eabi/lib/armv7-m\libm.a(lib_a-e_atan2.o)
                0x0000ef80                __ieee754_atan2
 .text.__ieee754_rem_pio2
                0x0000f138      0x428 c:/program files (x86)/gnu tools arm embedded/4.9 2014q4/bin/../lib/gcc/arm-none-eabi/4.9.3/../../../../arm-none-eabi/lib/armv7-m\libm.a(lib_a-e_rem_pio2.o)
                0x0000f138                __ieee754_rem_pio2
 .text.__ieee754_sqrt
                0x0000f560      0x18c c:/program files (x86)/gnu tools arm embedded/4.9 2014q4/bin/../lib/gcc/arm-none-eabi/4.9.3/../../../../arm-none-eabi/lib/armv7-m\libm.a(lib_a-e_sqrt.o)
                0x0000f560                __ieee754_sqrt
 .text.__ieee754_atan2f
                0x0000f6ec      0x120 c:/program files (x86)/gnu tools arm embedded/4.9 2014q4/bin/../lib/gcc/arm-none-eabi/4.9.3/../../../../arm-none-eabi/lib/armv7-m\libm.a(lib_a-ef_atan2.o)
                0x0000f6ec                __ieee754_atan2f
 .text.__ieee754_rem_pio2f
                0x0000f80c      0x2e4 c:/program files (x86)/gnu tools arm embedded/4.9 2014q4/bin/../lib/gcc/arm-none-eabi/4.9.3/../../../../arm-none-eabi/lib/armv7-m\libm.a(lib_a-ef_rem_pio2.o)
                0x0000f80c                __ieee754_rem_pio2f
 .text.__kernel_cos
                0x0000faf0      0x248 c:/program files (x86)/gnu tools arm embedded/4.9 2014q4/bin/../lib/gcc/arm-none-eabi/4.9.3/../../../../arm-none-eabi/lib/armv7-m\libm.a(lib_a-k_cos.o)
                0x0000faf0                __kernel_cos
 .text.__kernel_rem_pio2
                0x0000fd38      0x808 c:/program files (x86)/gnu tools arm embedded/4.9 2014q4/bin/../lib/gcc/arm-none-eabi/4.9.3/../../../../arm-none-eabi/lib/armv7-m\libm.a(lib_a-k_rem_pio2.o)
                0x0000fd38                __kernel_rem_pio2
 .text.__kernel_sin
                0x00010540      0x170 c:/program files (x86)/gnu tools arm embedded/4.9 2014q4/bin/../lib/gcc/arm-none-eabi/4.9.3/../../../../arm-none-eabi/lib/armv7-m\libm.a(lib_a-k_sin.o)
                0x00010540                __kernel_sin
 .text.__kernel_cosf
                0x000106b0      0x188 c:/program files (x86)/gnu tools arm embedded/4.9 2014q4/bin/../lib/gcc/arm-none-eabi/4.9.3/../../../../arm-none-eabi/lib/armv7-m\libm.a(lib_a-kf_cos.o)
                0x000106b0                __kernel_cosf
 .text.__kernel_rem_pio2f
                0x00010838      0x674 c:/program files (x86)/gnu tools arm embedded/4.9 2014q4/bin/../lib/gcc/arm-none-eabi/4.9.3/../../../../arm-none-eabi/lib/armv7-m\libm.a(lib_a-kf_rem_pio2.o)
                0x00010838                __kernel_rem_pio2f
 .text.__kernel_sinf
                0x00010eac       0xec c:/program files (x86)/gnu tools arm embedded/4.9 2014q4/bin/../lib/gcc/arm-none-eabi/4.9.3/../../../../arm-none-eabi/lib/armv7-m\libm.a(lib_a-kf_sin.o)
                0x00010eac                __kernel_sinf
 .text.floor    0x00010f98      0x118 c:/program files (x86)/gnu tools arm embedded/4.9 2014q4/bin/../lib/gcc/arm-none-eabi/4.9.3/../../../../arm-none-eabi/lib/armv7-m\libm.a(lib_a-s_floor.o)
                0x00010f98                floor
 .text.__fpclassifyd
                0x000110b0       0x58 c:/program files (x86)/gnu tools arm embedded/4.9 2014q4/bin/../lib/gcc/arm-none-eabi/4.9.3/../../../../arm-none-eabi/lib/armv7-m\libm.a(lib_a-s_fpclassify.o)
                0x000110b0                __fpclassifyd
 .text.matherr  0x00011108        0x4 c:/program files (x86)/gnu tools arm embedded/4.9 2014q4/bin/../lib/gcc/arm-none-eabi/4.9.3/../../../../arm-none-eabi/lib/armv7-m\libm.a(lib_a-s_matherr.o)
                0x00011108                matherr
 .text.nan      0x0001110c        0xc c:/program files (x86)/gnu tools arm embedded/4.9 2014q4/bin/../lib/gcc/arm-none-eabi/4.9.3/../../../../arm-none-eabi/lib/armv7-m\libm.a(lib_a-s_nan.o)
                0x0001110c                nan
 .text.scalbn   0x00011118       0xf0 c:/program files (x86)/gnu tools arm embedded/4.9 2014q4/bin/../lib/gcc/arm-none-eabi/4.9.3/../../../../arm-none-eabi/lib/armv7-m\libm.a(lib_a-s_scalbn.o)
                0x00011118                scalbn
 .text.atanf    0x00011208      0x22c c:/program files (x86)/gnu tools arm embedded/4.9 2014q4/bin/../lib/gcc/arm-none-eabi/4.9.3/../../../../arm-none-eabi/lib/armv7-m\libm.a(lib_a-sf_atan.o)
                0x00011208                atanf
 .text.fabsf    0x00011434        0x8 c:/program files (x86)/gnu tools arm embedded/4.9 2014q4/bin/../lib/gcc/arm-none-eabi/4.9.3/../../../../arm-none-eabi/lib/armv7-m\libm.a(lib_a-sf_fabs.o)
                0x00011434                fabsf
 .text.floorf   0x0001143c       0x8c c:/program files (x86)/gnu tools arm embedded/4.9 2014q4/bin/../lib/gcc/arm-none-eabi/4.9.3/../../../../arm-none-eabi/lib/armv7-m\libm.a(lib_a-sf_floor.o)
                0x0001143c                floorf
 .text.scalbnf  0x000114c8       0xb0 c:/program files (x86)/gnu tools arm embedded/4.9 2014q4/bin/../lib/gcc/arm-none-eabi/4.9.3/../../../../arm-none-eabi/lib/armv7-m\libm.a(lib_a-sf_scalbn.o)
                0x000114c8                scalbnf
 .text.copysign
                0x00011578       0x10 c:/program files (x86)/gnu tools arm embedded/4.9 2014q4/bin/../lib/gcc/arm-none-eabi/4.9.3/../../../../arm-none-eabi/lib/armv7-m\libm.a(lib_a-s_copysign.o)
                0x00011578                copysign
 .text.copysignf
                0x00011588        0xc c:/program files (x86)/gnu tools arm embedded/4.9 2014q4/bin/../lib/gcc/arm-none-eabi/4.9.3/../../../../arm-none-eabi/lib/armv7-m\libm.a(lib_a-sf_copysign.o)
                0x00011588                copysignf
 .text          0x00011594      0x370 c:/program files (x86)/gnu tools arm embedded/4.9 2014q4/bin/../lib/gcc/arm-none-eabi/4.9.3/armv7-m\libgcc.a(_arm_addsubdf3.o)
                0x00011594                __aeabi_drsub
                0x0001159c                __aeabi_dsub
                0x0001159c                __subdf3
                0x000115a0                __aeabi_dadd
                0x000115a0                __adddf3
                0x00011818                __floatunsidf
                0x00011818                __aeabi_ui2d
                0x00011838                __floatsidf
                0x00011838                __aeabi_i2d
                0x0001185c                __aeabi_f2d
                0x0001185c                __extendsfdf2
                0x00011898                __floatundidf
                0x00011898                __aeabi_ul2d
                0x000118a8                __floatdidf
                0x000118a8                __aeabi_l2d
 .text          0x00011904      0x424 c:/program files (x86)/gnu tools arm embedded/4.9 2014q4/bin/../lib/gcc/arm-none-eabi/4.9.3/armv7-m\libgcc.a(_arm_muldivdf3.o)
                0x00011904                __aeabi_dmul
                0x00011904                __muldf3
                0x00011b58                __divdf3
                0x00011b58                __aeabi_ddiv
 .text          0x00011d28      0x110 c:/program files (x86)/gnu tools arm embedded/4.9 2014q4/bin/../lib/gcc/arm-none-eabi/4.9.3/armv7-m\libgcc.a(_arm_cmpdf2.o)
                0x00011d28                __gtdf2
                0x00011d28                __gedf2
                0x00011d30                __ltdf2
                0x00011d30                __ledf2
                0x00011d38                __nedf2
                0x00011d38                __eqdf2
                0x00011d38                __cmpdf2
                0x00011db4                __aeabi_cdrcmple
                0x00011dc4                __aeabi_cdcmpeq
                0x00011dc4                __aeabi_cdcmple
                0x00011dd4                __aeabi_dcmpeq
                0x00011de8                __aeabi_dcmplt
                0x00011dfc                __aeabi_dcmple
                0x00011e10                __aeabi_dcmpge
                0x00011e24                __aeabi_dcmpgt
 .text          0x00011e38       0x50 c:/program files (x86)/gnu tools arm embedded/4.9 2014q4/bin/../lib/gcc/arm-none-eabi/4.9.3/armv7-m\libgcc.a(_arm_fixdfsi.o)
                0x00011e38                __aeabi_d2iz
                0x00011e38                __fixdfsi
 .text          0x00011e88       0xa0 c:/program files (x86)/gnu tools arm embedded/4.9 2014q4/bin/../lib/gcc/arm-none-eabi/4.9.3/armv7-m\libgcc.a(_arm_truncdfsf2.o)
                0x00011e88                __truncdfsf2
                0x00011e88                __aeabi_d2f
 .text          0x00011f28      0x21c c:/program files (x86)/gnu tools arm embedded/4.9 2014q4/bin/../lib/gcc/arm-none-eabi/4.9.3/armv7-m\libgcc.a(_arm_addsubsf3.o)
                0x00011f28                __aeabi_frsub
                0x00011f30                __subsf3
                0x00011f30                __aeabi_fsub
                0x00011f34                __aeabi_fadd
                0x00011f34                __addsf3
                0x00012094                __aeabi_ui2f
                0x00012094                __floatunsisf
                0x0001209c                __aeabi_i2f
                0x0001209c                __floatsisf
                0x000120b8                __aeabi_ul2f
                0x000120b8                __floatundisf
                0x000120c8                __aeabi_l2f
                0x000120c8                __floatdisf
 .text          0x00012144      0x2a0 c:/program files (x86)/gnu tools arm embedded/4.9 2014q4/bin/../lib/gcc/arm-none-eabi/4.9.3/armv7-m\libgcc.a(_arm_muldivsf3.o)
                0x00012144                __mulsf3
                0x00012144                __aeabi_fmul
                0x000122ac                __aeabi_fdiv
                0x000122ac                __divsf3
 .text          0x000123e4       0xec c:/program files (x86)/gnu tools arm embedded/4.9 2014q4/bin/../lib/gcc/arm-none-eabi/4.9.3/armv7-m\libgcc.a(_arm_cmpsf2.o)
                0x000123e4                __gesf2
                0x000123e4                __gtsf2
                0x000123ec                __lesf2
                0x000123ec                __ltsf2
                0x000123f4                __nesf2
                0x000123f4                __eqsf2
                0x000123f4                __cmpsf2
                0x00012454                __aeabi_cfrcmple
                0x0001245c                __aeabi_cfcmpeq
                0x0001245c                __aeabi_cfcmple
                0x0001246c                __aeabi_fcmpeq
                0x00012480                __aeabi_fcmplt
                0x00012494                __aeabi_fcmple
                0x000124a8                __aeabi_fcmpge
                0x000124bc                __aeabi_fcmpgt
 .text          0x000124d0       0x4c c:/program files (x86)/gnu tools arm embedded/4.9 2014q4/bin/../lib/gcc/arm-none-eabi/4.9.3/armv7-m\libgcc.a(_arm_fixsfsi.o)
                0x000124d0                __aeabi_f2iz
                0x000124d0                __fixsfsi
 .text          0x0001251c       0x40 c:/program files (x86)/gnu tools arm embedded/4.9 2014q4/bin/../lib/gcc/arm-none-eabi/4.9.3/armv7-m\libgcc.a(_arm_fixunssfsi.o)
                0x0001251c                __fixunssfsi
                0x0001251c                __aeabi_f2uiz
 .text.__errno  0x0001255c        0xc c:/program files (x86)/gnu tools arm embedded/4.9 2014q4/bin/../lib/gcc/arm-none-eabi/4.9.3/../../../../arm-none-eabi/lib/armv7-m\libg.a(lib_a-errno.o)
                0x0001255c                __errno
 .text          0x00012568       0xec c:/program files (x86)/gnu tools arm embedded/4.9 2014q4/bin/../lib/gcc/arm-none-eabi/4.9.3/../../../../arm-none-eabi/lib/armv7-m\libg.a(lib_a-memcpy.o)
                0x00012568                memcpy
 .text.memset   0x00012654       0x9c c:/program files (x86)/gnu tools arm embedded/4.9 2014q4/bin/../lib/gcc/arm-none-eabi/4.9.3/../../../../arm-none-eabi/lib/armv7-m\libg.a(lib_a-memset.o)
                0x00012654                memset
 .text.strcat   0x000126f0       0x40 c:/program files (x86)/gnu tools arm embedded/4.9 2014q4/bin/../lib/gcc/arm-none-eabi/4.9.3/../../../../arm-none-eabi/lib/armv7-m\libg.a(lib_a-strcat.o)
                0x000126f0                strcat
 .text.strcpy   0x00012730       0xbc c:/program files (x86)/gnu tools arm embedded/4.9 2014q4/bin/../lib/gcc/arm-none-eabi/4.9.3/../../../../arm-none-eabi/lib/armv7-m\libg.a(lib_a-strcpy.o)
                0x00012730                strcpy
 .text.strlen   0x000127ec       0x5c c:/program files (x86)/gnu tools arm embedded/4.9 2014q4/bin/../lib/gcc/arm-none-eabi/4.9.3/../../../../arm-none-eabi/lib/armv7-m\libg.a(lib_a-strlen.o)
                0x000127ec                strlen
 *(.init)
 *(.fini)
 *crtbegin.o(.ctors)
 *crtbegin?.o(.ctors)
 *(EXCLUDE_FILE(*crtend.o *crtend?.o) .ctors)
 *(SORT(.ctors.*))
 *(.ctors)
 *crtbegin.o(.dtors)
 *crtbegin?.o(.dtors)
 *(EXCLUDE_FILE(*crtend.o *crtend?.o) .dtors)
 *(SORT(.dtors.*))
 *(.dtors)
 *(.rodata*)
 .rodata        0x00012848       0x74 ..\obj\lpc17xx_timer.o
 .rodata        0x000128bc       0x70 ..\obj\lpc17xx_rit.o
 .rodata        0x0001292c      0x39c ..\obj\mlink.o
 .rodata        0x00012cc8      0x170 ..\obj\accelerometer_calibration.o
 .rodata        0x00012e38       0x70 ..\obj\lpc17xx_uart.o
 .rodata        0x00012ea8       0x70 ..\obj\lpc17xx_adc.o
 .rodata        0x00012f18      0x104 ..\obj\lpc17xx_gpdma.o
                0x00012f18                GPDMA_LUTPerAddr
                0x00012f78                GPDMA_LUTPerBurst
                0x00012f90                GPDMA_LUTPerWid
 .rodata        0x0001301c       0x8c ..\obj\chipid.o
 .rodata        0x000130a8       0x70 ..\obj\lpc17xx_wdt.o
 .rodata        0x00013118       0x70 ..\obj\lpc17xx_i2c.o
 .rodata        0x00013188       0x70 ..\obj\lpc17xx_pwm.o
 .rodata.atanlo
                0x000131f8       0x20 c:/program files (x86)/gnu tools arm embedded/4.9 2014q4/bin/../lib/gcc/arm-none-eabi/4.9.3/../../../../arm-none-eabi/lib/armv7-m\libm.a(lib_a-s_atan.o)
 .rodata.atanhi
                0x00013218       0x20 c:/program files (x86)/gnu tools arm embedded/4.9 2014q4/bin/../lib/gcc/arm-none-eabi/4.9.3/../../../../arm-none-eabi/lib/armv7-m\libm.a(lib_a-s_atan.o)
 .rodata.str1.4
                0x00013238        0x5 c:/program files (x86)/gnu tools arm embedded/4.9 2014q4/bin/../lib/gcc/arm-none-eabi/4.9.3/../../../../arm-none-eabi/lib/armv7-m\libm.a(lib_a-w_asin.o)
                                  0xc (size before relaxing)
 *fill*         0x0001323d        0x3 
 .rodata.str1.4
                0x00013240        0x5 c:/program files (x86)/gnu tools arm embedded/4.9 2014q4/bin/../lib/gcc/arm-none-eabi/4.9.3/../../../../arm-none-eabi/lib/armv7-m\libm.a(lib_a-w_sqrt.o)
                                  0x8 (size before relaxing)
 *fill*         0x00013245        0x3 
 .rodata.npio2_hw
                0x00013248       0x80 c:/program files (x86)/gnu tools arm embedded/4.9 2014q4/bin/../lib/gcc/arm-none-eabi/4.9.3/../../../../arm-none-eabi/lib/armv7-m\libm.a(lib_a-e_rem_pio2.o)
 .rodata.two_over_pi
                0x000132c8      0x108 c:/program files (x86)/gnu tools arm embedded/4.9 2014q4/bin/../lib/gcc/arm-none-eabi/4.9.3/../../../../arm-none-eabi/lib/armv7-m\libm.a(lib_a-e_rem_pio2.o)
 .rodata.npio2_hw
                0x000133d0       0x80 c:/program files (x86)/gnu tools arm embedded/4.9 2014q4/bin/../lib/gcc/arm-none-eabi/4.9.3/../../../../arm-none-eabi/lib/armv7-m\libm.a(lib_a-ef_rem_pio2.o)
 .rodata.two_over_pi
                0x00013450      0x318 c:/program files (x86)/gnu tools arm embedded/4.9 2014q4/bin/../lib/gcc/arm-none-eabi/4.9.3/../../../../arm-none-eabi/lib/armv7-m\libm.a(lib_a-ef_rem_pio2.o)
 .rodata.init_jk
                0x00013768       0x10 c:/program files (x86)/gnu tools arm embedded/4.9 2014q4/bin/../lib/gcc/arm-none-eabi/4.9.3/../../../../arm-none-eabi/lib/armv7-m\libm.a(lib_a-k_rem_pio2.o)
 .rodata.PIo2   0x00013778       0x40 c:/program files (x86)/gnu tools arm embedded/4.9 2014q4/bin/../lib/gcc/arm-none-eabi/4.9.3/../../../../arm-none-eabi/lib/armv7-m\libm.a(lib_a-k_rem_pio2.o)
 .rodata.init_jk
                0x000137b8        0xc c:/program files (x86)/gnu tools arm embedded/4.9 2014q4/bin/../lib/gcc/arm-none-eabi/4.9.3/../../../../arm-none-eabi/lib/armv7-m\libm.a(lib_a-kf_rem_pio2.o)
 .rodata.PIo2   0x000137c4       0x2c c:/program files (x86)/gnu tools arm embedded/4.9 2014q4/bin/../lib/gcc/arm-none-eabi/4.9.3/../../../../arm-none-eabi/lib/armv7-m\libm.a(lib_a-kf_rem_pio2.o)
 .rodata.atanlo
                0x000137f0       0x10 c:/program files (x86)/gnu tools arm embedded/4.9 2014q4/bin/../lib/gcc/arm-none-eabi/4.9.3/../../../../arm-none-eabi/lib/armv7-m\libm.a(lib_a-sf_atan.o)
 .rodata.atanhi
                0x00013800       0x10 c:/program files (x86)/gnu tools arm embedded/4.9 2014q4/bin/../lib/gcc/arm-none-eabi/4.9.3/../../../../arm-none-eabi/lib/armv7-m\libm.a(lib_a-sf_atan.o)
 .rodata.str1.4
                0x00013810        0x4 c:/program files (x86)/gnu tools arm embedded/4.9 2014q4/bin/../lib/gcc/arm-none-eabi/4.9.3/../../../../arm-none-eabi/lib/armv7-m\libg.a(lib_a-impure.o)
 *(.eh_fram e*)

.glue_7         0x00013814        0x0
 .glue_7        0x00000000        0x0 linker stubs

.glue_7t        0x00013814        0x0
 .glue_7t       0x00000000        0x0 linker stubs

.vfp11_veneer   0x00013814        0x0
 .vfp11_veneer  0x00000000        0x0 linker stubs

.v4_bx          0x00013814        0x0
 .v4_bx         0x00000000        0x0 linker stubs

.iplt           0x00013814        0x0
 .iplt          0x00000000        0x0 ..\obj\timing.o

.rel.dyn        0x00013814        0x0
 .rel.iplt      0x00000000        0x0 ..\obj\timing.o

.ARM.extab
 *(.ARM.extab* .gnu.linkonce.armextab.*)
                0x00013814                __exidx_start = .

.ARM.exidx
 *(.ARM.exidx* .gnu.linkonce.armexidx.*)
                0x00013814                __exidx_end = .
                0x00013814                __etext = .
                0x00013814                _sidata = __etext

.data           0x10000000      0x4a4 load address 0x00013814
                0x10000000                __data_start__ = .
                0x10000000                _sdata = __data_start__
 *(vtable)
 *(.data*)
 .data          0x10000000        0x8 ..\obj\timing.o
                0x10000000                boscam_pwmus
 .data          0x10000008       0x14 ..\obj\control.o
                0x10000008                AltThrottle
                0x1000000c                HoverThrottle
                0x10000010                HoverStickValue
 .data          0x1000001c        0x4 ..\obj\imu.o
 .data          0x10000020        0x4 ..\obj\system_LPC17xx.o
                0x10000020                SystemCoreClock
 .data          0x10000024       0x1c ..\obj\accelerometer_calibration.o
 .data          0x10000040       0x20 ..\obj\lpc17xx_gpdma.o
                0x10000040                pGPDMACh
 .data          0x10000060        0x4 ..\obj\main.o
                0x10000060                iap_entry
 .data          0x10000064        0xc ..\obj\quat.o
 .data.__fdlib_version
                0x10000070        0x1 c:/program files (x86)/gnu tools arm embedded/4.9 2014q4/bin/../lib/gcc/arm-none-eabi/4.9.3/../../../../arm-none-eabi/lib/armv7-m\libm.a(lib_a-s_lib_ver.o)
                0x10000070                __fdlib_version
 *fill*         0x10000071        0x7 
 .data.impure_data
                0x10000078      0x428 c:/program files (x86)/gnu tools arm embedded/4.9 2014q4/bin/../lib/gcc/arm-none-eabi/4.9.3/../../../../arm-none-eabi/lib/armv7-m\libg.a(lib_a-impure.o)
 .data._impure_ptr
                0x100004a0        0x4 c:/program files (x86)/gnu tools arm embedded/4.9 2014q4/bin/../lib/gcc/arm-none-eabi/4.9.3/../../../../arm-none-eabi/lib/armv7-m\libg.a(lib_a-impure.o)
                0x100004a0                _impure_ptr
                0x100004a4                . = ALIGN (0x4)
                0x100004a4                PROVIDE (__preinit_array_start, .)
 *(.preinit_array)
                0x100004a4                PROVIDE (__preinit_array_end, .)
                0x100004a4                . = ALIGN (0x4)
                0x100004a4                PROVIDE (__init_array_start, .)
 *(SORT(.init_array.*))
 *(.init_array)
                0x100004a4                PROVIDE (__init_array_end, .)
                0x100004a4                . = ALIGN (0x4)
                0x100004a4                PROVIDE (__fini_array_start, .)
 *(SORT(.fini_array.*))
 *(.fini_array)
                0x100004a4                PROVIDE (__fini_array_end, .)
 *(.jcr*)
                0x100004a4                . = ALIGN (0x4)
                0x100004a4                __data_end__ = .
                0x100004a4                _edata = __data_end__

.igot.plt       0x100004a4        0x0 load address 0x00013cb8
 .igot.plt      0x00000000        0x0 ..\obj\timing.o

.bss            0x100004a8     0x22dc load address 0x00013cc0
                0x100004a8                . = ALIGN (0x4)
                0x100004a8                __bss_start__ = .
                0x100004a8                _sbss = __bss_start__
 *(.bss*)
 .bss           0x100004a8       0x28 ..\obj\timing.o
                0x100004a8                Triggerset
                0x100004a9                onehzloopflag
                0x100004aa                hundredhzloopflag
                0x100004ab                fiftyhzloopflag
                0x100004ac                tenhzloopflag
                0x100004ad                twentyhzloopflag
                0x100004ae                fivehzloopflag
                0x100004af                IMUhzloopflag
                0x100004b0                millisnow
                0x100004b4                hundredhzlast
                0x100004b8                onehzlast
                0x100004bc                fiftyhzlast
                0x100004c0                tenhzlast
                0x100004c4                twentyhzlast
                0x100004c8                fivehzlast
                0x100004cc                IMUhzlast
 .bss           0x100004d0       0x90 ..\obj\control.o
                0x100004d0                tablet_armed
                0x100004d1                hil_mode
                0x100004d4                homealt
                0x100004d8                Ialt
                0x100004dc                lastalt
                0x100004e0                vv_target
                0x100004e4                sonar_height
                0x100004e8                Shutdown
                0x100004ec                armcount
                0x100004f0                Low_battery
 .bss           0x10000560        0x3 ..\obj\waypoint.o
                0x10000560                isVideo
                0x10000561                isVideoTest
                0x10000562                isPhotoTest
 *fill*         0x10000563        0x1 
 .bss           0x10000564        0xc ..\obj\imu.o
 .bss           0x10000570      0x580 ..\obj\mlink.o
                0x10000574                mode
                0x10000578                firmware_flash
                0x1000057c                m_parameter_i
 .bss           0x10000af0       0x30 ..\obj\accelerometer_calibration.o
 .bss           0x10000b20       0x34 ..\obj\main.o
 .bss           0x10000b54      0x1c8 ..\obj\comm.o
                0x10000b54                txcount
                0x10000b55                txcountgps
 .bss           0x10000d1c       0x10 ..\obj\motor.o
                0x10000d1c                lowus
                0x10000d20                highus
                0x10000d24                channel_index
 .bss           0x10000d2c       0x34 ..\obj\lpc17xx_i2c.o
 .bss           0x10000d60      0x5e8 ..\obj\gps.o
                0x10000d60                MissionComplete
                0x10000d61                WPtimeout
                0x10000d62                Takeoff
                0x10000d63                Landing
                0x10000d64                OptitrackX
                0x10000d68                OptitrackY
                0x10000d6c                OptitrackZ
                0x10000d70                OptitrackError
                0x10000d74                OptitrackVx
                0x10000d78                OptitrackVy
                0x10000d7c                OptitrackVz
                0x10000d80                OptitrackHeading
                0x10000d84                nroll
                0x10000d88                npitch
 .bss           0x10001348       0x7c ..\obj\quat.o
                0x10001348                accvel
                0x1000134c                accvel1
                0x10001350                accvel2
 *(COMMON)
 COMMON         0x100013c4      0x7e8 ..\obj\timing.o
                0x100013c4                WP
                0x10001b94                RC_YSENSE
                0x10001b98                mavlink_system
                0x10001ba0                RC_ASENSE
                0x10001ba4                RC_SENSE
                0x10001ba8                RC_GSENSE
 COMMON         0x10001bac       0x80 ..\obj\control.o
                0x10001bac                rc
                0x10001bb4                targetnav
                0x10001bd4                cs
                0x10001be4                nav
                0x10001c04                RCmode
                0x10001c08                home
                0x10001c28                CommMode
 COMMON         0x10001c2c       0xac ..\obj\imu.o
                0x10001c2c                gyro_off
                0x10001c34                imu
                0x10001c4c                accel_off_f
                0x10001c58                gyro_imu
                0x10001c60                mag_imu
                0x10001c68                cstarget
                0x10001c80                acc_old
                0x10001c8c                accel_imu
                0x10001c94                accel_imu_f
                0x10001ca0                mag_off
                0x10001ca6                x_accel_raw
                0x10001ca8                y_accel_raw
                0x10001cac                accel_scale
                0x10001cb8                Commtarget
                0x10001cd0                accel_off
                0x10001cd6                z_accel_raw
 COMMON         0x10001cd8      0x538 ..\obj\mlink.o
                0x10001cd8                FIELD_BREADTH
                0x10001cdc                ILIMIT_XY
                0x10001ce0                ILIMIT_Y
                0x10001ce4                FIELD_LENGTH
                0x10001ce8                MOTOR_MAX
                0x10001cec                mavlink_status
                0x10001d0c                MagoffZ
                0x10001d10                IMU_HZ
                0x10001d14                IMU_RATIO
                0x10001d18                Ki
                0x10001d1c                ACCWEIGHT
                0x10001d20                Kiy
                0x10001d24                IMU_GAIN
                0x10001d28                GyrooffY
                0x10001d2c                AccoffX
                0x10001d30                ILIMIT_RP
                0x10001d34                AccoffZ
                0x10001d38                HW_PROGRAM
                0x10001d3c                Kpy
                0x10001d40                Kpn
                0x10001d44                global_data
                0x10002190                MISC_DEC
                0x10002194                Kdn
                0x10002198                RC_PARAM_MAXL
                0x1000219c                MagoffX
                0x100021a0                FIELD_GRIDX
                0x100021a4                Kda
                0x100021a8                GyrooffZ
                0x100021ac                RC_PARAM_MINR
                0x100021b0                ILIMIT_TILT
                0x100021b4                MagoffY
                0x100021b8                Kia
                0x100021bc                Kdy
                0x100021c0                RC_PARAM_IDXR
                0x100021c4                FIELD_GEN
                0x100021c8                RC_PARAM_IDXL
                0x100021cc                RC_PARAM_MAXR
                0x100021d0                FIELD_GRIDY
                0x100021d4                FIELD_WPTIME
                0x100021d8                Kd
                0x100021dc                FIELD_ALT
                0x100021e0                MISC_HOVALT
                0x100021e4                FIELD_WPRADIUS
                0x100021e8                MISC_NAVALT
                0x100021ec                ILIMIT_ALT
                0x100021f0                MISC_MISSION_SIZE
                0x100021f4                Kin
                0x100021f8                Kp
                0x100021fc                GyrooffX
                0x10002200                RC_PARAM_MINL
                0x10002204                AccoffY
                0x10002208                Kpa
                0x1000220c                MOTOR_MIN
 COMMON         0x10002210       0x28 ..\obj\main.o
                0x10002210                command
                0x10002224                result
 COMMON         0x10002238       0x80 ..\obj\ublox.o
                0x10002238                _new_position
                0x10002239                _disable_counter
                0x1000223a                _class
                0x1000223b                ck_b
                0x1000223c                GPS
                0x10002270                _buffer
                0x100022ac                _payload_length
                0x100022ae                next_fix
                0x100022af                _step
                0x100022b0                _payload_counter
                0x100022b2                _ck_a
                0x100022b3                _msg_id
                0x100022b4                ck_a
                0x100022b5                _new_speed
                0x100022b6                _ck_b
                0x100022b7                _fix_count
 COMMON         0x100022b8      0x404 ..\obj\comm.o
                0x100022b8                Channel3_Err
                0x100022bc                Channel1_TC
                0x100022c0                Channel0_TC
                0x100022c4                dst_adr_read_last
                0x100022c8                Channel3_TC
                0x100022cc                tx_bufgps
                0x10002394                Channel0_Err
                0x10002398                dst_adr_read_lastgps
                0x1000239c                Channel1_Err
                0x100023a0                rx_buf
                0x1000249c                rx_bufgps
                0x10002598                tx_buf
                0x10002694                rxdmagps
                0x100026a4                Channel2_TC
                0x100026a8                Channel2_Err
                0x100026ac                rxdma
 COMMON         0x100026bc       0x1c ..\obj\motor.o
                0x100026bc                motors
                0x100026c8                channel
 COMMON         0x100026d8        0x1 ..\obj\gps.o
                0x100026d8                OptitrackTracking
 *fill*         0x100026d9        0x3 
 COMMON         0x100026dc       0xa8 ..\obj\quat.o
                0x100026dc                acc
                0x100026e8                a_pitch
                0x100026ec                attitude
                0x100026f8                AY_E
                0x100026fc                AZ_E
                0x10002700                qj
                0x10002710                gyro
                0x1000271c                INS
                0x10002734                a_yaw
                0x10002738                AX_E
                0x1000273c                acc_attitude
                0x10002748                yaw
                0x1000274c                a_roll
                0x10002750                pitch
                0x10002754                roll
                0x10002758                qa
                0x10002768                q
                0x10002778                mag
                0x10002784                . = ALIGN (0x4)
                0x10002784                __bss_end__ = .
                0x10002784                _ebss = __bss_end__

.heap           0x10002784        0x0
                0x10002784                __end__ = .
                0x10002784                _end = __end__
                0x10002784                end = __end__
 *(.heap*)
                0x10002784                __HeapLimit = .

.co_stack       0x10002784      0x404 load address 0x00015f9c
                0x10002788                . = ALIGN (0x8)
 *fill*         0x10002784        0x4 
 *(.co_stack .co_stack.*)
 .co_stack      0x10002788      0x400 ..\obj\startup_LPC17xx.o
                0x10002788                pulStack
                0x10008000                __StackTop = (ORIGIN (ram) + 0x8000)
                0x10007bfc                __StackLimit = (__StackTop - SIZEOF (.co_stack))
                0x10008000                PROVIDE (__stack, __StackTop)
                0x00000001                ASSERT ((__StackLimit >= __HeapLimit), region ram  overflowed with stack)
LOAD ..\obj\timing.o
LOAD ..\obj\MS5611.o
LOAD ..\obj\control.o
LOAD ..\obj\waypoint.o
LOAD ..\obj\lpc17xx_timer.o
LOAD ..\obj\imu.o
LOAD ..\obj\core_cm3.o
LOAD ..\obj\param.o
LOAD ..\obj\lpc17xx_clkpwr.o
LOAD ..\obj\lpc17xx_rit.o
LOAD ..\obj\HMC5883L.o
LOAD ..\obj\system_LPC17xx.o
LOAD ..\obj\mlink.o
LOAD ..\obj\accelerometer_calibration.o
LOAD ..\obj\LED_Blink.o
LOAD ..\obj\lpc17xx_uart.o
LOAD ..\obj\lpc17xx_adc.o
LOAD ..\obj\lpc17xx_gpdma.o
LOAD ..\obj\main.o
LOAD ..\obj\ublox.o
LOAD ..\obj\comm.o
LOAD ..\obj\hil.o
LOAD ..\obj\lpc17xx_gpio.o
LOAD ..\obj\chipid.o
LOAD ..\obj\lpc17xx_wdt.o
LOAD ..\obj\motor.o
LOAD ..\obj\attitude_tobi_laurens.o
LOAD ..\obj\startup_LPC17xx.o
LOAD ..\obj\lpc17xx_libcfg_default.o
LOAD ..\obj\lpc17xx_pinsel.o
LOAD ..\obj\lpc17xx_exti.o
LOAD ..\obj\lpc17xx_systick.o
LOAD ..\obj\lpc17xx_i2c.o
LOAD ..\obj\gps.o
LOAD ..\obj\transformation.o
LOAD ..\obj\i2ceeprom.o
LOAD ..\obj\lpc17xx_nvic.o
LOAD ..\obj\lpc17xx_pwm.o
LOAD ..\obj\matrix.o
LOAD ..\obj\quat.o
LOAD ..\obj\MPU6050.o
LOAD ..\obj\kalman.o
LOAD c:/program files (x86)/gnu tools arm embedded/4.9 2014q4/bin/../lib/gcc/arm-none-eabi/4.9.3/../../../../arm-none-eabi/lib/armv7-m\libm.a
START GROUP
LOAD c:/program files (x86)/gnu tools arm embedded/4.9 2014q4/bin/../lib/gcc/arm-none-eabi/4.9.3/armv7-m\libgcc.a
LOAD c:/program files (x86)/gnu tools arm embedded/4.9 2014q4/bin/../lib/gcc/arm-none-eabi/4.9.3/../../../../arm-none-eabi/lib/armv7-m\libg.a
LOAD c:/program files (x86)/gnu tools arm embedded/4.9 2014q4/bin/../lib/gcc/arm-none-eabi/4.9.3/../../../../arm-none-eabi/lib/armv7-m\libc.a
END GROUP
OUTPUT(quad3.elf elf32-littlearm)

.debug_info     0x00000000    0x1314e
 .debug_info    0x00000000      0xb5c ..\obj\timing.o
 .debug_info    0x00000b5c      0xcc5 ..\obj\control.o
 .debug_info    0x00001821      0x733 ..\obj\waypoint.o
 .debug_info    0x00001f54      0x827 ..\obj\lpc17xx_timer.o
 .debug_info    0x0000277b      0x9b2 ..\obj\imu.o
 .debug_info    0x0000312d      0x654 ..\obj\lpc17xx_clkpwr.o
 .debug_info    0x00003781      0x2b0 ..\obj\lpc17xx_rit.o
 .debug_info    0x00003a31      0x4b6 ..\obj\system_LPC17xx.o
 .debug_info    0x00003ee7     0x23b8 ..\obj\mlink.o
 .debug_info    0x0000629f      0xe5e ..\obj\accelerometer_calibration.o
 .debug_info    0x000070fd      0x407 ..\obj\LED_Blink.o
 .debug_info    0x00007504     0x1070 ..\obj\lpc17xx_uart.o
 .debug_info    0x00008574      0x5de ..\obj\lpc17xx_adc.o
 .debug_info    0x00008b52      0xbf8 ..\obj\lpc17xx_gpdma.o
 .debug_info    0x0000974a     0x1c59 ..\obj\main.o
 .debug_info    0x0000b3a3      0xb10 ..\obj\ublox.o
 .debug_info    0x0000beb3     0x10a1 ..\obj\comm.o
 .debug_info    0x0000cf54       0xb7 ..\obj\chipid.o
 .debug_info    0x0000d00b      0x348 ..\obj\lpc17xx_wdt.o
 .debug_info    0x0000d353      0xb85 ..\obj\motor.o
 .debug_info    0x0000ded8       0xe9 ..\obj\startup_LPC17xx.o
 .debug_info    0x0000dfc1       0xd3 ..\obj\lpc17xx_libcfg_default.o
 .debug_info    0x0000e094      0x46e ..\obj\lpc17xx_pinsel.o
 .debug_info    0x0000e502      0x46f ..\obj\lpc17xx_exti.o
 .debug_info    0x0000e971      0xd08 ..\obj\lpc17xx_i2c.o
 .debug_info    0x0000f679      0xcff ..\obj\gps.o
 .debug_info    0x00010378      0xd8b ..\obj\i2ceeprom.o
 .debug_info    0x00011103      0x7c2 ..\obj\lpc17xx_pwm.o
 .debug_info    0x000118c5      0xee5 ..\obj\quat.o
 .debug_info    0x000127aa      0x9a4 ..\obj\MPU6050.o

.debug_abbrev   0x00000000     0x39ea
 .debug_abbrev  0x00000000      0x2a0 ..\obj\timing.o
 .debug_abbrev  0x000002a0      0x2c5 ..\obj\control.o
 .debug_abbrev  0x00000565      0x1ea ..\obj\waypoint.o
 .debug_abbrev  0x0000074f      0x1f3 ..\obj\lpc17xx_timer.o
 .debug_abbrev  0x00000942      0x282 ..\obj\imu.o
 .debug_abbrev  0x00000bc4      0x1c5 ..\obj\lpc17xx_clkpwr.o
 .debug_abbrev  0x00000d89      0x104 ..\obj\lpc17xx_rit.o
 .debug_abbrev  0x00000e8d      0x101 ..\obj\system_LPC17xx.o
 .debug_abbrev  0x00000f8e      0x38c ..\obj\mlink.o
 .debug_abbrev  0x0000131a      0x322 ..\obj\accelerometer_calibration.o
 .debug_abbrev  0x0000163c      0x10f ..\obj\LED_Blink.o
 .debug_abbrev  0x0000174b      0x20c ..\obj\lpc17xx_uart.o
 .debug_abbrev  0x00001957      0x15e ..\obj\lpc17xx_adc.o
 .debug_abbrev  0x00001ab5      0x1d4 ..\obj\lpc17xx_gpdma.o
 .debug_abbrev  0x00001c89      0x396 ..\obj\main.o
 .debug_abbrev  0x0000201f      0x214 ..\obj\ublox.o
 .debug_abbrev  0x00002233      0x2d1 ..\obj\comm.o
 .debug_abbrev  0x00002504       0x8c ..\obj\chipid.o
 .debug_abbrev  0x00002590      0x17b ..\obj\lpc17xx_wdt.o
 .debug_abbrev  0x0000270b      0x1f6 ..\obj\motor.o
 .debug_abbrev  0x00002901       0xa7 ..\obj\startup_LPC17xx.o
 .debug_abbrev  0x000029a8       0x67 ..\obj\lpc17xx_libcfg_default.o
 .debug_abbrev  0x00002a0f      0x13c ..\obj\lpc17xx_pinsel.o
 .debug_abbrev  0x00002b4b      0x127 ..\obj\lpc17xx_exti.o
 .debug_abbrev  0x00002c72      0x274 ..\obj\lpc17xx_i2c.o
 .debug_abbrev  0x00002ee6      0x272 ..\obj\gps.o
 .debug_abbrev  0x00003158      0x27a ..\obj\i2ceeprom.o
 .debug_abbrev  0x000033d2      0x18f ..\obj\lpc17xx_pwm.o
 .debug_abbrev  0x00003561      0x27a ..\obj\quat.o
 .debug_abbrev  0x000037db      0x20f ..\obj\MPU6050.o

.debug_aranges  0x00000000      0xf60
 .debug_aranges
                0x00000000       0x88 ..\obj\timing.o
 .debug_aranges
                0x00000088       0x78 ..\obj\control.o
 .debug_aranges
                0x00000100       0x38 ..\obj\waypoint.o
 .debug_aranges
                0x00000138       0x98 ..\obj\lpc17xx_timer.o
 .debug_aranges
                0x000001d0       0x68 ..\obj\imu.o
 .debug_aranges
                0x00000238       0x58 ..\obj\lpc17xx_clkpwr.o
 .debug_aranges
                0x00000290       0x48 ..\obj\lpc17xx_rit.o
 .debug_aranges
                0x000002d8       0x28 ..\obj\system_LPC17xx.o
 .debug_aranges
                0x00000300      0x200 ..\obj\mlink.o
 .debug_aranges
                0x00000500       0xa8 ..\obj\accelerometer_calibration.o
 .debug_aranges
                0x000005a8       0x38 ..\obj\LED_Blink.o
 .debug_aranges
                0x000005e0      0x100 ..\obj\lpc17xx_uart.o
 .debug_aranges
                0x000006e0       0x80 ..\obj\lpc17xx_adc.o
 .debug_aranges
                0x00000760       0x40 ..\obj\lpc17xx_gpdma.o
 .debug_aranges
                0x000007a0       0xd8 ..\obj\main.o
 .debug_aranges
                0x00000878       0x58 ..\obj\ublox.o
 .debug_aranges
                0x000008d0       0x98 ..\obj\comm.o
 .debug_aranges
                0x00000968       0x20 ..\obj\chipid.o
 .debug_aranges
                0x00000988       0x58 ..\obj\lpc17xx_wdt.o
 .debug_aranges
                0x000009e0       0x58 ..\obj\motor.o
 .debug_aranges
                0x00000a38       0x28 ..\obj\startup_LPC17xx.o
 .debug_aranges
                0x00000a60       0x20 ..\obj\lpc17xx_libcfg_default.o
 .debug_aranges
                0x00000a80       0x48 ..\obj\lpc17xx_pinsel.o
 .debug_aranges
                0x00000ac8       0x48 ..\obj\lpc17xx_exti.o
 .debug_aranges
                0x00000b10       0xd0 ..\obj\lpc17xx_i2c.o
 .debug_aranges
                0x00000be0       0x70 ..\obj\gps.o
 .debug_aranges
                0x00000c50      0x110 ..\obj\i2ceeprom.o
 .debug_aranges
                0x00000d60       0x88 ..\obj\lpc17xx_pwm.o
 .debug_aranges
                0x00000de8       0xa0 ..\obj\quat.o
 .debug_aranges
                0x00000e88       0xd8 ..\obj\MPU6050.o

.debug_ranges   0x00000000      0xdb8
 .debug_ranges  0x00000000       0x78 ..\obj\timing.o
 .debug_ranges  0x00000078       0x68 ..\obj\control.o
 .debug_ranges  0x000000e0       0x28 ..\obj\waypoint.o
 .debug_ranges  0x00000108       0x88 ..\obj\lpc17xx_timer.o
 .debug_ranges  0x00000190       0x58 ..\obj\imu.o
 .debug_ranges  0x000001e8       0x48 ..\obj\lpc17xx_clkpwr.o
 .debug_ranges  0x00000230       0x38 ..\obj\lpc17xx_rit.o
 .debug_ranges  0x00000268       0x18 ..\obj\system_LPC17xx.o
 .debug_ranges  0x00000280      0x1f0 ..\obj\mlink.o
 .debug_ranges  0x00000470       0xd0 ..\obj\accelerometer_calibration.o
 .debug_ranges  0x00000540       0x28 ..\obj\LED_Blink.o
 .debug_ranges  0x00000568       0xf0 ..\obj\lpc17xx_uart.o
 .debug_ranges  0x00000658       0x70 ..\obj\lpc17xx_adc.o
 .debug_ranges  0x000006c8       0x30 ..\obj\lpc17xx_gpdma.o
 .debug_ranges  0x000006f8       0xc8 ..\obj\main.o
 .debug_ranges  0x000007c0       0x48 ..\obj\ublox.o
 .debug_ranges  0x00000808       0x88 ..\obj\comm.o
 .debug_ranges  0x00000890       0x10 ..\obj\chipid.o
 .debug_ranges  0x000008a0       0x48 ..\obj\lpc17xx_wdt.o
 .debug_ranges  0x000008e8       0x48 ..\obj\motor.o
 .debug_ranges  0x00000930       0x18 ..\obj\startup_LPC17xx.o
 .debug_ranges  0x00000948       0x10 ..\obj\lpc17xx_libcfg_default.o
 .debug_ranges  0x00000958       0x38 ..\obj\lpc17xx_pinsel.o
 .debug_ranges  0x00000990       0x38 ..\obj\lpc17xx_exti.o
 .debug_ranges  0x000009c8       0xc0 ..\obj\lpc17xx_i2c.o
 .debug_ranges  0x00000a88       0x60 ..\obj\gps.o
 .debug_ranges  0x00000ae8      0x100 ..\obj\i2ceeprom.o
 .debug_ranges  0x00000be8       0x78 ..\obj\lpc17xx_pwm.o
 .debug_ranges  0x00000c60       0x90 ..\obj\quat.o
 .debug_ranges  0x00000cf0       0xc8 ..\obj\MPU6050.o

.debug_line     0x00000000     0xa18c
 .debug_line    0x00000000      0x640 ..\obj\timing.o
 .debug_line    0x00000640      0x7fa ..\obj\control.o
 .debug_line    0x00000e3a      0x65e ..\obj\waypoint.o
 .debug_line    0x00001498      0x606 ..\obj\lpc17xx_timer.o
 .debug_line    0x00001a9e      0x64c ..\obj\imu.o
 .debug_line    0x000020ea      0x399 ..\obj\lpc17xx_clkpwr.o
 .debug_line    0x00002483      0x364 ..\obj\lpc17xx_rit.o
 .debug_line    0x000027e7      0x248 ..\obj\system_LPC17xx.o
 .debug_line    0x00002a2f      0xe0c ..\obj\mlink.o
 .debug_line    0x0000383b      0x87a ..\obj\accelerometer_calibration.o
 .debug_line    0x000040b5      0x274 ..\obj\LED_Blink.o
 .debug_line    0x00004329      0x96d ..\obj\lpc17xx_uart.o
 .debug_line    0x00004c96      0x497 ..\obj\lpc17xx_adc.o
 .debug_line    0x0000512d      0x3ea ..\obj\lpc17xx_gpdma.o
 .debug_line    0x00005517      0xa05 ..\obj\main.o
 .debug_line    0x00005f1c      0x50b ..\obj\ublox.o
 .debug_line    0x00006427      0x539 ..\obj\comm.o
 .debug_line    0x00006960       0xc3 ..\obj\chipid.o
 .debug_line    0x00006a23      0x3bd ..\obj\lpc17xx_wdt.o
 .debug_line    0x00006de0      0x46f ..\obj\motor.o
 .debug_line    0x0000724f       0xc6 ..\obj\startup_LPC17xx.o
 .debug_line    0x00007315      0x174 ..\obj\lpc17xx_libcfg_default.o
 .debug_line    0x00007489      0x32d ..\obj\lpc17xx_pinsel.o
 .debug_line    0x000077b6      0x306 ..\obj\lpc17xx_exti.o
 .debug_line    0x00007abc      0x75e ..\obj\lpc17xx_i2c.o
 .debug_line    0x0000821a      0x679 ..\obj\gps.o
 .debug_line    0x00008893      0x66a ..\obj\i2ceeprom.o
 .debug_line    0x00008efd      0x61f ..\obj\lpc17xx_pwm.o
 .debug_line    0x0000951c      0x72f ..\obj\quat.o
 .debug_line    0x00009c4b      0x541 ..\obj\MPU6050.o

.debug_str      0x00000000     0x6deb
 .debug_str     0x00000000      0x8dc ..\obj\timing.o
                                0x991 (size before relaxing)
 .debug_str     0x000008dc      0x4a6 ..\obj\control.o
                                0x735 (size before relaxing)
 .debug_str     0x00000d82      0x463 ..\obj\waypoint.o
                                0x79c (size before relaxing)
 .debug_str     0x000011e5      0x2c9 ..\obj\lpc17xx_timer.o
                                0x65a (size before relaxing)
 .debug_str     0x000014ae      0x33d ..\obj\imu.o
                                0x629 (size before relaxing)
 .debug_str     0x000017eb      0x297 ..\obj\lpc17xx_clkpwr.o
                                0x44e (size before relaxing)
 .debug_str     0x00001a82       0xed ..\obj\lpc17xx_rit.o
                                0x2b4 (size before relaxing)
 .debug_str     0x00001b6f       0x8b ..\obj\system_LPC17xx.o
                                0x387 (size before relaxing)
 .debug_str     0x00001bfa     0x15b6 ..\obj\mlink.o
                               0x1fe5 (size before relaxing)
 .debug_str     0x000031b0      0x445 ..\obj\accelerometer_calibration.o
                                0xadd (size before relaxing)
 .debug_str     0x000035f5      0x1ae ..\obj\LED_Blink.o
                                0x325 (size before relaxing)
 .debug_str     0x000037a3      0x9c9 ..\obj\lpc17xx_uart.o
                                0xbfa (size before relaxing)
 .debug_str     0x0000416c      0x39a ..\obj\lpc17xx_adc.o
                                0x566 (size before relaxing)
 .debug_str     0x00004506      0x460 ..\obj\lpc17xx_gpdma.o
                                0x75c (size before relaxing)
 .debug_str     0x00004966      0x34c ..\obj\main.o
                               0x1505 (size before relaxing)
 .debug_str     0x00004cb2      0x596 ..\obj\ublox.o
                                0x90e (size before relaxing)
 .debug_str     0x00005248      0x25e ..\obj\comm.o
                                0xaf5 (size before relaxing)
 .debug_str     0x000054a6       0x6f ..\obj\chipid.o
                                0x10c (size before relaxing)
 .debug_str     0x00005515      0x168 ..\obj\lpc17xx_wdt.o
                                0x36b (size before relaxing)
 .debug_str     0x0000567d      0x322 ..\obj\motor.o
                                0x863 (size before relaxing)
 .debug_str     0x0000599f       0xd4 ..\obj\startup_LPC17xx.o
                                0x16b (size before relaxing)
 .debug_str     0x00005a73       0x91 ..\obj\lpc17xx_libcfg_default.o
                                0x1bc (size before relaxing)
 .debug_str     0x00005b04      0x25c ..\obj\lpc17xx_pinsel.o
                                0x421 (size before relaxing)
 .debug_str     0x00005d60       0xcc ..\obj\lpc17xx_exti.o
                                0x482 (size before relaxing)
 .debug_str     0x00005e2c      0x366 ..\obj\lpc17xx_i2c.o
                                0x908 (size before relaxing)
 .debug_str     0x00006192      0x133 ..\obj\gps.o
                                0x8e1 (size before relaxing)
 .debug_str     0x000062c5      0x2e1 ..\obj\i2ceeprom.o
                                0x604 (size before relaxing)
 .debug_str     0x000065a6      0x2ed ..\obj\lpc17xx_pwm.o
                                0x665 (size before relaxing)
 .debug_str     0x00006893      0x28f ..\obj\quat.o
                                0x57c (size before relaxing)
 .debug_str     0x00006b22      0x2c9 ..\obj\MPU6050.o
                                0x66f (size before relaxing)

.comment        0x00000000       0x70
 .comment       0x00000000       0x70 ..\obj\timing.o
                                 0x71 (size before relaxing)
 .comment       0x00000000       0x71 ..\obj\control.o
 .comment       0x00000000       0x71 ..\obj\waypoint.o
 .comment       0x00000000       0x71 ..\obj\lpc17xx_timer.o
 .comment       0x00000000       0x71 ..\obj\imu.o
 .comment       0x00000000       0x71 ..\obj\lpc17xx_clkpwr.o
 .comment       0x00000000       0x71 ..\obj\lpc17xx_rit.o
 .comment       0x00000000       0x71 ..\obj\system_LPC17xx.o
 .comment       0x00000000       0x71 ..\obj\mlink.o
 .comment       0x00000000       0x71 ..\obj\accelerometer_calibration.o
 .comment       0x00000000       0x71 ..\obj\LED_Blink.o
 .comment       0x00000000       0x71 ..\obj\lpc17xx_uart.o
 .comment       0x00000000       0x71 ..\obj\lpc17xx_adc.o
 .comment       0x00000000       0x71 ..\obj\lpc17xx_gpdma.o
 .comment       0x00000000       0x71 ..\obj\main.o
 .comment       0x00000000       0x71 ..\obj\ublox.o
 .comment       0x00000000       0x71 ..\obj\comm.o
 .comment       0x00000000       0x71 ..\obj\chipid.o
 .comment       0x00000000       0x71 ..\obj\lpc17xx_wdt.o
 .comment       0x00000000       0x71 ..\obj\motor.o
 .comment       0x00000000       0x71 ..\obj\startup_LPC17xx.o
 .comment       0x00000000       0x71 ..\obj\lpc17xx_libcfg_default.o
 .comment       0x00000000       0x71 ..\obj\lpc17xx_pinsel.o
 .comment       0x00000000       0x71 ..\obj\lpc17xx_exti.o
 .comment       0x00000000       0x71 ..\obj\lpc17xx_i2c.o
 .comment       0x00000000       0x71 ..\obj\gps.o
 .comment       0x00000000       0x71 ..\obj\i2ceeprom.o
 .comment       0x00000000       0x71 ..\obj\lpc17xx_pwm.o
 .comment       0x00000000       0x71 ..\obj\quat.o
 .comment       0x00000000       0x71 ..\obj\MPU6050.o

.ARM.attributes
                0x00000000       0x31
 .ARM.attributes
                0x00000000       0x33 ..\obj\timing.o
 .ARM.attributes
                0x00000033       0x33 ..\obj\control.o
 .ARM.attributes
                0x00000066       0x33 ..\obj\waypoint.o
 .ARM.attributes
                0x00000099       0x33 ..\obj\lpc17xx_timer.o
 .ARM.attributes
                0x000000cc       0x33 ..\obj\imu.o
 .ARM.attributes
                0x000000ff       0x33 ..\obj\lpc17xx_clkpwr.o
 .ARM.attributes
                0x00000132       0x33 ..\obj\lpc17xx_rit.o
 .ARM.attributes
                0x00000165       0x33 ..\obj\system_LPC17xx.o
 .ARM.attributes
                0x00000198       0x33 ..\obj\mlink.o
 .ARM.attributes
                0x000001cb       0x33 ..\obj\accelerometer_calibration.o
 .ARM.attributes
                0x000001fe       0x33 ..\obj\LED_Blink.o
 .ARM.attributes
                0x00000231       0x33 ..\obj\lpc17xx_uart.o
 .ARM.attributes
                0x00000264       0x33 ..\obj\lpc17xx_adc.o
 .ARM.attributes
                0x00000297       0x33 ..\obj\lpc17xx_gpdma.o
 .ARM.attributes
                0x000002ca       0x33 ..\obj\main.o
 .ARM.attributes
                0x000002fd       0x33 ..\obj\ublox.o
 .ARM.attributes
                0x00000330       0x33 ..\obj\comm.o
 .ARM.attributes
                0x00000363       0x33 ..\obj\chipid.o
 .ARM.attributes
                0x00000396       0x33 ..\obj\lpc17xx_wdt.o
 .ARM.attributes
                0x000003c9       0x33 ..\obj\motor.o
 .ARM.attributes
                0x000003fc       0x33 ..\obj\startup_LPC17xx.o
 .ARM.attributes
                0x0000042f       0x33 ..\obj\lpc17xx_libcfg_default.o
 .ARM.attributes
                0x00000462       0x33 ..\obj\lpc17xx_pinsel.o
 .ARM.attributes
                0x00000495       0x33 ..\obj\lpc17xx_exti.o
 .ARM.attributes
                0x000004c8       0x33 ..\obj\lpc17xx_i2c.o
 .ARM.attributes
                0x000004fb       0x33 ..\obj\gps.o
 .ARM.attributes
                0x0000052e       0x33 ..\obj\i2ceeprom.o
 .ARM.attributes
                0x00000561       0x33 ..\obj\lpc17xx_pwm.o
 .ARM.attributes
                0x00000594       0x33 ..\obj\quat.o
 .ARM.attributes
                0x000005c7       0x33 ..\obj\MPU6050.o
 .ARM.attributes
                0x000005fa       0x2d c:/program files (x86)/gnu tools arm embedded/4.9 2014q4/bin/../lib/gcc/arm-none-eabi/4.9.3/../../../../arm-none-eabi/lib/armv7-m\libm.a(lib_a-s_atan.o)
 .ARM.attributes
                0x00000627       0x2d c:/program files (x86)/gnu tools arm embedded/4.9 2014q4/bin/../lib/gcc/arm-none-eabi/4.9.3/../../../../arm-none-eabi/lib/armv7-m\libm.a(lib_a-s_cos.o)
 .ARM.attributes
                0x00000654       0x2d c:/program files (x86)/gnu tools arm embedded/4.9 2014q4/bin/../lib/gcc/arm-none-eabi/4.9.3/../../../../arm-none-eabi/lib/armv7-m\libm.a(lib_a-s_fabs.o)
 .ARM.attributes
                0x00000681       0x2d c:/program files (x86)/gnu tools arm embedded/4.9 2014q4/bin/../lib/gcc/arm-none-eabi/4.9.3/../../../../arm-none-eabi/lib/armv7-m\libm.a(lib_a-s_sin.o)
 .ARM.attributes
                0x000006ae       0x2d c:/program files (x86)/gnu tools arm embedded/4.9 2014q4/bin/../lib/gcc/arm-none-eabi/4.9.3/../../../../arm-none-eabi/lib/armv7-m\libm.a(lib_a-sf_cos.o)
 .ARM.attributes
                0x000006db       0x2d c:/program files (x86)/gnu tools arm embedded/4.9 2014q4/bin/../lib/gcc/arm-none-eabi/4.9.3/../../../../arm-none-eabi/lib/armv7-m\libm.a(lib_a-sf_fpclassify.o)
 .ARM.attributes
                0x00000708       0x2d c:/program files (x86)/gnu tools arm embedded/4.9 2014q4/bin/../lib/gcc/arm-none-eabi/4.9.3/../../../../arm-none-eabi/lib/armv7-m\libm.a(lib_a-sf_sin.o)
 .ARM.attributes
                0x00000735       0x2d c:/program files (x86)/gnu tools arm embedded/4.9 2014q4/bin/../lib/gcc/arm-none-eabi/4.9.3/../../../../arm-none-eabi/lib/armv7-m\libm.a(lib_a-w_asin.o)
 .ARM.attributes
                0x00000762       0x2d c:/program files (x86)/gnu tools arm embedded/4.9 2014q4/bin/../lib/gcc/arm-none-eabi/4.9.3/../../../../arm-none-eabi/lib/armv7-m\libm.a(lib_a-w_atan2.o)
 .ARM.attributes
                0x0000078f       0x2d c:/program files (x86)/gnu tools arm embedded/4.9 2014q4/bin/../lib/gcc/arm-none-eabi/4.9.3/../../../../arm-none-eabi/lib/armv7-m\libm.a(lib_a-w_sqrt.o)
 .ARM.attributes
                0x000007bc       0x2d c:/program files (x86)/gnu tools arm embedded/4.9 2014q4/bin/../lib/gcc/arm-none-eabi/4.9.3/../../../../arm-none-eabi/lib/armv7-m\libm.a(lib_a-wf_atan2.o)
 .ARM.attributes
                0x000007e9       0x2d c:/program files (x86)/gnu tools arm embedded/4.9 2014q4/bin/../lib/gcc/arm-none-eabi/4.9.3/../../../../arm-none-eabi/lib/armv7-m\libm.a(lib_a-e_asin.o)
 .ARM.attributes
                0x00000816       0x2d c:/program files (x86)/gnu tools arm embedded/4.9 2014q4/bin/../lib/gcc/arm-none-eabi/4.9.3/../../../../arm-none-eabi/lib/armv7-m\libm.a(lib_a-e_atan2.o)
 .ARM.attributes
                0x00000843       0x2d c:/program files (x86)/gnu tools arm embedded/4.9 2014q4/bin/../lib/gcc/arm-none-eabi/4.9.3/../../../../arm-none-eabi/lib/armv7-m\libm.a(lib_a-e_rem_pio2.o)
 .ARM.attributes
                0x00000870       0x2d c:/program files (x86)/gnu tools arm embedded/4.9 2014q4/bin/../lib/gcc/arm-none-eabi/4.9.3/../../../../arm-none-eabi/lib/armv7-m\libm.a(lib_a-e_sqrt.o)
 .ARM.attributes
                0x0000089d       0x2d c:/program files (x86)/gnu tools arm embedded/4.9 2014q4/bin/../lib/gcc/arm-none-eabi/4.9.3/../../../../arm-none-eabi/lib/armv7-m\libm.a(lib_a-ef_atan2.o)
 .ARM.attributes
                0x000008ca       0x2d c:/program files (x86)/gnu tools arm embedded/4.9 2014q4/bin/../lib/gcc/arm-none-eabi/4.9.3/../../../../arm-none-eabi/lib/armv7-m\libm.a(lib_a-ef_rem_pio2.o)
 .ARM.attributes
                0x000008f7       0x2d c:/program files (x86)/gnu tools arm embedded/4.9 2014q4/bin/../lib/gcc/arm-none-eabi/4.9.3/../../../../arm-none-eabi/lib/armv7-m\libm.a(lib_a-k_cos.o)
 .ARM.attributes
                0x00000924       0x2d c:/program files (x86)/gnu tools arm embedded/4.9 2014q4/bin/../lib/gcc/arm-none-eabi/4.9.3/../../../../arm-none-eabi/lib/armv7-m\libm.a(lib_a-k_rem_pio2.o)
 .ARM.attributes
                0x00000951       0x2d c:/program files (x86)/gnu tools arm embedded/4.9 2014q4/bin/../lib/gcc/arm-none-eabi/4.9.3/../../../../arm-none-eabi/lib/armv7-m\libm.a(lib_a-k_sin.o)
 .ARM.attributes
                0x0000097e       0x2d c:/program files (x86)/gnu tools arm embedded/4.9 2014q4/bin/../lib/gcc/arm-none-eabi/4.9.3/../../../../arm-none-eabi/lib/armv7-m\libm.a(lib_a-kf_cos.o)
 .ARM.attributes
                0x000009ab       0x2d c:/program files (x86)/gnu tools arm embedded/4.9 2014q4/bin/../lib/gcc/arm-none-eabi/4.9.3/../../../../arm-none-eabi/lib/armv7-m\libm.a(lib_a-kf_rem_pio2.o)
 .ARM.attributes
                0x000009d8       0x2d c:/program files (x86)/gnu tools arm embedded/4.9 2014q4/bin/../lib/gcc/arm-none-eabi/4.9.3/../../../../arm-none-eabi/lib/armv7-m\libm.a(lib_a-kf_sin.o)
 .ARM.attributes
                0x00000a05       0x2d c:/program files (x86)/gnu tools arm embedded/4.9 2014q4/bin/../lib/gcc/arm-none-eabi/4.9.3/../../../../arm-none-eabi/lib/armv7-m\libm.a(lib_a-s_floor.o)
 .ARM.attributes
                0x00000a32       0x2d c:/program files (x86)/gnu tools arm embedded/4.9 2014q4/bin/../lib/gcc/arm-none-eabi/4.9.3/../../../../arm-none-eabi/lib/armv7-m\libm.a(lib_a-s_fpclassify.o)
 .ARM.attributes
                0x00000a5f       0x2d c:/program files (x86)/gnu tools arm embedded/4.9 2014q4/bin/../lib/gcc/arm-none-eabi/4.9.3/../../../../arm-none-eabi/lib/armv7-m\libm.a(lib_a-s_lib_ver.o)
 .ARM.attributes
                0x00000a8c       0x2d c:/program files (x86)/gnu tools arm embedded/4.9 2014q4/bin/../lib/gcc/arm-none-eabi/4.9.3/../../../../arm-none-eabi/lib/armv7-m\libm.a(lib_a-s_matherr.o)
 .ARM.attributes
                0x00000ab9       0x2d c:/program files (x86)/gnu tools arm embedded/4.9 2014q4/bin/../lib/gcc/arm-none-eabi/4.9.3/../../../../arm-none-eabi/lib/armv7-m\libm.a(lib_a-s_nan.o)
 .ARM.attributes
                0x00000ae6       0x2d c:/program files (x86)/gnu tools arm embedded/4.9 2014q4/bin/../lib/gcc/arm-none-eabi/4.9.3/../../../../arm-none-eabi/lib/armv7-m\libm.a(lib_a-s_scalbn.o)
 .ARM.attributes
                0x00000b13       0x2d c:/program files (x86)/gnu tools arm embedded/4.9 2014q4/bin/../lib/gcc/arm-none-eabi/4.9.3/../../../../arm-none-eabi/lib/armv7-m\libm.a(lib_a-sf_atan.o)
 .ARM.attributes
                0x00000b40       0x2d c:/program files (x86)/gnu tools arm embedded/4.9 2014q4/bin/../lib/gcc/arm-none-eabi/4.9.3/../../../../arm-none-eabi/lib/armv7-m\libm.a(lib_a-sf_fabs.o)
 .ARM.attributes
                0x00000b6d       0x2d c:/program files (x86)/gnu tools arm embedded/4.9 2014q4/bin/../lib/gcc/arm-none-eabi/4.9.3/../../../../arm-none-eabi/lib/armv7-m\libm.a(lib_a-sf_floor.o)
 .ARM.attributes
                0x00000b9a       0x2d c:/program files (x86)/gnu tools arm embedded/4.9 2014q4/bin/../lib/gcc/arm-none-eabi/4.9.3/../../../../arm-none-eabi/lib/armv7-m\libm.a(lib_a-sf_scalbn.o)
 .ARM.attributes
                0x00000bc7       0x2d c:/program files (x86)/gnu tools arm embedded/4.9 2014q4/bin/../lib/gcc/arm-none-eabi/4.9.3/../../../../arm-none-eabi/lib/armv7-m\libm.a(lib_a-s_copysign.o)
 .ARM.attributes
                0x00000bf4       0x2d c:/program files (x86)/gnu tools arm embedded/4.9 2014q4/bin/../lib/gcc/arm-none-eabi/4.9.3/../../../../arm-none-eabi/lib/armv7-m\libm.a(lib_a-sf_copysign.o)
 .ARM.attributes
                0x00000c21       0x1d c:/program files (x86)/gnu tools arm embedded/4.9 2014q4/bin/../lib/gcc/arm-none-eabi/4.9.3/armv7-m\libgcc.a(_arm_addsubdf3.o)
 .ARM.attributes
                0x00000c3e       0x1d c:/program files (x86)/gnu tools arm embedded/4.9 2014q4/bin/../lib/gcc/arm-none-eabi/4.9.3/armv7-m\libgcc.a(_arm_muldivdf3.o)
 .ARM.attributes