Archive member included because of file (symbol)

c:/program files/gnu tools arm embedded/4.6 2012q2/bin/../lib/gcc/arm-none-eabi/4.6.2/../../../../arm-none-eabi/lib/armv7-m\libm.a(lib_a-s_atan.o)
                              ..\obj\quat.o (atan)
c:/program files/gnu tools arm embedded/4.6 2012q2/bin/../lib/gcc/arm-none-eabi/4.6.2/../../../../arm-none-eabi/lib/armv7-m\libm.a(lib_a-s_cos.o)
                              ..\obj\gps.o (cos)
c:/program files/gnu tools arm embedded/4.6 2012q2/bin/../lib/gcc/arm-none-eabi/4.6.2/../../../../arm-none-eabi/lib/armv7-m\libm.a(lib_a-s_fabs.o)
                              c:/program files/gnu tools arm embedded/4.6 2012q2/bin/../lib/gcc/arm-none-eabi/4.6.2/../../../../arm-none-eabi/lib/armv7-m\libm.a(lib_a-s_atan.o) (fabs)
c:/program files/gnu tools arm embedded/4.6 2012q2/bin/../lib/gcc/arm-none-eabi/4.6.2/../../../../arm-none-eabi/lib/armv7-m\libm.a(lib_a-s_sin.o)
                              ..\obj\gps.o (sin)
c:/program files/gnu tools arm embedded/4.6 2012q2/bin/../lib/gcc/arm-none-eabi/4.6.2/../../../../arm-none-eabi/lib/armv7-m\libm.a(lib_a-sf_fpclassify.o)
                              ..\obj\mlink.o (__fpclassifyf)
c:/program files/gnu tools arm embedded/4.6 2012q2/bin/../lib/gcc/arm-none-eabi/4.6.2/../../../../arm-none-eabi/lib/armv7-m\libm.a(lib_a-w_acos.o)
                              ..\obj\quat.o (acos)
c:/program files/gnu tools arm embedded/4.6 2012q2/bin/../lib/gcc/arm-none-eabi/4.6.2/../../../../arm-none-eabi/lib/armv7-m\libm.a(lib_a-w_asin.o)
                              ..\obj\quat.o (asin)
c:/program files/gnu tools arm embedded/4.6 2012q2/bin/../lib/gcc/arm-none-eabi/4.6.2/../../../../arm-none-eabi/lib/armv7-m\libm.a(lib_a-w_atan2.o)
                              ..\obj\quat.o (atan2)
c:/program files/gnu tools arm embedded/4.6 2012q2/bin/../lib/gcc/arm-none-eabi/4.6.2/../../../../arm-none-eabi/lib/armv7-m\libm.a(lib_a-w_pow.o)
                              ..\obj\MS5611.o (pow)
c:/program files/gnu tools arm embedded/4.6 2012q2/bin/../lib/gcc/arm-none-eabi/4.6.2/../../../../arm-none-eabi/lib/armv7-m\libm.a(lib_a-w_sqrt.o)
                              ..\obj\quat.o (sqrt)
c:/program files/gnu tools arm embedded/4.6 2012q2/bin/../lib/gcc/arm-none-eabi/4.6.2/../../../../arm-none-eabi/lib/armv7-m\libm.a(lib_a-e_acos.o)
                              c:/program files/gnu tools arm embedded/4.6 2012q2/bin/../lib/gcc/arm-none-eabi/4.6.2/../../../../arm-none-eabi/lib/armv7-m\libm.a(lib_a-w_acos.o) (__ieee754_acos)
c:/program files/gnu tools arm embedded/4.6 2012q2/bin/../lib/gcc/arm-none-eabi/4.6.2/../../../../arm-none-eabi/lib/armv7-m\libm.a(lib_a-e_asin.o)
                              c:/program files/gnu tools arm embedded/4.6 2012q2/bin/../lib/gcc/arm-none-eabi/4.6.2/../../../../arm-none-eabi/lib/armv7-m\libm.a(lib_a-w_asin.o) (__ieee754_asin)
c:/program files/gnu tools arm embedded/4.6 2012q2/bin/../lib/gcc/arm-none-eabi/4.6.2/../../../../arm-none-eabi/lib/armv7-m\libm.a(lib_a-e_atan2.o)
                              c:/program files/gnu tools arm embedded/4.6 2012q2/bin/../lib/gcc/arm-none-eabi/4.6.2/../../../../arm-none-eabi/lib/armv7-m\libm.a(lib_a-w_atan2.o) (__ieee754_atan2)
c:/program files/gnu tools arm embedded/4.6 2012q2/bin/../lib/gcc/arm-none-eabi/4.6.2/../../../../arm-none-eabi/lib/armv7-m\libm.a(lib_a-e_pow.o)
                              c:/program files/gnu tools arm embedded/4.6 2012q2/bin/../lib/gcc/arm-none-eabi/4.6.2/../../../../arm-none-eabi/lib/armv7-m\libm.a(lib_a-w_pow.o) (__ieee754_pow)
c:/program files/gnu tools arm embedded/4.6 2012q2/bin/../lib/gcc/arm-none-eabi/4.6.2/../../../../arm-none-eabi/lib/armv7-m\libm.a(lib_a-e_rem_pio2.o)
                              c:/program files/gnu tools arm embedded/4.6 2012q2/bin/../lib/gcc/arm-none-eabi/4.6.2/../../../../arm-none-eabi/lib/armv7-m\libm.a(lib_a-s_cos.o) (__ieee754_rem_pio2)
c:/program files/gnu tools arm embedded/4.6 2012q2/bin/../lib/gcc/arm-none-eabi/4.6.2/../../../../arm-none-eabi/lib/armv7-m\libm.a(lib_a-e_sqrt.o)
                              c:/program files/gnu tools arm embedded/4.6 2012q2/bin/../lib/gcc/arm-none-eabi/4.6.2/../../../../arm-none-eabi/lib/armv7-m\libm.a(lib_a-w_sqrt.o) (__ieee754_sqrt)
c:/program files/gnu tools arm embedded/4.6 2012q2/bin/../lib/gcc/arm-none-eabi/4.6.2/../../../../arm-none-eabi/lib/armv7-m\libm.a(lib_a-k_cos.o)
                              c:/program files/gnu tools arm embedded/4.6 2012q2/bin/../lib/gcc/arm-none-eabi/4.6.2/../../../../arm-none-eabi/lib/armv7-m\libm.a(lib_a-s_cos.o) (__kernel_cos)
c:/program files/gnu tools arm embedded/4.6 2012q2/bin/../lib/gcc/arm-none-eabi/4.6.2/../../../../arm-none-eabi/lib/armv7-m\libm.a(lib_a-k_rem_pio2.o)
                              c:/program files/gnu tools arm embedded/4.6 2012q2/bin/../lib/gcc/arm-none-eabi/4.6.2/../../../../arm-none-eabi/lib/armv7-m\libm.a(lib_a-e_rem_pio2.o) (__kernel_rem_pio2)
[...]
Memory Configuration

Name             Origin             Length             Attributes
rom              0x00000000         0x00080000         xr
ram              0x10000000         0x00008000         xrw
ram1             0x2007c000         0x00008000         xrw
*default*        0x00000000         0xffffffff

Linker script and memory map

                0x10008000                _eram = 0x10008000

.text           0x00000000    0x13a2c
 *(.isr_vector .isr_vector.*)
 .isr_vector    0x00000000       0xcc ..\obj\startup_LPC17xx.o
                0x00000000                g_pfnVectors
 *(.text .text.* .gnu.linkonce.t.*)
 .text.timing_init
                0x000000cc       0x10 ..\obj\timing.o
                0x000000cc                timing_init
 .text.Timer0_init
                0x000000dc       0x70 ..\obj\timing.o
                0x000000dc                Timer0_init
 .text.TIMER2_IRQHandler
                0x0000014c       0x1c ..\obj\timing.o
                0x0000014c                TIMER2_IRQHandler
 .text.Timer2_init
                0x00000168       0x7c ..\obj\timing.o
                0x00000168                Timer2_init
 .text.RIT_IRQHandler
                0x000001e4       0x20 ..\obj\timing.o
                0x000001e4                RIT_IRQHandler
 .text.millisbyten
                0x00000204       0x14 ..\obj\timing.o
                0x00000204                millisbyten
 .text.timing   0x00000218      0x23c ..\obj\timing.o
                0x00000218                timing
 .text.i2c_MS561101BA_reset
                0x00000454       0x14 ..\obj\MS5611.o
                0x00000454                i2c_MS561101BA_reset
 .text.i2c_MS561101BA_readCalibration
                0x00000468       0x88 ..\obj\MS5611.o
                0x00000468                i2c_MS561101BA_readCalibration
 .text.Baro_init
                0x000004f0       0x20 ..\obj\MS5611.o
                0x000004f0                Baro_init
 .text.i2c_MS561101BA_UT_Start
                0x00000510       0x30 ..\obj\MS5611.o
                0x00000510                i2c_MS561101BA_UT_Start
 .text.i2c_MS561101BA_UP_Start
                0x00000540       0x30 ..\obj\MS5611.o
                0x00000540                i2c_MS561101BA_UP_Start
 .text.i2c_MS561101BA_UP_Read
                0x00000570       0x5c ..\obj\MS5611.o
                0x00000570                i2c_MS561101BA_UP_Read
 .text.i2c_MS561101BA_UT_Read
                0x000005cc       0x5c ..\obj\MS5611.o
                0x000005cc                i2c_MS561101BA_UT_Read
 .text.i2c_MS561101BA_Calculate
                0x00000628      0x160 ..\obj\MS5611.o
                0x00000628                i2c_MS561101BA_Calculate
 .text.Baro_update
                0x00000788      0x2a0 ..\obj\MS5611.o
                0x00000788                Baro_update
 .text.vario    0x00000a28       0x18 ..\obj\MS5611.o
                0x00000a28                vario
 .text.MS561101BA_I2C_ADDRWrite
                0x00000a40       0x64 ..\obj\MS5611.o
                0x00000a40                MS561101BA_I2C_ADDRWrite
 .text.MS561101BA_I2C_BufferRead
                0x00000aa4       0x64 ..\obj\MS5611.o
                0x00000aa4                MS561101BA_I2C_BufferRead
 .text.sticks   0x00000b08      0x8a8 ..\obj\control.o
                0x00000b08                sticks
 .text.CS_setup
                0x000013b0       0x34 ..\obj\control.o
                0x000013b0                CS_setup
 *fill*         0x000013e4        0x4 00
 .text.control_system
                0x000013e8      0x7b8 ..\obj\control.o
                0x000013e8                control_system
 .text.limitI   0x00001ba0       0x7c ..\obj\control.o
                0x00001ba0                limitI
 .text.check_cs_limits
                0x00001c1c      0x1e0 ..\obj\control.o
                0x00001c1c                check_cs_limits
 .text.check_motor_limits
                0x00001dfc      0x3a0 ..\obj\control.o
                0x00001dfc                check_motor_limits
 *fill*         0x0000219c        0x4 00
 .text.altimeter
                0x000021a0      0x3e8 ..\obj\control.o
                0x000021a0                altimeter
 .text.getPClock
                0x00002588       0x68 ..\obj\lpc17xx_timer.o
 .text.converUSecToVal
                0x000025f0       0x4c ..\obj\lpc17xx_timer.o
 .text.converPtrToTimeNum
                0x0000263c       0x6c ..\obj\lpc17xx_timer.o
 .text.TIM_ClearIntPending
                0x000026a8       0xa0 ..\obj\lpc17xx_timer.o
                0x000026a8                TIM_ClearIntPending
 .text.TIM_Init
                0x00002748      0x1cc ..\obj\lpc17xx_timer.o
                0x00002748                TIM_Init
 .text.TIM_Cmd  0x00002914       0x78 ..\obj\lpc17xx_timer.o
                0x00002914                TIM_Cmd
 .text.TIM_ConfigMatch
                0x0000298c      0x1cc ..\obj\lpc17xx_timer.o
                0x0000298c                TIM_ConfigMatch
 .text.imu_setup
                0x00002b58      0x1f0 ..\obj\imu.o
                0x00002b58                imu_setup
 .text.imu_update
                0x00002d48      0x290 ..\obj\imu.o
                0x00002d48                imu_update
 .text.read_sensors
                0x00002fd8      0x388 ..\obj\imu.o
                0x00002fd8                read_sensors
 .text.read_gyros
                0x00003360      0x138 ..\obj\imu.o
                0x00003360                read_gyros
 .text.calibrate_imu
                0x00003498      0x3d4 ..\obj\imu.o
                0x00003498                calibrate_imu
 .text.gyro_calibrate
                0x0000386c      0x1c0 ..\obj\imu.o
                0x0000386c                gyro_calibrate
 .text.CLKPWR_SetPCLKDiv
                0x00003a2c       0xcc ..\obj\lpc17xx_clkpwr.o
                0x00003a2c                CLKPWR_SetPCLKDiv
 .text.CLKPWR_GetPCLKSEL
                0x00003af8       0x54 ..\obj\lpc17xx_clkpwr.o
                0x00003af8                CLKPWR_GetPCLKSEL
 .text.CLKPWR_GetPCLK
                0x00003b4c       0x74 ..\obj\lpc17xx_clkpwr.o
                0x00003b4c                CLKPWR_GetPCLK
 .text.CLKPWR_ConfigPPWR
                0x00003bc0       0x78 ..\obj\lpc17xx_clkpwr.o
                0x00003bc0                CLKPWR_ConfigPPWR
 .text.RIT_GetIntStatus
                0x00003c38       0x60 ..\obj\lpc17xx_rit.o
                0x00003c38                RIT_GetIntStatus
 .text.HMC5883L_Initialize
                0x00003c98       0x30 ..\obj\HMC5883L.o
                0x00003c98                HMC5883L_Initialize
 .text.HMC5883L_SetGain
                0x00003cc8       0x30 ..\obj\HMC5883L.o
                0x00003cc8                HMC5883L_SetGain
 .text.HMC5883L_I2C_ByteWrite
                0x00003cf8       0x5c ..\obj\HMC5883L.o
                0x00003cf8                HMC5883L_I2C_ByteWrite
 .text.SystemInit
                0x00003d54      0x240 ..\obj\system_LPC17xx.o
                0x00003d54                SystemInit
 .text.comm_send_ch
                0x00003f94       0x24 ..\obj\mlink.o
 .text.crc_accumulate
                0x00003fb8       0x68 ..\obj\mlink.o
 .text.crc_init
                0x00004020       0x1c ..\obj\mlink.o
 .text.crc_calculate
                0x0000403c       0x54 ..\obj\mlink.o
 .text.crc_accumulate_buffer
                0x00004090       0x48 ..\obj\mlink.o
 .text.mavlink_get_channel_status
                0x000040d8       0x30 ..\obj\mlink.o
 .text.mavlink_get_channel_buffer
                0x00004108       0x30 ..\obj\mlink.o
 .text._mav_finalize_message_chan_send
                0x00004138       0xdc ..\obj\mlink.o
 .text.mavlink_start_checksum
                0x00004214       0x18 ..\obj\mlink.o
 .text.mavlink_update_checksum
                0x0000422c       0x20 ..\obj\mlink.o
 .text.mavlink_parse_char
                0x0000424c      0x324 ..\obj\mlink.o
 .text._mavlink_send_uart
                0x00004570       0x44 ..\obj\mlink.o
 .text.mav_array_memcpy
                0x000045b4       0x44 ..\obj\mlink.o
 .text._MAV_RETURN_int16_t
                0x000045f8       0x28 ..\obj\mlink.o
 .text._MAV_RETURN_uint32_t
                0x00004620       0x24 ..\obj\mlink.o
 .text._MAV_RETURN_int32_t
                0x00004644       0x24 ..\obj\mlink.o
 .text._MAV_RETURN_float
                0x00004668       0x24 ..\obj\mlink.o
 .text.mavlink_msg_set_mode_get_base_mode
                0x0000468c       0x20 ..\obj\mlink.o
 .text.mavlink_msg_set_mode_get_custom_mode
                0x000046ac       0x20 ..\obj\mlink.o
 .text.mavlink_msg_param_value_send
                0x000046cc       0x5c ..\obj\mlink.o
 .text.mavlink_msg_param_set_decode
                0x00004728       0x2c ..\obj\mlink.o
 .text.mavlink_msg_manual_control_get_x
                0x00004754       0x20 ..\obj\mlink.o
 .text.mavlink_msg_manual_control_get_y
                0x00004774       0x20 ..\obj\mlink.o
 .text.mavlink_msg_manual_control_get_z
                0x00004794       0x20 ..\obj\mlink.o
 .text.mavlink_msg_manual_control_get_r
                0x000047b4       0x20 ..\obj\mlink.o
 .text.mavlink_msg_command_ack_send
                0x000047d4       0x40 ..\obj\mlink.o
 .text.mavlink_msg_hil_state_get_roll
                0x00004814       0x20 ..\obj\mlink.o
 .text.mavlink_msg_hil_state_get_pitch
                0x00004834       0x20 ..\obj\mlink.o
 .text.mavlink_msg_hil_state_get_yaw
                0x00004854       0x20 ..\obj\mlink.o
 .text.mavlink_msg_hil_state_get_rollspeed
                0x00004874       0x20 ..\obj\mlink.o
 .text.mavlink_msg_hil_state_get_pitchspeed
                0x00004894       0x20 ..\obj\mlink.o
 .text.mavlink_msg_hil_state_get_yawspeed
                0x000048b4       0x20 ..\obj\mlink.o
 .text.mavlink_msg_hil_state_get_lat
                0x000048d4       0x20 ..\obj\mlink.o
 .text.mavlink_msg_hil_state_get_lon
                0x000048f4       0x20 ..\obj\mlink.o
 .text.mavlink_msg_hil_state_get_alt
                0x00004914       0x20 ..\obj\mlink.o
 .text.global_data_reset_param_defaults
                0x00004934      0xef8 ..\obj\mlink.o
 .text.mavlink_init
                0x0000582c       0xa8 ..\obj\mlink.o
                0x0000582c                mavlink_init
 *fill*         0x000058d4        0x4 00
 .text.communication_receive
                0x000058d8      0x5e0 ..\obj\mlink.o
                0x000058d8                communication_receive
 .text.communication_queued_send
                0x00005eb8       0x74 ..\obj\mlink.o
                0x00005eb8                communication_queued_send
 .text.LED_Setup
                0x00005f2c       0x30 ..\obj\LED_Blink.o
                0x00005f2c                LED_Setup
 .text.blink    0x00005f5c       0x3c ..\obj\LED_Blink.o
                0x00005f5c                blink
 .text.delay    0x00005f98       0x3c ..\obj\LED_Blink.o
                0x00005f98                delay
 .text.uart_set_divisors
                0x00005fd4      0x26c ..\obj\lpc17xx_uart.o
 .text.UART_Init
                0x00006240      0x368 ..\obj\lpc17xx_uart.o
                0x00006240                UART_Init
 .text.UART_ConfigStructInit
                0x000065a8       0x34 ..\obj\lpc17xx_uart.o
                0x000065a8                UART_ConfigStructInit
 .text.UART_SendByte
                0x000065dc       0x78 ..\obj\lpc17xx_uart.o
                0x000065dc                UART_SendByte
 .text.UART_Send
                0x00006654      0x10c ..\obj\lpc17xx_uart.o
                0x00006654                UART_Send
 .text.UART_FIFOConfig
                0x00006760      0x184 ..\obj\lpc17xx_uart.o
                0x00006760                UART_FIFOConfig
 .text.UART_FIFOConfigStructInit
                0x000068e4       0x34 ..\obj\lpc17xx_uart.o
                0x000068e4                UART_FIFOConfigStructInit
 .text.UART_TxCmd
                0x00006918       0xe8 ..\obj\lpc17xx_uart.o
                0x00006918                UART_TxCmd
 .text.GPDMA_Init
                0x00006a00       0xa0 ..\obj\lpc17xx_gpdma.o
                0x00006a00                GPDMA_Init
 .text.GPDMA_Setup
                0x00006aa0      0x3f8 ..\obj\lpc17xx_gpdma.o
                0x00006aa0                GPDMA_Setup
 .text.GPDMA_ChannelCmd
                0x00006e98       0x48 ..\obj\lpc17xx_gpdma.o
                0x00006e98                GPDMA_ChannelCmd
 .text.GPDMA_IntGetStatus
                0x00006ee0      0x17c ..\obj\lpc17xx_gpdma.o
                0x00006ee0                GPDMA_IntGetStatus
 .text.GPDMA_ClearIntPending
                0x0000705c       0x7c ..\obj\lpc17xx_gpdma.o
                0x0000705c                GPDMA_ClearIntPending
 .text.NVIC_EnableIRQ
                0x000070d8       0x38 ..\obj\main.o
 .text.NVIC_SetPriority
                0x00007110       0x5c ..\obj\main.o
 .text.comm_send_ch
                0x0000716c       0x24 ..\obj\main.o
 .text.crc_accumulate
                0x00007190       0x68 ..\obj\main.o
 .text.crc_init
                0x000071f8       0x1c ..\obj\main.o
 .text.crc_calculate
                0x00007214       0x54 ..\obj\main.o
 .text.crc_accumulate_buffer
                0x00007268       0x48 ..\obj\main.o
 .text.mavlink_get_channel_status
                0x000072b0       0x30 ..\obj\main.o
 .text._mav_finalize_message_chan_send
                0x000072e0       0xdc ..\obj\main.o
 .text._mavlink_send_uart
                0x000073bc       0x44 ..\obj\main.o
 .text.mavlink_msg_heartbeat_send
                0x00007400       0x50 ..\obj\main.o
 .text.mavlink_msg_sys_status_send
                0x00007450       0x7c ..\obj\main.o
 .text.mavlink_msg_attitude_send
                0x000074cc       0x50 ..\obj\main.o
 .text.mavlink_msg_global_position_int_send
                0x0000751c       0x60 ..\obj\main.o
 .text.mavlink_msg_set_quad_motors_setpoint_send
                0x0000757c       0x48 ..\obj\main.o
 .text.mavlink_msg_setpoint_6dof_send
                0x000075c4       0x54 ..\obj\main.o
 .text.watchdog_setup
                0x00007618       0x34 ..\obj\main.o
                0x00007618                watchdog_setup
 *fill*         0x0000764c        0x4 00
 .text.main     0x00007650      0x5e8 ..\obj\main.o
                0x00007650                main
 .text.UBLOX_read
                0x00007c38      0x39c ..\obj\ublox.o
                0x00007c38                UBLOX_read
 .text.parse_gps
                0x00007fd4      0x430 ..\obj\ublox.o
                0x00007fd4                parse_gps
 .text._update_checksum
                0x00008404       0x78 ..\obj\ublox.o
                0x00008404                _update_checksum
 .text._send_message
                0x0000847c       0xa4 ..\obj\ublox.o
                0x0000847c                _send_message
 .text._configure_message_rate
                0x00008520       0x3c ..\obj\ublox.o
                0x00008520                _configure_message_rate
 .text._configure_gps
                0x0000855c       0xb8 ..\obj\ublox.o
                0x0000855c                _configure_gps
 .text.NVIC_EnableIRQ
                0x00008614       0x38 ..\obj\comm.o
 .text.NVIC_DisableIRQ
                0x0000864c       0x3c ..\obj\comm.o
 .text.NVIC_SetPriority
                0x00008688       0x5c ..\obj\comm.o
 .text.comm_init
                0x000086e4       0x10 ..\obj\comm.o
                0x000086e4                comm_init
 .text.uart_gps_dma_init
                0x000086f4       0xe0 ..\obj\comm.o
                0x000086f4                uart_gps_dma_init
 .text.gps_receive
                0x000087d4       0xb4 ..\obj\comm.o
                0x000087d4                gps_receive
 .text.UART_GetReceiveCountGPS
                0x00008888       0x60 ..\obj\comm.o
                0x00008888                UART_GetReceiveCountGPS
 .text.DMA_IRQHandler
                0x000088e8      0x1c0 ..\obj\comm.o
                0x000088e8                DMA_IRQHandler
 .text.uart_tel_dma_init
                0x00008aa8      0x384 ..\obj\comm.o
                0x00008aa8                uart_tel_dma_init
 .text.tel_receive
                0x00008e2c       0xb4 ..\obj\comm.o
                0x00008e2c                tel_receive
 .text.UART_GetReceiveCount
                0x00008ee0       0x60 ..\obj\comm.o
                0x00008ee0                UART_GetReceiveCount
 .text.tel_putchar
                0x00008f40       0x4c ..\obj\comm.o
                0x00008f40                tel_putchar
 .text.tel_transmit
                0x00008f8c      0x118 ..\obj\comm.o
                0x00008f8c                tel_transmit
 .text.gps_putchar
                0x000090a4       0x2c ..\obj\comm.o
                0x000090a4                gps_putchar
 .text.gps_puts
                0x000090d0       0x40 ..\obj\comm.o
                0x000090d0                gps_puts
 .text.__enable_irq
                0x00009110        0xc ..\obj\lpc17xx_wdt.o
 .text.__disable_irq
                0x0000911c        0xc ..\obj\lpc17xx_wdt.o
 .text.WDT_SetTimeOut
                0x00009128      0x1a0 ..\obj\lpc17xx_wdt.o
 .text.WDT_Init
                0x000092c8       0x9c ..\obj\lpc17xx_wdt.o
                0x000092c8                WDT_Init
 .text.WDT_Start
                0x00009364       0x44 ..\obj\lpc17xx_wdt.o
                0x00009364                WDT_Start
 .text.WDT_Feed
                0x000093a8       0x24 ..\obj\lpc17xx_wdt.o
                0x000093a8                WDT_Feed
 .text.NVIC_SetPriorityGrouping
                0x000093cc       0x50 ..\obj\motor.o
 .text.NVIC_EnableIRQ
                0x0000941c       0x38 ..\obj\motor.o
 .text.NVIC_SetPriority
                0x00009454       0x5c ..\obj\motor.o
 .text.PWM_setup
                0x000094b0      0x260 ..\obj\motor.o
                0x000094b0                PWM_setup
 .text.Motors_set
                0x00009710      0x100 ..\obj\motor.o
                0x00009710                Motors_set
 .text.EINT3_IRQHandler
                0x00009810      0x130 ..\obj\motor.o
                0x00009810                EINT3_IRQHandler
 .text.EINT1_IRQHandler
                0x00009940       0x24 ..\obj\motor.o
                0x00009940                EINT1_IRQHandler
 .text.PPM_setup
                0x00009964       0xe4 ..\obj\motor.o
                0x00009964                PPM_setup
 .text.Default_Reset_Handler
                0x00009a48       0x6c ..\obj\startup_LPC17xx.o
                0x00009a48                Default_Reset_Handler
                0x00009a48                Reset_Handler
 .text.Default_Handler
                0x00009ab4        0x8 ..\obj\startup_LPC17xx.o
                0x00009ab4                DebugMon_Handler
                0x00009ab4                I2C0_IRQHandler
                0x00009ab4                HardFault_Handler
                0x00009ab4                SysTick_Handler
                0x00009ab4                USBActivity_IRQHandler
                0x00009ab4                PWM1_IRQHandler
                0x00009ab4                PendSV_Handler
                0x00009ab4                NMI_Handler
                0x00009ab4                I2C1_IRQHandler
                0x00009ab4                EINT2_IRQHandler
                0x00009ab4                UART1_IRQHandler
                0x00009ab4                CANActivity_IRQHandler
                0x00009ab4                TIMER3_IRQHandler
                0x00009ab4                UART0_IRQHandler
                0x00009ab4                UsageFault_Handler
                0x00009ab4                PLL0_IRQHandler
                0x00009ab4                CAN_IRQHandler
                0x00009ab4                PLL1_IRQHandler
                0x00009ab4                SSP0_IRQHandler
                0x00009ab4                I2S_IRQHandler
                0x00009ab4                I2C2_IRQHandler
                0x00009ab4                RTC_IRQHandler
                0x00009ab4                TIMER0_IRQHandler
                0x00009ab4                SPI_IRQHandler
                0x00009ab4                TIMER1_IRQHandler
                0x00009ab4                UART2_IRQHandler
                0x00009ab4                ADC_IRQHandler
                0x00009ab4                SSP1_IRQHandler
                0x00009ab4                USB_IRQHandler
                0x00009ab4                BOD_IRQHandler
                0x00009ab4                MemManage_Handler
                0x00009ab4                WDT_IRQHandler
                0x00009ab4                SVC_Handler
                0x00009ab4                QEI_IRQHandler
                0x00009ab4                EINT0_IRQHandler
                0x00009ab4                BusFault_Handler
                0x00009ab4                UART3_IRQHandler
                0x00009ab4                MCPWM_IRQHandler
                0x00009ab4                ENET_IRQHandler
 .text.check_failed
                0x00009abc        0xc ..\obj\lpc17xx_libcfg_default.o
                0x00009abc                check_failed
 .text.set_PinFunc
                0x00009ac8       0x9c ..\obj\lpc17xx_pinsel.o
 .text.set_ResistorMode
                0x00009b64       0x9c ..\obj\lpc17xx_pinsel.o
 .text.set_OpenDrainMode
                0x00009c00       0x7c ..\obj\lpc17xx_pinsel.o
 .text.PINSEL_ConfigPin
                0x00009c7c       0x54 ..\obj\lpc17xx_pinsel.o
                0x00009c7c                PINSEL_ConfigPin
 .text.EXTI_Init
                0x00009cd0       0x3c ..\obj\lpc17xx_exti.o
                0x00009cd0                EXTI_Init
 .text.EXTI_Config
                0x00009d0c       0x40 ..\obj\lpc17xx_exti.o
                0x00009d0c                EXTI_Config
 .text.EXTI_SetMode
                0x00009d4c       0x78 ..\obj\lpc17xx_exti.o
                0x00009d4c                EXTI_SetMode
 .text.EXTI_SetPolarity
                0x00009dc4       0x78 ..\obj\lpc17xx_exti.o
                0x00009dc4                EXTI_SetPolarity
 .text.EXTI_ClearEXTIFlag
                0x00009e3c       0x3c ..\obj\lpc17xx_exti.o
                0x00009e3c                EXTI_ClearEXTIFlag
 .text.NVIC_EnableIRQ
                0x00009e78       0x38 ..\obj\lpc17xx_i2c.o
 .text.NVIC_DisableIRQ
                0x00009eb0       0x3c ..\obj\lpc17xx_i2c.o
 .text.I2C_getNum
                0x00009eec       0x54 ..\obj\lpc17xx_i2c.o
 .text.I2C_Start
                0x00009f40       0x44 ..\obj\lpc17xx_i2c.o
 .text.I2C_Stop
                0x00009f84       0x38 ..\obj\lpc17xx_i2c.o
 .text.I2C_SendByte
                0x00009fbc       0x50 ..\obj\lpc17xx_i2c.o
 .text.I2C_GetByte
                0x0000a00c       0x5c ..\obj\lpc17xx_i2c.o
 .text.I2C_SetClock
                0x0000a068       0xc8 ..\obj\lpc17xx_i2c.o
 .text.I2C_Init
                0x0000a130       0xd8 ..\obj\lpc17xx_i2c.o
                0x0000a130                I2C_Init
 .text.I2C_DeInit
                0x0000a208       0xa4 ..\obj\lpc17xx_i2c.o
                0x0000a208                I2C_DeInit
 .text.I2C_Cmd  0x0000a2ac       0x84 ..\obj\lpc17xx_i2c.o
                0x0000a2ac                I2C_Cmd
 .text.I2C_IntCmd
                0x0000a330       0xa8 ..\obj\lpc17xx_i2c.o
                0x0000a330                I2C_IntCmd
 .text.I2C_MasterTransferData
                0x0000a3d8      0x34c ..\obj\lpc17xx_i2c.o
                0x0000a3d8                I2C_MasterTransferData
 .text.Iconstrain
                0x0000a724       0x6c ..\obj\gps.o
                0x0000a724                Iconstrain
 .text.navigation
                0x0000a790      0xb10 ..\obj\gps.o
                0x0000a790                navigation
 .text.gpscomm_receive
                0x0000b2a0       0xc0 ..\obj\gps.o
                0x0000b2a0                gpscomm_receive
 .text.i2c_eeprom_init
                0x0000b360       0x10 ..\obj\i2ceeprom.o
                0x0000b360                i2c_eeprom_init
 .text.eeprom_read
                0x0000b370       0x28 ..\obj\i2ceeprom.o
                0x0000b370                eeprom_read
 .text.eeprom_write
                0x0000b398       0x28 ..\obj\i2ceeprom.o
                0x0000b398                eeprom_write
 .text.i2c_lpc_init
                0x0000b3c0       0xb8 ..\obj\i2ceeprom.o
                0x0000b3c0                i2c_lpc_init
 .text.i2c_lpc_wr_byte
                0x0000b478       0x40 ..\obj\i2ceeprom.o
 .text.i2c_lpc_stop
                0x0000b4b8       0x30 ..\obj\i2ceeprom.o
 .text.i2c_lpc_ctrl
                0x0000b4e8       0xb4 ..\obj\i2ceeprom.o
 .text.i2c_lpc_rx_to_buf
                0x0000b59c      0x114 ..\obj\i2ceeprom.o
 .text.i2c_lpc_ask_polling_op
                0x0000b6b0       0xbc ..\obj\i2ceeprom.o
 .text.m24xx_page_size
                0x0000b76c      0x14c ..\obj\i2ceeprom.o
 .text.m24xx_set_addr
                0x0000b8b8      0x1d0 ..\obj\i2ceeprom.o
 .text.i2c_lpc_m24xx_wr
                0x0000ba88       0xb8 ..\obj\i2ceeprom.o
 .text.m24xx_write
                0x0000bb40      0x108 ..\obj\i2ceeprom.o
                0x0000bb40                m24xx_write
 .text.m24xx_read
                0x0000bc48       0xec ..\obj\i2ceeprom.o
                0x0000bc48                m24xx_read
 .text.PWM_Init
                0x0000bd34      0x198 ..\obj\lpc17xx_pwm.o
                0x0000bd34                PWM_Init
 .text.PWM_Cmd  0x0000becc       0x70 ..\obj\lpc17xx_pwm.o
                0x0000becc                PWM_Cmd
 .text.PWM_CounterCmd
                0x0000bf3c       0x70 ..\obj\lpc17xx_pwm.o
                0x0000bf3c                PWM_CounterCmd
 .text.PWM_ResetCounter
                0x0000bfac       0x48 ..\obj\lpc17xx_pwm.o
                0x0000bfac                PWM_ResetCounter
 .text.PWM_ConfigMatch
                0x0000bff4      0x1f8 ..\obj\lpc17xx_pwm.o
                0x0000bff4                PWM_ConfigMatch
 .text.PWM_MatchUpdate
                0x0000c1ec      0x108 ..\obj\lpc17xx_pwm.o
                0x0000c1ec                PWM_MatchUpdate
 .text.PWM_ChannelConfig
                0x0000c2f4       0xcc ..\obj\lpc17xx_pwm.o
                0x0000c2f4                PWM_ChannelConfig
 .text.PWM_ChannelCmd
                0x0000c3c0       0xb8 ..\obj\lpc17xx_pwm.o
                0x0000c3c0                PWM_ChannelCmd
 .text.init_quat
                0x0000c478      0x438 ..\obj\quat.o
                0x0000c478                init_quat
 .text.constrain
                0x0000c8b0       0x64 ..\obj\quat.o
                0x0000c8b0                constrain
 .text.mult_quat
                0x0000c914      0x244 ..\obj\quat.o
                0x0000c914                mult_quat
 .text.unit_quat
                0x0000cb58      0x118 ..\obj\quat.o
                0x0000cb58                unit_quat
 .text.norm_quat
                0x0000cc70       0xbc ..\obj\quat.o
                0x0000cc70                norm_quat
 .text.quat2angle
                0x0000cd2c      0x134 ..\obj\quat.o
                0x0000cd2c                quat2angle
 .text.angle2quat
                0x0000ce60       0xbc ..\obj\quat.o
                0x0000ce60                angle2quat
 *fill*         0x0000cf1c        0x4 00
 .text.quat2euler
                0x0000cf20      0x280 ..\obj\quat.o
                0x0000cf20                quat2euler
 .text.euler2quat
                0x0000d1a0      0x238 ..\obj\quat.o
                0x0000d1a0                euler2quat
 .text.integrate_gyro
                0x0000d3d8      0x390 ..\obj\quat.o
                0x0000d3d8                integrate_gyro
 .text.merge_quats
                0x0000d768      0x3d0 ..\obj\quat.o
                0x0000d768                merge_quats
 .text.acc_angles
                0x0000db38      0x438 ..\obj\quat.o
                0x0000db38                acc_angles
 .text.earthaccel
                0x0000df70      0x4c8 ..\obj\quat.o
                0x0000df70                earthaccel
 .text.MPU6050_Initialize
                0x0000e438       0x64 ..\obj\MPU6050.o
                0x0000e438                MPU6050_Initialize
 .text.MPU6050_SetClockSource
                0x0000e49c       0x2c ..\obj\MPU6050.o
                0x0000e49c                MPU6050_SetClockSource
 .text.MPU6050_SetFullScaleGyroRange
                0x0000e4c8       0x2c ..\obj\MPU6050.o
                0x0000e4c8                MPU6050_SetFullScaleGyroRange
 .text.MPU6050_SetFullScaleAccelRange
                0x0000e4f4       0x2c ..\obj\MPU6050.o
                0x0000e4f4                MPU6050_SetFullScaleAccelRange
 .text.MPU6050_SetSleepModeStatus
                0x0000e520       0x24 ..\obj\MPU6050.o
                0x0000e520                MPU6050_SetSleepModeStatus
 .text.MPU6050_WriteBits
                0x0000e544       0x94 ..\obj\MPU6050.o
                0x0000e544                MPU6050_WriteBits
 .text.MPU6050_WriteBit
                0x0000e5d8       0x7c ..\obj\MPU6050.o
                0x0000e5d8                MPU6050_WriteBit
 .text.MPU6050_I2C_Init
                0x0000e654       0x68 ..\obj\MPU6050.o
                0x0000e654                MPU6050_I2C_Init
 .text.MPU6050_I2C_ByteWrite
                0x0000e6bc       0x5c ..\obj\MPU6050.o
                0x0000e6bc                MPU6050_I2C_ByteWrite
 .text.MPU6050_I2C_BufferRead
                0x0000e718       0x6c ..\obj\MPU6050.o
                0x0000e718                MPU6050_I2C_BufferRead
 .text.MPU6050_ConfigMag
                0x0000e784       0xd0 ..\obj\MPU6050.o
                0x0000e784                MPU6050_ConfigMag
 .text.MPU6050_Aux_Bypass_Enable
                0x0000e854       0x30 ..\obj\MPU6050.o
                0x0000e854                MPU6050_Aux_Bypass_Enable
 .text.MPU6050_GetRawAccelGyroMag
                0x0000e884      0x198 ..\obj\MPU6050.o
                0x0000e884                MPU6050_GetRawAccelGyroMag
 .text.MPU6050_GetRawGyro
                0x0000ea1c       0x80 ..\obj\MPU6050.o
                0x0000ea1c                MPU6050_GetRawGyro
 .text.MPU6050_I2C_Reboot
                0x0000ea9c       0x18 ..\obj\MPU6050.o
                0x0000ea9c                MPU6050_I2C_Reboot
 *fill*         0x0000eab4        0x4 00
 .text.atan     0x0000eab8      0x368 c:/program files/gnu tools arm embedded/4.6 2012q2/bin/../lib/gcc/arm-none-eabi/4.6.2/../../../../arm-none-eabi/lib/armv7-m\libm.a(lib_a-s_atan.o)
                0x0000eab8                atan
 .text.cos      0x0000ee20       0x78 c:/program files/gnu tools arm embedded/4.6 2012q2/bin/../lib/gcc/arm-none-eabi/4.6.2/../../../../arm-none-eabi/lib/armv7-m\libm.a(lib_a-s_cos.o)
                0x0000ee20                cos
 .text.fabs     0x0000ee98        0x8 c:/program files/gnu tools arm embedded/4.6 2012q2/bin/../lib/gcc/arm-none-eabi/4.6.2/../../../../arm-none-eabi/lib/armv7-m\libm.a(lib_a-s_fabs.o)
                0x0000ee98                fabs
 .text.sin      0x0000eea0       0x98 c:/program files/gnu tools arm embedded/4.6 2012q2/bin/../lib/gcc/arm-none-eabi/4.6.2/../../../../arm-none-eabi/lib/armv7-m\libm.a(lib_a-s_sin.o)
                0x0000eea0                sin
 .text.__fpclassifyf
                0x0000ef38       0x58 c:/program files/gnu tools arm embedded/4.6 2012q2/bin/../lib/gcc/arm-none-eabi/4.6.2/../../../../arm-none-eabi/lib/armv7-m\libm.a(lib_a-sf_fpclassify.o)
                0x0000ef38                __fpclassifyf
 .text.acos     0x0000ef90       0xa0 c:/program files/gnu tools arm embedded/4.6 2012q2/bin/../lib/gcc/arm-none-eabi/4.6.2/../../../../arm-none-eabi/lib/armv7-m\libm.a(lib_a-w_acos.o)
                0x0000ef90                acos
 .text.asin     0x0000f030       0xa0 c:/program files/gnu tools arm embedded/4.6 2012q2/bin/../lib/gcc/arm-none-eabi/4.6.2/../../../../arm-none-eabi/lib/armv7-m\libm.a(lib_a-w_asin.o)
                0x0000f030                asin
 .text.atan2    0x0000f0d0        0x4 c:/program files/gnu tools arm embedded/4.6 2012q2/bin/../lib/gcc/arm-none-eabi/4.6.2/../../../../arm-none-eabi/lib/armv7-m\libm.a(lib_a-w_atan2.o)
                0x0000f0d0                atan2
 .text.pow      0x0000f0d4      0x30c c:/program files/gnu tools arm embedded/4.6 2012q2/bin/../lib/gcc/arm-none-eabi/4.6.2/../../../../arm-none-eabi/lib/armv7-m\libm.a(lib_a-w_pow.o)
                0x0000f0d4                pow
 .text.sqrt     0x0000f3e0       0xa8 c:/program files/gnu tools arm embedded/4.6 2012q2/bin/../lib/gcc/arm-none-eabi/4.6.2/../../../../arm-none-eabi/lib/armv7-m\libm.a(lib_a-w_sqrt.o)
                0x0000f3e0                sqrt
 .text.__ieee754_acos
                0x0000f488      0x4d0 c:/program files/gnu tools arm embedded/4.6 2012q2/bin/../lib/gcc/arm-none-eabi/4.6.2/../../../../arm-none-eabi/lib/armv7-m\libm.a(lib_a-e_acos.o)
                0x0000f488                __ieee754_acos
 .text.__ieee754_asin
                0x0000f958      0x468 c:/program files/gnu tools arm embedded/4.6 2012q2/bin/../lib/gcc/arm-none-eabi/4.6.2/../../../../arm-none-eabi/lib/armv7-m\libm.a(lib_a-e_asin.o)
                0x0000f958                __ieee754_asin
 .text.__ieee754_atan2
                0x0000fdc0      0x228 c:/program files/gnu tools arm embedded/4.6 2012q2/bin/../lib/gcc/arm-none-eabi/4.6.2/../../../../arm-none-eabi/lib/armv7-m\libm.a(lib_a-e_atan2.o)
                0x0000fdc0                __ieee754_atan2
 .text.__ieee754_pow
                0x0000ffe8      0xb60 c:/program files/gnu tools arm embedded/4.6 2012q2/bin/../lib/gcc/arm-none-eabi/4.6.2/../../../../arm-none-eabi/lib/armv7-m\libm.a(lib_a-e_pow.o)
                0x0000ffe8                __ieee754_pow
 .text.__ieee754_rem_pio2
                0x00010b48      0x448 c:/program files/gnu tools arm embedded/4.6 2012q2/bin/../lib/gcc/arm-none-eabi/4.6.2/../../../../arm-none-eabi/lib/armv7-m\libm.a(lib_a-e_rem_pio2.o)
                0x00010b48                __ieee754_rem_pio2
 .text.__ieee754_sqrt
                0x00010f90      0x1b4 c:/program files/gnu tools arm embedded/4.6 2012q2/bin/../lib/gcc/arm-none-eabi/4.6.2/../../../../arm-none-eabi/lib/armv7-m\libm.a(lib_a-e_sqrt.o)
                0x00010f90                __ieee754_sqrt
 *fill*         0x00011144        0x4 00
 .text.__kernel_cos
                0x00011148      0x250 c:/program files/gnu tools arm embedded/4.6 2012q2/bin/../lib/gcc/arm-none-eabi/4.6.2/../../../../arm-none-eabi/lib/armv7-m\libm.a(lib_a-k_cos.o)
                0x00011148                __kernel_cos
 .text.__kernel_rem_pio2
                0x00011398      0x80c c:/program files/gnu tools arm embedded/4.6 2012q2/bin/../lib/gcc/arm-none-eabi/4.6.2/../../../../arm-none-eabi/lib/armv7-m\libm.a(lib_a-k_rem_pio2.o)
                0x00011398                __kernel_rem_pio2
 *fill*         0x00011ba4        0x4 00
 .text.__kernel_sin
                0x00011ba8      0x170 c:/program files/gnu tools arm embedded/4.6 2012q2/bin/../lib/gcc/arm-none-eabi/4.6.2/../../../../arm-none-eabi/lib/armv7-m\libm.a(lib_a-k_sin.o)
                0x00011ba8                __kernel_sin
 .text.finite   0x00011d18       0x10 c:/program files/gnu tools arm embedded/4.6 2012q2/bin/../lib/gcc/arm-none-eabi/4.6.2/../../../../arm-none-eabi/lib/armv7-m\libm.a(lib_a-s_finite.o)
                0x00011d18                finite
 .text.floor    0x00011d28      0x130 c:/program files/gnu tools arm embedded/4.6 2012q2/bin/../lib/gcc/arm-none-eabi/4.6.2/../../../../arm-none-eabi/lib/armv7-m\libm.a(lib_a-s_floor.o)
                0x00011d28                floor
 .text.__fpclassifyd
                0x00011e58       0x68 c:/program files/gnu tools arm embedded/4.6 2012q2/bin/../lib/gcc/arm-none-eabi/4.6.2/../../../../arm-none-eabi/lib/armv7-m\libm.a(lib_a-s_fpclassify.o)
                0x00011e58                __fpclassifyd
 .text.matherr  0x00011ec0        0x4 c:/program files/gnu tools arm embedded/4.6 2012q2/bin/../lib/gcc/arm-none-eabi/4.6.2/../../../../arm-none-eabi/lib/armv7-m\libm.a(lib_a-s_matherr.o)
                0x00011ec0                matherr
 .text.nan      0x00011ec4        0xc c:/program files/gnu tools arm embedded/4.6 2012q2/bin/../lib/gcc/arm-none-eabi/4.6.2/../../../../arm-none-eabi/lib/armv7-m\libm.a(lib_a-s_nan.o)
                0x00011ec4                nan
 .text.rint     0x00011ed0      0x114 c:/program files/gnu tools arm embedded/4.6 2012q2/bin/../lib/gcc/arm-none-eabi/4.6.2/../../../../arm-none-eabi/lib/armv7-m\libm.a(lib_a-s_rint.o)
                0x00011ed0                rint
 *fill*         0x00011fe4        0x4 00
 .text.scalbn   0x00011fe8       0xf8 c:/program files/gnu tools arm embedded/4.6 2012q2/bin/../lib/gcc/arm-none-eabi/4.6.2/../../../../arm-none-eabi/lib/armv7-m\libm.a(lib_a-s_scalbn.o)
                0x00011fe8                scalbn
 .text.copysign
                0x000120e0       0x18 c:/program files/gnu tools arm embedded/4.6 2012q2/bin/../lib/gcc/arm-none-eabi/4.6.2/../../../../arm-none-eabi/lib/armv7-m\libm.a(lib_a-s_copysign.o)
                0x000120e0                copysign
 .text          0x000120f8      0x370 c:/program files/gnu tools arm embedded/4.6 2012q2/bin/../lib/gcc/arm-none-eabi/4.6.2/armv7-m\libgcc.a(_arm_addsubdf3.o)
                0x000120f8                __aeabi_drsub
                0x00012100                __aeabi_dsub
                0x00012100                __subdf3
                0x00012104                __aeabi_dadd
                0x00012104                __adddf3
                0x0001237c                __floatunsidf
                0x0001237c                __aeabi_ui2d
                0x0001239c                __floatsidf
                0x0001239c                __aeabi_i2d
                0x000123c0                __aeabi_f2d
                0x000123c0                __extendsfdf2
                0x000123fc                __floatundidf
                0x000123fc                __aeabi_ul2d
                0x0001240c                __floatdidf
                0x0001240c                __aeabi_l2d
 .text          0x00012468      0x424 c:/program files/gnu tools arm embedded/4.6 2012q2/bin/../lib/gcc/arm-none-eabi/4.6.2/armv7-m\libgcc.a(_arm_muldivdf3.o)
                0x00012468                __aeabi_dmul
                0x00012468                __muldf3
                0x000126bc                __divdf3
                0x000126bc                __aeabi_ddiv
 .text          0x0001288c      0x110 c:/program files/gnu tools arm embedded/4.6 2012q2/bin/../lib/gcc/arm-none-eabi/4.6.2/armv7-m\libgcc.a(_arm_cmpdf2.o)
                0x0001288c                __gtdf2
                0x0001288c                __gedf2
                0x00012894                __ltdf2
                0x00012894                __ledf2
                0x0001289c                __nedf2
                0x0001289c                __eqdf2
                0x0001289c                __cmpdf2
                0x00012918                __aeabi_cdrcmple
                0x00012928                __aeabi_cdcmpeq
                0x00012928                __aeabi_cdcmple
                0x00012938                __aeabi_dcmpeq
                0x0001294c                __aeabi_dcmplt
                0x00012960                __aeabi_dcmple
                0x00012974                __aeabi_dcmpge
                0x00012988                __aeabi_dcmpgt
 .text          0x0001299c       0x50 c:/program files/gnu tools arm embedded/4.6 2012q2/bin/../lib/gcc/arm-none-eabi/4.6.2/armv7-m\libgcc.a(_arm_fixdfsi.o)
                0x0001299c                __aeabi_d2iz
                0x0001299c                __fixdfsi
 .text          0x000129ec       0xa0 c:/program files/gnu tools arm embedded/4.6 2012q2/bin/../lib/gcc/arm-none-eabi/4.6.2/armv7-m\libgcc.a(_arm_truncdfsf2.o)
                0x000129ec                __truncdfsf2
                0x000129ec                __aeabi_d2f
 .text          0x00012a8c      0x21c c:/program files/gnu tools arm embedded/4.6 2012q2/bin/../lib/gcc/arm-none-eabi/4.6.2/armv7-m\libgcc.a(_arm_addsubsf3.o)
                0x00012a8c                __aeabi_frsub
                0x00012a94                __subsf3
                0x00012a94                __aeabi_fsub
                0x00012a98                __aeabi_fadd
                0x00012a98                __addsf3
                0x00012bf8                __aeabi_ui2f
                0x00012bf8                __floatunsisf
                0x00012c00                __aeabi_i2f
                0x00012c00                __floatsisf
                0x00012c1c                __aeabi_ul2f
                0x00012c1c                __floatundisf
                0x00012c2c                __aeabi_l2f
                0x00012c2c                __floatdisf
 .text          0x00012ca8      0x2a0 c:/program files/gnu tools arm embedded/4.6 2012q2/bin/../lib/gcc/arm-none-eabi/4.6.2/armv7-m\libgcc.a(_arm_muldivsf3.o)
                0x00012ca8                __mulsf3
                0x00012ca8                __aeabi_fmul
                0x00012e10                __aeabi_fdiv
                0x00012e10                __divsf3
 .text          0x00012f48       0xec c:/program files/gnu tools arm embedded/4.6 2012q2/bin/../lib/gcc/arm-none-eabi/4.6.2/armv7-m\libgcc.a(_arm_cmpsf2.o)
                0x00012f48                __gesf2
                0x00012f48                __gtsf2
                0x00012f50                __lesf2
                0x00012f50                __ltsf2
                0x00012f58                __nesf2
                0x00012f58                __eqsf2
                0x00012f58                __cmpsf2
                0x00012fb8                __aeabi_cfrcmple
                0x00012fc0                __aeabi_cfcmpeq
                0x00012fc0                __aeabi_cfcmple
                0x00012fd0                __aeabi_fcmpeq
                0x00012fe4                __aeabi_fcmplt
                0x00012ff8                __aeabi_fcmple
                0x0001300c                __aeabi_fcmpge
                0x00013020                __aeabi_fcmpgt
 .text          0x00013034       0x4c c:/program files/gnu tools arm embedded/4.6 2012q2/bin/../lib/gcc/arm-none-eabi/4.6.2/armv7-m\libgcc.a(_arm_fixsfsi.o)
                0x00013034                __aeabi_f2iz
                0x00013034                __fixsfsi
 .text          0x00013080       0x40 c:/program files/gnu tools arm embedded/4.6 2012q2/bin/../lib/gcc/arm-none-eabi/4.6.2/armv7-m\libgcc.a(_arm_fixunssfsi.o)
                0x00013080                __fixunssfsi
                0x00013080                __aeabi_f2uiz
 .text.__errno  0x000130c0        0xc c:/program files/gnu tools arm embedded/4.6 2012q2/bin/../lib/gcc/arm-none-eabi/4.6.2/../../../../arm-none-eabi/lib/armv7-m\libg.a(lib_a-errno.o)
                0x000130c0                __errno
 .text.memcpy   0x000130cc       0x84 c:/program files/gnu tools arm embedded/4.6 2012q2/bin/../lib/gcc/arm-none-eabi/4.6.2/../../../../arm-none-eabi/lib/armv7-m\libg.a(lib_a-memcpy.o)
                0x000130cc                memcpy
 .text.memset   0x00013150       0x90 c:/program files/gnu tools arm embedded/4.6 2012q2/bin/../lib/gcc/arm-none-eabi/4.6.2/../../../../arm-none-eabi/lib/armv7-m\libg.a(lib_a-memset.o)
                0x00013150                memset
 *(.glue_7t)
 .glue_7t       0x00000000        0x0 linker stubs
 *(.glue_7)
 .glue_7        0x00000000        0x0 linker stubs
 *(.rodata .rodata* .gnu.linkonce.r.*)
 .rodata        0x000131e0       0x54 ..\obj\lpc17xx_timer.o
 .rodata        0x00013234       0x54 ..\obj\lpc17xx_rit.o
 .rodata        0x00013288      0x2f4 ..\obj\mlink.o
 .rodata        0x0001357c       0x54 ..\obj\lpc17xx_uart.o
 .rodata        0x000135d0       0xe4 ..\obj\lpc17xx_gpdma.o
                0x000135d0                GPDMA_LUTPerAddr
                0x00013630                GPDMA_LUTPerBurst
                0x00013648                GPDMA_LUTPerWid
 .rodata        0x000136b4       0x54 ..\obj\lpc17xx_wdt.o
 .rodata        0x00013708       0x54 ..\obj\lpc17xx_i2c.o
 .rodata        0x0001375c       0x54 ..\obj\lpc17xx_pwm.o
 .rodata.atanlo
                0x000137b0       0x20 c:/program files/gnu tools arm embedded/4.6 2012q2/bin/../lib/gcc/arm-none-eabi/4.6.2/../../../../arm-none-eabi/lib/armv7-m\libm.a(lib_a-s_atan.o)
 .rodata.atanhi
                0x000137d0       0x20 c:/program files/gnu tools arm embedded/4.6 2012q2/bin/../lib/gcc/arm-none-eabi/4.6.2/../../../../arm-none-eabi/lib/armv7-m\libm.a(lib_a-s_atan.o)
 .rodata.str1.4
                0x000137f0        0x5 c:/program files/gnu tools arm embedded/4.6 2012q2/bin/../lib/gcc/arm-none-eabi/4.6.2/../../../../arm-none-eabi/lib/armv7-m\libm.a(lib_a-w_acos.o)
                                  0xc (size before relaxing)
 *fill*         0x000137f5        0x3 00
 .rodata.str1.4
                0x000137f8        0x5 c:/program files/gnu tools arm embedded/4.6 2012q2/bin/../lib/gcc/arm-none-eabi/4.6.2/../../../../arm-none-eabi/lib/armv7-m\libm.a(lib_a-w_asin.o)
                                  0xc (size before relaxing)
 *fill*         0x000137fd        0x3 00
 .rodata.str1.4
                0x00013800        0x4 c:/program files/gnu tools arm embedded/4.6 2012q2/bin/../lib/gcc/arm-none-eabi/4.6.2/../../../../arm-none-eabi/lib/armv7-m\libm.a(lib_a-w_pow.o)
 .rodata.str1.4
                0x00013804        0x5 c:/program files/gnu tools arm embedded/4.6 2012q2/bin/../lib/gcc/arm-none-eabi/4.6.2/../../../../arm-none-eabi/lib/armv7-m\libm.a(lib_a-w_sqrt.o)
                                  0x8 (size before relaxing)
 *fill*         0x00013809        0x7 00
 .rodata.dp_h   0x00013810       0x10 c:/program files/gnu tools arm embedded/4.6 2012q2/bin/../lib/gcc/arm-none-eabi/4.6.2/../../../../arm-none-eabi/lib/armv7-m\libm.a(lib_a-e_pow.o)
 .rodata.dp_l   0x00013820       0x10 c:/program files/gnu tools arm embedded/4.6 2012q2/bin/../lib/gcc/arm-none-eabi/4.6.2/../../../../arm-none-eabi/lib/armv7-m\libm.a(lib_a-e_pow.o)
 .rodata.bp     0x00013830       0x10 c:/program files/gnu tools arm embedded/4.6 2012q2/bin/../lib/gcc/arm-none-eabi/4.6.2/../../../../arm-none-eabi/lib/armv7-m\libm.a(lib_a-e_pow.o)
 .rodata.str1.4
                0x00000000        0x4 c:/program files/gnu tools arm embedded/4.6 2012q2/bin/../lib/gcc/arm-none-eabi/4.6.2/../../../../arm-none-eabi/lib/armv7-m\libm.a(lib_a-e_pow.o)
 .rodata.npio2_hw
                0x00013840       0x80 c:/program files/gnu tools arm embedded/4.6 2012q2/bin/../lib/gcc/arm-none-eabi/4.6.2/../../../../arm-none-eabi/lib/armv7-m\libm.a(lib_a-e_rem_pio2.o)
 .rodata.two_over_pi
                0x000138c0      0x108 c:/program files/gnu tools arm embedded/4.6 2012q2/bin/../lib/gcc/arm-none-eabi/4.6.2/../../../../arm-none-eabi/lib/armv7-m\libm.a(lib_a-e_rem_pio2.o)
 .rodata.init_jk
                0x000139c8       0x10 c:/program files/gnu tools arm embedded/4.6 2012q2/bin/../lib/gcc/arm-none-eabi/4.6.2/../../../../arm-none-eabi/lib/armv7-m\libm.a(lib_a-k_rem_pio2.o)
 .rodata.PIo2   0x000139d8       0x40 c:/program files/gnu tools arm embedded/4.6 2012q2/bin/../lib/gcc/arm-none-eabi/4.6.2/../../../../arm-none-eabi/lib/armv7-m\libm.a(lib_a-k_rem_pio2.o)
 .rodata.TWO52  0x00013a18       0x10 c:/program files/gnu tools arm embedded/4.6 2012q2/bin/../lib/gcc/arm-none-eabi/4.6.2/../../../../arm-none-eabi/lib/armv7-m\libm.a(lib_a-s_rint.o)
 .rodata.str1.4
                0x00013a28        0x4 c:/program files/gnu tools arm embedded/4.6 2012q2/bin/../lib/gcc/arm-none-eabi/4.6.2/../../../../arm-none-eabi/lib/armv7-m\libg.a(lib_a-impure.o)

.vfp11_veneer   0x00013a2c        0x0
 .vfp11_veneer  0x00000000        0x0 linker stubs

.v4_bx          0x00013a2c        0x0
 .v4_bx         0x00000000        0x0 linker stubs

.ARM.extab
 *(.ARM.extab* .gnu.linkonce.armextab.*)

.ARM.exidx
 *(.ARM.exidx* .gnu.linkonce.armexidx.*)
                0x00013a2c                . = ALIGN (0x4)
                0x00013a2c                _etext = .
                0x00013a2c                _sidata = .

.data           0x10000000      0x47c load address 0x00013a2c
                0x10000000                _sdata = .
 *(.data .data.*)
 .data          0x10000000        0x4 ..\obj\timing.o
 .data          0x10000004        0x4 ..\obj\MS5611.o
                0x10000004                pressure
 .data          0x10000008       0x10 ..\obj\control.o
                0x10000008                AltThrottle
                0x1000000c                HoverThrottle
 .data          0x10000018        0x4 ..\obj\imu.o
 .data          0x1000001c        0x4 ..\obj\system_LPC17xx.o
                0x1000001c                SystemCoreClock
 .data          0x10000020       0x20 ..\obj\lpc17xx_gpdma.o
                0x10000020                pGPDMACh
 .data          0x10000040        0x1 ..\obj\ublox.o
                0x10000040                _nav_setting
 *fill*         0x10000041        0x3 00
 .data          0x10000044        0x4 ..\obj\quat.o
 .data.__fdlib_version
                0x10000048        0x1 c:/program files/gnu tools arm embedded/4.6 2012q2/bin/../lib/gcc/arm-none-eabi/4.6.2/../../../../arm-none-eabi/lib/armv7-m\libm.a(lib_a-s_lib_ver.o)
                0x10000048                __fdlib_version
 *fill*         0x10000049        0x7 00
 .data.impure_data
                0x10000050      0x428 c:/program files/gnu tools arm embedded/4.6 2012q2/bin/../lib/gcc/arm-none-eabi/4.6.2/../../../../arm-none-eabi/lib/armv7-m\libg.a(lib_a-impure.o)
 .data._impure_ptr
                0x10000478        0x4 c:/program files/gnu tools arm embedded/4.6 2012q2/bin/../lib/gcc/arm-none-eabi/4.6.2/../../../../arm-none-eabi/lib/armv7-m\libg.a(lib_a-impure.o)
                0x10000478                _impure_ptr
                0x1000047c                . = ALIGN (0x4)
                0x1000047c                _edata = .

.bss            0x10000480     0x1598 load address 0x00013eb0
                0x10000480                _sbss = .
 *(.bss .bss.*)
 .bss           0x10000480       0x28 ..\obj\timing.o
                0x10000480                onehzloopflag
                0x10000481                hundredhzloopflag
                0x10000482                fiftyhzloopflag
                0x10000483                tenhzloopflag
                0x10000484                twentyhzloopflag
                0x10000485                fivehzloopflag
                0x10000486                IMUhzloopflag
                0x10000488                millisnow
                0x1000048c                hundredhzlast
                0x10000490                onehzlast
                0x10000494                fiftyhzlast
                0x10000498                tenhzlast
                0x1000049c                twentyhzlast
                0x100004a0                fivehzlast
                0x100004a4                IMUhzlast
 .bss           0x100004a8       0x30 ..\obj\MS5611.o
                0x100004a8                BaroAlt
                0x100004ac                Vz
 .bss           0x100004d8       0x48 ..\obj\control.o
                0x100004d8                homealt
                0x100004dc                Ialt
 .bss           0x10000520        0xc ..\obj\imu.o
 *fill*         0x1000052c        0x4 00
 .bss           0x10000530      0x578 ..\obj\mlink.o
                0x10000534                mode
                0x10000538                m_parameter_i
 .bss           0x10000aa8       0x30 ..\obj\main.o
 .bss           0x10000ad8      0x194 ..\obj\comm.o
                0x10000ad8                txcount
                0x10000ad9                txcountgps
 .bss           0x10000c6c        0xc ..\obj\motor.o
                0x10000c6c                lowus
                0x10000c70                highus
                0x10000c74                channel_index
 .bss           0x10000c78       0x34 ..\obj\lpc17xx_i2c.o
 .bss           0x10000cac      0x134 ..\obj\gps.o
                0x10000cac                nroll
                0x10000cb0                npitch
                0x10000cb4                BX
                0x10000cb8                BY
 .bss           0x10000de0        0xc ..\obj\quat.o
                0x10000de0                accvel
 *(COMMON)
 COMMON         0x10000dec       0x18 ..\obj\timing.o
                0x10000dec                RC_YSENSE
                0x10000df0                mavlink_system
                0x10000df8                RC_ASENSE
                0x10000dfc                RC_SENSE
                0x10000e00                RC_GSENSE
 COMMON         0x10000e04       0x4c ..\obj\control.o
                0x10000e04                rc
                0x10000e0c                targetnav
                0x10000e1c                cs
                0x10000e2c                nav
                0x10000e3c                RCmode
                0x10000e40                home
 COMMON         0x10000e50      0x2c2 ..\obj\imu.o
                0x10000e50                gyro_off
                0x10000e58                imu
                0x10000e70                gyro_imu
                0x10000e78                mag_imu
                0x10000e80                cstarget
                0x10000e98                acc_old
                0x10000ea4                accel_imu
                0x10000eac                mag_off
                0x10000eb4                samples
                0x1000110c                accel_off
 *fill*         0x10001112        0x2 00
 COMMON         0x10001114      0x418 ..\obj\mlink.o
                0x10001114                ILIMIT_XY
                0x10001118                ILIMIT_Y
                0x1000111c                MOTOR_MAX
                0x10001120                mavlink_status
                0x10001140                MagoffZ
                0x10001144                IMU_HZ
                0x10001148                IMU_RATIO
                0x1000114c                Ki
                0x10001150                ACCWEIGHT
                0x10001154                Kiy
                0x10001158                IMU_GAIN
                0x1000115c                GyrooffY
                0x10001160                AccoffX
                0x10001164                ILIMIT_RP
                0x10001168                AccoffZ
                0x1000116c                Kpy
                0x10001170                Kpn
                0x10001174                global_data
                0x100014d0                MISC_DEC
                0x100014d4                Kdn
                0x100014d8                RC_PARAM_MAXL
                0x100014dc                MagoffX
                0x100014e0                Kda
                0x100014e4                GyrooffZ
                0x100014e8                RC_PARAM_MINR
                0x100014ec                ILIMIT_TILT
                0x100014f0                MagoffY
                0x100014f4                Kia
                0x100014f8                Kdy
                0x100014fc                RC_PARAM_IDXR
                0x10001500                RC_PARAM_IDXL
                0x10001504                RC_PARAM_MAXR
                0x10001508                Kd
                0x1000150c                ILIMIT_ALT
                0x10001510                Kin
                0x10001514                Kp
                0x10001518                GyrooffX
                0x1000151c                RC_PARAM_MINL
                0x10001520                AccoffY
                0x10001524                Kpa
                0x10001528                MOTOR_MIN
 COMMON         0x1000152c       0x80 ..\obj\ublox.o
                0x1000152c                _new_position
                0x1000152d                _disable_counter
                0x1000152e                _class
                0x1000152f                ck_b
                0x10001530                GPS
                0x10001564                _buffer
                0x100015a0                _payload_length
                0x100015a2                next_fix
                0x100015a3                _step
                0x100015a4                _payload_counter
                0x100015a6                _ck_a
                0x100015a7                _msg_id
                0x100015a8                ck_a
                0x100015a9                _new_speed
                0x100015aa                _ck_b
                0x100015ab                _fix_count
 COMMON         0x100015ac      0x3d0 ..\obj\comm.o
                0x100015ac                Channel3_Err
                0x100015b0                Channel1_TC
                0x100015b4                Channel0_TC
                0x100015b8                dst_adr_read_last
                0x100015bc                Channel3_TC
                0x100015c0                tx_bufgps
                0x10001688                Channel0_Err
                0x1000168c                dst_adr_read_lastgps
                0x10001690                Channel1_Err
                0x10001694                rx_buf
                0x10001790                rx_bufgps
                0x1000188c                tx_buf
                0x10001954                rxdmagps
                0x10001964                Channel2_TC
                0x10001968                Channel2_Err
                0x1000196c                rxdma
 COMMON         0x1000197c       0x18 ..\obj\motor.o
                0x1000197c                motors
                0x10001984                channel
 COMMON         0x10001994       0x84 ..\obj\quat.o
                0x10001994                acc
                0x100019a0                a_pitch
                0x100019a4                attitude
                0x100019b0                qj
                0x100019c0                gyro
                0x100019cc                a_yaw
                0x100019d0                acc_attitude
                0x100019dc                yaw
                0x100019e0                a_roll
                0x100019e4                pitch
                0x100019e8                roll
                0x100019ec                qa
                0x100019fc                q
                0x10001a0c                mag
                0x10001a18                . = ALIGN (0x4)
                0x10001a18                _ebss = .

.co_stack       0x10001a18      0x400 load address 0x00015448
                0x10001a18                . = ALIGN (0x8)
 *(.co_stack .co_stack.*)
 .co_stack      0x10001a18      0x400 ..\obj\startup_LPC17xx.o
                0x10001a18                pulStack
                0x10001e18                . = ALIGN (0x4)
                0x10001e18                _end = .
LOAD ..\obj\timing.o
LOAD ..\obj\MS5611.o
LOAD ..\obj\control.o
LOAD ..\obj\lpc17xx_timer.o
LOAD ..\obj\imu.o
LOAD ..\obj\core_cm3.o
LOAD ..\obj\param.o
LOAD ..\obj\lpc17xx_clkpwr.o
LOAD ..\obj\lpc17xx_rit.o
LOAD ..\obj\HMC5883L.o
LOAD ..\obj\system_LPC17xx.o
LOAD ..\obj\mlink.o
LOAD ..\obj\LED_Blink.o
LOAD ..\obj\lpc17xx_uart.o
LOAD ..\obj\lpc17xx_gpdma.o
LOAD ..\obj\main.o
LOAD ..\obj\ublox.o
LOAD ..\obj\comm.o
LOAD ..\obj\lpc17xx_gpio.o
LOAD ..\obj\lpc17xx_wdt.o
LOAD ..\obj\motor.o
LOAD ..\obj\startup_LPC17xx.o
LOAD ..\obj\lpc17xx_libcfg_default.o
LOAD ..\obj\lpc17xx_pinsel.o
LOAD ..\obj\lpc17xx_exti.o
LOAD ..\obj\lpc17xx_systick.o
LOAD ..\obj\lpc17xx_i2c.o
LOAD ..\obj\gps.o
LOAD ..\obj\i2ceeprom.o
LOAD ..\obj\lpc17xx_nvic.o
LOAD ..\obj\lpc17xx_pwm.o
LOAD ..\obj\quat.o
LOAD ..\obj\MPU6050.o
LOAD c:/program files/gnu tools arm embedded/4.6 2012q2/bin/../lib/gcc/arm-none-eabi/4.6.2/../../../../arm-none-eabi/lib/armv7-m\libm.a
START GROUP
LOAD c:/program files/gnu tools arm embedded/4.6 2012q2/bin/../lib/gcc/arm-none-eabi/4.6.2/armv7-m\libgcc.a
LOAD c:/program files/gnu tools arm embedded/4.6 2012q2/bin/../lib/gcc/arm-none-eabi/4.6.2/../../../../arm-none-eabi/lib/armv7-m\libg.a
LOAD c:/program files/gnu tools arm embedded/4.6 2012q2/bin/../lib/gcc/arm-none-eabi/4.6.2/../../../../arm-none-eabi/lib/armv7-m\libc.a
END GROUP
OUTPUT(quad1.elf elf32-littlearm)

.debug_info     0x00000000    0x13326
 .debug_info    0x00000000      0xaa5 ..\obj\timing.o
 .debug_info    0x00000aa5      0x70e ..\obj\MS5611.o
 .debug_info    0x000011b3      0xbd2 ..\obj\control.o
 .debug_info    0x00001d85      0x87e ..\obj\lpc17xx_timer.o
 .debug_info    0x00002603      0xbda ..\obj\imu.o
 .debug_info    0x000031dd      0x548 ..\obj\core_cm3.o
 .debug_info    0x00003725      0x667 ..\obj\lpc17xx_clkpwr.o
 .debug_info    0x00003d8c      0x2b3 ..\obj\lpc17xx_rit.o
 .debug_info    0x0000403f      0x953 ..\obj\HMC5883L.o
 .debug_info    0x00004992      0x4f9 ..\obj\system_LPC17xx.o
 .debug_info    0x00004e8b     0x198b ..\obj\mlink.o
 .debug_info    0x00006816      0x41e ..\obj\LED_Blink.o
 .debug_info    0x00006c34     0x113e ..\obj\lpc17xx_uart.o
 .debug_info    0x00007d72      0xd2b ..\obj\lpc17xx_gpdma.o
 .debug_info    0x00008a9d     0x1920 ..\obj\main.o
 .debug_info    0x0000a3bd      0xcaa ..\obj\ublox.o
 .debug_info    0x0000b067     0x124a ..\obj\comm.o
 .debug_info    0x0000c2b1      0xe1a ..\obj\lpc17xx_gpio.o
 .debug_info    0x0000d0cb      0x358 ..\obj\lpc17xx_wdt.o
 .debug_info    0x0000d423      0xc17 ..\obj\motor.o
 .debug_info    0x0000e03a      0x131 ..\obj\startup_LPC17xx.o
 .debug_info    0x0000e16b       0xc5 ..\obj\lpc17xx_libcfg_default.o
 .debug_info    0x0000e230      0x4a6 ..\obj\lpc17xx_pinsel.o
 .debug_info    0x0000e6d6      0x4ce ..\obj\lpc17xx_exti.o
 .debug_info    0x0000eba4      0x24d ..\obj\lpc17xx_systick.o
 .debug_info    0x0000edf1      0xda8 ..\obj\lpc17xx_i2c.o
 .debug_info    0x0000fb99      0x90c ..\obj\gps.o
 .debug_info    0x000104a5      0xde3 ..\obj\i2ceeprom.o
 .debug_info    0x00011288      0x3f1 ..\obj\lpc17xx_nvic.o
 .debug_info    0x00011679      0x81a ..\obj\lpc17xx_pwm.o
 .debug_info    0x00011e93      0xae6 ..\obj\quat.o
 .debug_info    0x00012979      0x9ad ..\obj\MPU6050.o

.debug_abbrev   0x00000000     0x33d1
 .debug_abbrev  0x00000000      0x208 ..\obj\timing.o
 .debug_abbrev  0x00000208      0x1e7 ..\obj\MS5611.o
 .debug_abbrev  0x000003ef      0x257 ..\obj\control.o
 .debug_abbrev  0x00000646      0x1b2 ..\obj\lpc17xx_timer.o
 .debug_abbrev  0x000007f8      0x252 ..\obj\imu.o
 .debug_abbrev  0x00000a4a       0xd5 ..\obj\core_cm3.o
 .debug_abbrev  0x00000b1f        0x1 ..\obj\param.o
 .debug_abbrev  0x00000b20      0x170 ..\obj\lpc17xx_clkpwr.o
 .debug_abbrev  0x00000c90      0x100 ..\obj\lpc17xx_rit.o
 .debug_abbrev  0x00000d90      0x1fb ..\obj\HMC5883L.o
 .debug_abbrev  0x00000f8b       0xd7 ..\obj\system_LPC17xx.o
 .debug_abbrev  0x00001062      0x28b ..\obj\mlink.o
 .debug_abbrev  0x000012ed      0x10b ..\obj\LED_Blink.o
 .debug_abbrev  0x000013f8      0x1cc ..\obj\lpc17xx_uart.o
 .debug_abbrev  0x000015c4      0x1c1 ..\obj\lpc17xx_gpdma.o
 .debug_abbrev  0x00001785      0x25c ..\obj\main.o
 .debug_abbrev  0x000019e1      0x1f6 ..\obj\ublox.o
 .debug_abbrev  0x00001bd7      0x2c4 ..\obj\comm.o
 .debug_abbrev  0x00001e9b      0x1c7 ..\obj\lpc17xx_gpio.o
 .debug_abbrev  0x00002062      0x14a ..\obj\lpc17xx_wdt.o
 .debug_abbrev  0x000021ac      0x1cb ..\obj\motor.o
 .debug_abbrev  0x00002377       0xa3 ..\obj\startup_LPC17xx.o
 .debug_abbrev  0x0000241a       0x66 ..\obj\lpc17xx_libcfg_default.o
 .debug_abbrev  0x00002480      0x11b ..\obj\lpc17xx_pinsel.o
 .debug_abbrev  0x0000259b       0xfa ..\obj\lpc17xx_exti.o
 .debug_abbrev  0x00002695      0x116 ..\obj\lpc17xx_systick.o
 .debug_abbrev  0x000027ab      0x212 ..\obj\lpc17xx_i2c.o
 .debug_abbrev  0x000029bd      0x1de ..\obj\gps.o
 .debug_abbrev  0x00002b9b      0x1fa ..\obj\i2ceeprom.o
 .debug_abbrev  0x00002d95       0xde ..\obj\lpc17xx_nvic.o
 .debug_abbrev  0x00002e73      0x185 ..\obj\lpc17xx_pwm.o
 .debug_abbrev  0x00002ff8      0x1e0 ..\obj\quat.o
 .debug_abbrev  0x000031d8      0x1f9 ..\obj\MPU6050.o

.debug_loc      0x00000000     0x581e
 .debug_loc     0x00000000      0x240 ..\obj\timing.o
 .debug_loc     0x00000240      0x2bc ..\obj\MS5611.o
 .debug_loc     0x000004fc      0x184 ..\obj\control.o
 .debug_loc     0x00000680      0x380 ..\obj\lpc17xx_timer.o
 .debug_loc     0x00000a00      0x21c ..\obj\imu.o
 .debug_loc     0x00000c1c      0x3f0 ..\obj\core_cm3.o
 .debug_loc     0x0000100c      0x1bc ..\obj\lpc17xx_clkpwr.o
 .debug_loc     0x000011c8      0x150 ..\obj\lpc17xx_rit.o
 .debug_loc     0x00001318      0x4d4 ..\obj\HMC5883L.o
 .debug_loc     0x000017ec       0x58 ..\obj\system_LPC17xx.o
 .debug_loc     0x00001844      0x87f ..\obj\mlink.o
 .debug_loc     0x000020c3       0x90 ..\obj\LED_Blink.o
 .debug_loc     0x00002153      0x65a ..\obj\lpc17xx_uart.o
 .debug_loc     0x000027ad      0x10c ..\obj\lpc17xx_gpdma.o
 .debug_loc     0x000028b9      0x421 ..\obj\main.o
 .debug_loc     0x00002cda      0x1b4 ..\obj\ublox.o
 .debug_loc     0x00002e8e      0x376 ..\obj\comm.o
 .debug_loc     0x00003204      0x620 ..\obj\lpc17xx_gpio.o
 .debug_loc     0x00003824      0x1e8 ..\obj\lpc17xx_wdt.o
 .debug_loc     0x00003a0c      0x19c ..\obj\motor.o
 .debug_loc     0x00003ba8       0x64 ..\obj\startup_LPC17xx.o
 .debug_loc     0x00003c0c       0x38 ..\obj\lpc17xx_libcfg_default.o
 .debug_loc     0x00003c44      0x150 ..\obj\lpc17xx_pinsel.o
 .debug_loc     0x00003d94      0x138 ..\obj\lpc17xx_exti.o
 .debug_loc     0x00003ecc      0x138 ..\obj\lpc17xx_systick.o
 .debug_loc     0x00004004      0x508 ..\obj\lpc17xx_i2c.o
 .debug_loc     0x0000450c       0xe2 ..\obj\gps.o
 .debug_loc     0x000045ee      0x640 ..\obj\i2ceeprom.o
 .debug_loc     0x00004c2e       0xa8 ..\obj\lpc17xx_nvic.o
 .debug_loc     0x00004cd6      0x310 ..\obj\lpc17xx_pwm.o
 .debug_loc     0x00004fe6      0x350 ..\obj\quat.o
 .debug_loc     0x00005336      0x4e8 ..\obj\MPU6050.o

.debug_aranges  0x00000000     0x1008
 .debug_aranges
                0x00000000       0x78 ..\obj\timing.o
 .debug_aranges
                0x00000078       0x80 ..\obj\MS5611.o
 .debug_aranges
                0x000000f8       0x58 ..\obj\control.o
 .debug_aranges
                0x00000150       0x98 ..\obj\lpc17xx_timer.o
 .debug_aranges
                0x000001e8       0x68 ..\obj\imu.o
 .debug_aranges
                0x00000250       0xc8 ..\obj\core_cm3.o
 .debug_aranges
                0x00000318       0x60 ..\obj\lpc17xx_clkpwr.o
 .debug_aranges
                0x00000378       0x48 ..\obj\lpc17xx_rit.o
 .debug_aranges
                0x000003c0       0xc8 ..\obj\HMC5883L.o
 .debug_aranges
                0x00000488       0x28 ..\obj\system_LPC17xx.o
 .debug_aranges
                0x000004b0      0x150 ..\obj\mlink.o
 .debug_aranges
                0x00000600       0x30 ..\obj\LED_Blink.o
 .debug_aranges
                0x00000630      0x100 ..\obj\lpc17xx_uart.o
 .debug_aranges
                0x00000730       0x40 ..\obj\lpc17xx_gpdma.o
 .debug_aranges
                0x00000770       0xb0 ..\obj\main.o
 .debug_aranges
                0x00000820       0x58 ..\obj\ublox.o
 .debug_aranges
                0x00000878       0x98 ..\obj\comm.o
 .debug_aranges
                0x00000910       0xf8 ..\obj\lpc17xx_gpio.o
 .debug_aranges
                0x00000a08       0x68 ..\obj\lpc17xx_wdt.o
 .debug_aranges
                0x00000a70       0x58 ..\obj\motor.o
 .debug_aranges
                0x00000ac8       0x28 ..\obj\startup_LPC17xx.o
 .debug_aranges
                0x00000af0       0x20 ..\obj\lpc17xx_libcfg_default.o
 .debug_aranges
                0x00000b10       0x48 ..\obj\lpc17xx_pinsel.o
 .debug_aranges
                0x00000b58       0x48 ..\obj\lpc17xx_exti.o
 .debug_aranges
                0x00000ba0       0x48 ..\obj\lpc17xx_systick.o
 .debug_aranges
                0x00000be8       0xd0 ..\obj\lpc17xx_i2c.o
 .debug_aranges
                0x00000cb8       0x38 ..\obj\gps.o
 .debug_aranges
                0x00000cf0      0x100 ..\obj\i2ceeprom.o
 .debug_aranges
                0x00000df0       0x30 ..\obj\lpc17xx_nvic.o
 .debug_aranges
                0x00000e20       0x88 ..\obj\lpc17xx_pwm.o
 .debug_aranges
                0x00000ea8       0x90 ..\obj\quat.o
 .debug_aranges
                0x00000f38       0xd0 ..\obj\MPU6050.o

.debug_ranges   0x00000000      0xe20
 .debug_ranges  0x00000000       0x68 ..\obj\timing.o
 .debug_ranges  0x00000068       0x70 ..\obj\MS5611.o
 .debug_ranges  0x000000d8       0x48 ..\obj\control.o
 .debug_ranges  0x00000120       0x88 ..\obj\lpc17xx_timer.o
 .debug_ranges  0x000001a8       0x58 ..\obj\imu.o
 .debug_ranges  0x00000200       0xb8 ..\obj\core_cm3.o
 .debug_ranges  0x000002b8       0x50 ..\obj\lpc17xx_clkpwr.o
 .debug_ranges  0x00000308       0x38 ..\obj\lpc17xx_rit.o
 .debug_ranges  0x00000340       0xb8 ..\obj\HMC5883L.o
 .debug_ranges  0x000003f8       0x18 ..\obj\system_LPC17xx.o
 .debug_ranges  0x00000410      0x158 ..\obj\mlink.o
 .debug_ranges  0x00000568       0x20 ..\obj\LED_Blink.o
 .debug_ranges  0x00000588       0xf0 ..\obj\lpc17xx_uart.o
 .debug_ranges  0x00000678       0x30 ..\obj\lpc17xx_gpdma.o
 .debug_ranges  0x000006a8       0xa0 ..\obj\main.o
 .debug_ranges  0x00000748       0x48 ..\obj\ublox.o
 .debug_ranges  0x00000790       0x88 ..\obj\comm.o
 .debug_ranges  0x00000818       0xe8 ..\obj\lpc17xx_gpio.o
 .debug_ranges  0x00000900       0x58 ..\obj\lpc17xx_wdt.o
 .debug_ranges  0x00000958       0x48 ..\obj\motor.o
 .debug_ranges  0x000009a0       0x18 ..\obj\startup_LPC17xx.o
 .debug_ranges  0x000009b8       0x10 ..\obj\lpc17xx_libcfg_default.o
 .debug_ranges  0x000009c8       0x38 ..\obj\lpc17xx_pinsel.o
 .debug_ranges  0x00000a00       0x38 ..\obj\lpc17xx_exti.o
 .debug_ranges  0x00000a38       0x38 ..\obj\lpc17xx_systick.o
 .debug_ranges  0x00000a70       0xc0 ..\obj\lpc17xx_i2c.o
 .debug_ranges  0x00000b30       0x28 ..\obj\gps.o
 .debug_ranges  0x00000b58       0xf0 ..\obj\i2ceeprom.o
 .debug_ranges  0x00000c48       0x20 ..\obj\lpc17xx_nvic.o
 .debug_ranges  0x00000c68       0x78 ..\obj\lpc17xx_pwm.o
 .debug_ranges  0x00000ce0       0x80 ..\obj\quat.o
 .debug_ranges  0x00000d60       0xc0 ..\obj\MPU6050.o

.debug_line     0x00000000     0x884a
 .debug_line    0x00000000      0x4aa ..\obj\timing.o
 .debug_line    0x000004aa      0x348 ..\obj\MS5611.o
 .debug_line    0x000007f2      0x611 ..\obj\control.o
 .debug_line    0x00000e03      0x55b ..\obj\lpc17xx_timer.o
 .debug_line    0x0000135e      0x6ca ..\obj\imu.o
 .debug_line    0x00001a28      0x296 ..\obj\core_cm3.o
 .debug_line    0x00001cbe        0x0 ..\obj\param.o
 .debug_line    0x00001cbe      0x2dc ..\obj\lpc17xx_clkpwr.o
 .debug_line    0x00001f9a      0x2ae ..\obj\lpc17xx_rit.o
 .debug_line    0x00002248      0x3f2 ..\obj\HMC5883L.o
 .debug_line    0x0000263a      0x225 ..\obj\system_LPC17xx.o
 .debug_line    0x0000285f      0x9f4 ..\obj\mlink.o
 .debug_line    0x00003253      0x1c2 ..\obj\LED_Blink.o
 .debug_line    0x00003415      0x8df ..\obj\lpc17xx_uart.o
 .debug_line    0x00003cf4      0x33b ..\obj\lpc17xx_gpdma.o
 .debug_line    0x0000402f      0x7a1 ..\obj\main.o
 .debug_line    0x000047d0      0x4d6 ..\obj\ublox.o
 .debug_line    0x00004ca6      0x491 ..\obj\comm.o
 .debug_line    0x00005137      0x4a4 ..\obj\lpc17xx_gpio.o
 .debug_line    0x000055db      0x314 ..\obj\lpc17xx_wdt.o
 .debug_line    0x000058ef      0x3c7 ..\obj\motor.o
 .debug_line    0x00005cb6       0xa9 ..\obj\startup_LPC17xx.o
 .debug_line    0x00005d5f      0x115 ..\obj\lpc17xx_libcfg_default.o
 .debug_line    0x00005e74      0x27b ..\obj\lpc17xx_pinsel.o
 .debug_line    0x000060ef      0x255 ..\obj\lpc17xx_exti.o
 .debug_line    0x00006344      0x287 ..\obj\lpc17xx_systick.o
 .debug_line    0x000065cb      0x6d8 ..\obj\lpc17xx_i2c.o
 .debug_line    0x00006ca3      0x4bb ..\obj\gps.o
 .debug_line    0x0000715e      0x5e4 ..\obj\i2ceeprom.o
 .debug_line    0x00007742      0x1a0 ..\obj\lpc17xx_nvic.o
 .debug_line    0x000078e2      0x56a ..\obj\lpc17xx_pwm.o
 .debug_line    0x00007e4c      0x5a2 ..\obj\quat.o
 .debug_line    0x000083ee      0x45c ..\obj\MPU6050.o

.debug_str      0x00000000     0x60fb
 .debug_str     0x00000000      0x744 ..\obj\timing.o
                                0x7c2 (size before relaxing)
 .debug_str     0x00000744      0x347 ..\obj\MS5611.o
                                0x461 (size before relaxing)
 .debug_str     0x00000a8b      0x263 ..\obj\control.o
                                0x465 (size before relaxing)
 .debug_str     0x00000cee      0x2d3 ..\obj\lpc17xx_timer.o
                                0x5cf (size before relaxing)
 .debug_str     0x00000fc1      0x192 ..\obj\imu.o
                                0x57a (size before relaxing)
 .debug_str     0x00001153      0x170 ..\obj\core_cm3.o
                                0x272 (size before relaxing)
 .debug_str     0x000012c3      0x26f ..\obj\lpc17xx_clkpwr.o
                                0x3c8 (size before relaxing)
 .debug_str     0x00001532       0xc9 ..\obj\lpc17xx_rit.o
                                0x234 (size before relaxing)
 .debug_str     0x000015fb      0x2a8 ..\obj\HMC5883L.o
                                0x573 (size before relaxing)
 .debug_str     0x000018a3       0x6e ..\obj\system_LPC17xx.o
                                0x301 (size before relaxing)
 .debug_str     0x00001911     0x10fa ..\obj\mlink.o
                               0x14d2 (size before relaxing)
 .debug_str     0x00002a0b      0x18d ..\obj\LED_Blink.o
                                0x290 (size before relaxing)
 .debug_str     0x00002b98      0x9b1 ..\obj\lpc17xx_uart.o
                                0xb7a (size before relaxing)
 .debug_str     0x00003549      0x4a3 ..\obj\lpc17xx_gpdma.o
                                0x6d1 (size before relaxing)
 .debug_str     0x000039ec      0x4ba ..\obj\main.o
                               0x107e (size before relaxing)
 .debug_str     0x00003ea6      0x574 ..\obj\ublox.o
                                0x878 (size before relaxing)
 .debug_str     0x0000441a      0x241 ..\obj\comm.o
                                0xa5a (size before relaxing)
 .debug_str     0x0000465b      0x336 ..\obj\lpc17xx_gpio.o
                                0x58d (size before relaxing)
 .debug_str     0x00004991      0x161 ..\obj\lpc17xx_wdt.o
                                0x2eb (size before relaxing)
 .debug_str     0x00004af2      0x305 ..\obj\motor.o
                                0x7cd (size before relaxing)
 .debug_str     0x00004df7       0xb7 ..\obj\startup_LPC17xx.o
                                0x11f (size before relaxing)
 .debug_str     0x00004eae       0x6f ..\obj\lpc17xx_libcfg_default.o
                                0x157 (size before relaxing)
 .debug_str     0x00004f1d      0x23f ..\obj\lpc17xx_pinsel.o
                                0x3a1 (size before relaxing)
 .debug_str     0x0000515c       0xaf ..\obj\lpc17xx_exti.o
                                0x40c (size before relaxing)
 .debug_str     0x0000520b       0xf1 ..\obj\lpc17xx_systick.o
                                0x22e (size before relaxing)
 .debug_str     0x000052fc      0x349 ..\obj\lpc17xx_i2c.o
                                0x890 (size before relaxing)
 .debug_str     0x00005645       0xba ..\obj\gps.o
                                0x3ef (size before relaxing)
 .debug_str     0x000056ff      0x2a3 ..\obj\i2ceeprom.o
                                0x56d (size before relaxing)
 .debug_str     0x000059a2       0x82 ..\obj\lpc17xx_nvic.o
                                0x223 (size before relaxing)
 .debug_str     0x00005a24      0x2d0 ..\obj\lpc17xx_pwm.o
                                0x5da (size before relaxing)
 .debug_str     0x00005cf4      0x18f ..\obj\quat.o
                                0x3c1 (size before relaxing)
 .debug_str     0x00005e83      0x278 ..\obj\MPU6050.o
                                0x5c6 (size before relaxing)

.comment        0x00000000       0x70
 .comment       0x00000000       0x70 ..\obj\timing.o
                                 0x71 (size before relaxing)
 .comment       0x00000000       0x71 ..\obj\MS5611.o
 .comment       0x00000000       0x71 ..\obj\control.o
 .comment       0x00000000       0x71 ..\obj\lpc17xx_timer.o
 .comment       0x00000000       0x71 ..\obj\imu.o
 .comment       0x00000000       0x71 ..\obj\core_cm3.o
 .comment       0x00000000       0x71 ..\obj\param.o
 .comment       0x00000000       0x71 ..\obj\lpc17xx_clkpwr.o
 .comment       0x00000000       0x71 ..\obj\lpc17xx_rit.o
 .comment       0x00000000       0x71 ..\obj\HMC5883L.o
 .comment       0x00000000       0x71 ..\obj\system_LPC17xx.o
 .comment       0x00000000       0x71 ..\obj\mlink.o
 .comment       0x00000000       0x71 ..\obj\LED_Blink.o
 .comment       0x00000000       0x71 ..\obj\lpc17xx_uart.o
 .comment       0x00000000       0x71 ..\obj\lpc17xx_gpdma.o
 .comment       0x00000000       0x71 ..\obj\main.o
 .comment       0x00000000       0x71 ..\obj\ublox.o
 .comment       0x00000000       0x71 ..\obj\comm.o
 .comment       0x00000000       0x71 ..\obj\lpc17xx_gpio.o
 .comment       0x00000000       0x71 ..\obj\lpc17xx_wdt.o
 .comment       0x00000000       0x71 ..\obj\motor.o
 .comment       0x00000000       0x71 ..\obj\startup_LPC17xx.o
 .comment       0x00000000       0x71 ..\obj\lpc17xx_libcfg_default.o
 .comment       0x00000000       0x71 ..\obj\lpc17xx_pinsel.o
 .comment       0x00000000       0x71 ..\obj\lpc17xx_exti.o
 .comment       0x00000000       0x71 ..\obj\lpc17xx_systick.o
 .comment       0x00000000       0x71 ..\obj\lpc17xx_i2c.o
 .comment       0x00000000       0x71 ..\obj\gps.o
 .comment       0x00000000       0x71 ..\obj\i2ceeprom.o
 .comment       0x00000000       0x71 ..\obj\lpc17xx_nvic.o
 .comment       0x00000000       0x71 ..\obj\lpc17xx_pwm.o
 .comment       0x00000000       0x71 ..\obj\quat.o
 .comment       0x00000000       0x71 ..\obj\MPU6050.o

.ARM.attributes
                0x00000000       0x33
 .ARM.attributes
                0x00000000       0x33 ..\obj\timing.o
 .ARM.attributes
                0x00000033       0x33 ..\obj\MS5611.o
 .ARM.attributes
                0x00000066       0x33 ..\obj\control.o
 .ARM.attributes
                0x00000099       0x33 ..\obj\lpc17xx_timer.o
 .ARM.attributes
                0x000000cc       0x33 ..\obj\imu.o
 .ARM.attributes
                0x000000ff       0x33 ..\obj\core_cm3.o
 .ARM.attributes
                0x00000132       0x33 ..\obj\param.o
 .ARM.attributes
                0x00000165       0x33 ..\obj\lpc17xx_clkpwr.o
 .ARM.attributes
                0x00000198       0x33 ..\obj\lpc17xx_rit.o
 .ARM.attributes
                0x000001cb       0x33 ..\obj\HMC5883L.o
 .ARM.attributes
                0x000001fe       0x33 ..\obj\system_LPC17xx.o
 .ARM.attributes
                0x00000231       0x33 ..\obj\mlink.o
 .ARM.attributes
                0x00000264       0x33 ..\obj\LED_Blink.o
 .ARM.attributes
                0x00000297       0x33 ..\obj\lpc17xx_uart.o
 .ARM.attributes
                0x000002ca       0x33 ..\obj\lpc17xx_gpdma.o
 .ARM.attributes
                0x000002fd       0x33 ..\obj\main.o
 .ARM.attributes
                0x00000330       0x33 ..\obj\ublox.o
 .ARM.attributes
                0x00000363       0x33 ..\obj\comm.o
 .ARM.attributes
                0x00000396       0x33 ..\obj\lpc17xx_gpio.o
 .ARM.attributes
                0x000003c9       0x33 ..\obj\lpc17xx_wdt.o
 .ARM.attributes
                0x000003fc       0x33 ..\obj\motor.o
 .ARM.attributes
                0x0000042f       0x33 ..\obj\startup_LPC17xx.o
 .ARM.attributes
                0x00000462       0x33 ..\obj\lpc17xx_libcfg_default.o
 .ARM.attributes
                0x00000495       0x33 ..\obj\lpc17xx_pinsel.o
 .ARM.attributes
                0x000004c8       0x33 ..\obj\lpc17xx_exti.o
 .ARM.attributes
                0x000004fb       0x33 ..\obj\lpc17xx_systick.o
 .ARM.attributes
                0x0000052e       0x33 ..\obj\lpc17xx_i2c.o
 .ARM.attributes
                0x00000561       0x33 ..\obj\gps.o
 .ARM.attributes
                0x00000594       0x33 ..\obj\i2ceeprom.o
 .ARM.attributes
                0x000005c7       0x33 ..\obj\lpc17xx_nvic.o
 .ARM.attributes
                0x000005fa       0x33 ..\obj\lpc17xx_pwm.o
 .ARM.attributes
                0x0000062d       0x33 ..\obj\quat.o
 .ARM.attributes
                0x00000660       0x33 ..\obj\MPU6050.o
 .ARM.attributes
                0x00000693       0x2d c:/program files/gnu tools arm embedded/4.6 2012q2/bin/../lib/gcc/arm-none-eabi/4.6.2/../../../../arm-none-eabi/lib/armv7-m\libm.a(lib_a-s_atan.o)
 .ARM.attributes
                0x000006c0       0x2d c:/program files/gnu tools arm embedded/4.6 2012q2/bin/../lib/gcc/arm-none-eabi/4.6.2/../../../../arm-none-eabi/lib/armv7-m\libm.a(lib_a-s_cos.o)
 .ARM.attributes
                0x000006ed       0x2d c:/program files/gnu tools arm embedded/4.6 2012q2/bin/../lib/gcc/arm-none-eabi/4.6.2/../../../../arm-none-eabi/lib/armv7-m\libm.a(lib_a-s_fabs.o)
 .ARM.attributes
                0x0000071a       0x2d c:/program files/gnu tools arm embedded/4.6 2012q2/bin/../lib/gcc/arm-none-eabi/4.6.2/../../../../arm-none-eabi/lib/armv7-m\libm.a(lib_a-s_sin.o)
 .ARM.attributes
                0x00000747       0x2d c:/program files/gnu tools arm embedded/4.6 2012q2/bin/../lib/gcc/arm-none-eabi/4.6.2/../../../../arm-none-eabi/lib/armv7-m\libm.a(lib_a-sf_fpclassify.o)
 .ARM.attributes
                0x00000774       0x2d c:/program files/gnu tools arm embedded/4.6 2012q2/bin/../lib/gcc/arm-none-eabi/4.6.2/../../../../arm-none-eabi/lib/armv7-m\libm.a(lib_a-w_acos.o)
 .ARM.attributes
                0x000007a1       0x2d c:/program files/gnu tools arm embedded/4.6 2012q2/bin/../lib/gcc/arm-none-eabi/4.6.2/../../../../arm-none-eabi/lib/armv7-m\libm.a(lib_a-w_asin.o)
 .ARM.attributes
                0x000007ce       0x2d c:/program files/gnu tools arm embedded/4.6 2012q2/bin/../lib/gcc/arm-none-eabi/4.6.2/../../../../arm-none-eabi/lib/armv7-m\libm.a(lib_a-w_atan2.o)
 .ARM.attributes
                0x000007fb       0x2d c:/program files/gnu tools arm embedded/4.6 2012q2/bin/../lib/gcc/arm-none-eabi/4.6.2/../../../../arm-none-eabi/lib/armv7-m\libm.a(lib_a-w_pow.o)
 .ARM.attributes
                0x00000828       0x2d c:/program files/gnu tools arm embedded/4.6 2012q2/bin/../lib/gcc/arm-none-eabi/4.6.2/../../../../arm-none-eabi/lib/armv7-m\libm.a(lib_a-w_sqrt.o)
 .ARM.attributes
                0x00000855       0x2d c:/program files/gnu tools arm embedded/4.6 2012q2/bin/../lib/gcc/arm-none-eabi/4.6.2/../../../../arm-none-eabi/lib/armv7-m\libm.a(lib_a-e_acos.o)
 .ARM.attributes
                0x00000882       0x2d c:/program files/gnu tools arm embedded/4.6 2012q2/bin/../lib/gcc/arm-none-eabi/4.6.2/../../../../arm-none-eabi/lib/armv7-m\libm.a(lib_a-e_asin.o)
 .ARM.attributes
                0x000008af       0x2d c:/program files/gnu tools arm embedded/4.6 2012q2/bin/../lib/gcc/arm-none-eabi/4.6.2/../../../../arm-none-eabi/lib/armv7-m\libm.a(lib_a-e_atan2.o)
 .ARM.attributes
                0x000008dc       0x2d c:/program files/gnu tools arm embedded/4.6 2012q2/bin/../lib/gcc/arm-none-eabi/4.6.2/../../../../arm-none-eabi/lib/armv7-m\libm.a(lib_a-e_pow.o)
 .ARM.attributes
                0x00000909       0x2d c:/program files/gnu tools arm embedded/4.6 2012q2/bin/../lib/gcc/arm-none-eabi/4.6.2/../../../../arm-none-eabi/lib/armv7-m\libm.a(lib_a-e_rem_pio2.o)
 .ARM.attributes
                0x00000936       0x2d c:/program files/gnu tools arm embedded/4.6 2012q2/bin/../lib/gcc/arm-none-eabi/4.6.2/../../../../arm-none-eabi/lib/armv7-m\libm.a(lib_a-e_sqrt.o)
 .ARM.attributes
                0x00000963       0x2d c:/program files/gnu tools arm embedded/4.6 2012q2/bin/../lib/gcc/arm-none-eabi/4.6.2/../../../../arm-none-eabi/lib/armv7-m\libm.a(lib_a-k_cos.o)
 .ARM.attributes
                0x00000990       0x2d c:/program files/gnu tools arm embedded/4.6 2012q2/bin/../lib/gcc/arm-none-eabi/4.6.2/../../../../arm-none-eabi/lib/armv7-m\libm.a(lib_a-k_rem_pio2.o)
 .ARM.attributes
                0x000009bd       0x2d c:/program files/gnu tools arm embedded/4.6 2012q2/bin/../lib/gcc/arm-none-eabi/4.6.2/../../../../arm-none-eabi/lib/armv7-m\libm.a(lib_a-k_sin.o)
 .ARM.attributes
                0x000009ea       0x2d c:/program files/gnu tools arm embedded/4.6 2012q2/bin/../lib/gcc/arm-none-eabi/4.6.2/../../../../arm-none-eabi/lib/armv7-m\libm.a(lib_a-s_finite.o)
 .ARM.attributes
                0x00000a17       0x2d c:/program files/gnu tools arm embedded/4.6 2012q2/bin/../lib/gcc/arm-none-eabi/4.6.2/../../../../arm-none-eabi/lib/armv7-m\libm.a(lib_a-s_floor.o)
 .ARM.attributes
                0x00000a44       0x2d c:/program files/gnu tools arm embedded/4.6 2012q2/bin/../lib/gcc/arm-none-eabi/4.6.2/../../../../arm-none-eabi/lib/armv7-m\libm.a(lib_a-s_fpclassify.o)
 .ARM.attributes
                0x00000a71       0x2d c:/program files/gnu tools arm embedded/4.6 2012q2/bin/../lib/gcc/arm-none-eabi/4.6.2/../../../../arm-none-eabi/lib/armv7-m\libm.a(lib_a-s_lib_ver.o)
 .ARM.attributes
                0x00000a9e       0x2d c:/program files/gnu tools arm embedded/4.6 2012q2/bin/../lib/gcc/arm-none-eabi/4.6.2/../../../../arm-none-eabi/lib/armv7-m\libm.a(lib_a-s_matherr.o)
 .ARM.attributes
                0x00000acb       0x2d c:/program files/gnu tools arm embedded/4.6 2012q2/bin/../lib/gcc/arm-none-eabi/4.6.2/../../../../arm-none-eabi/lib/armv7-m\libm.a(lib_a-s_nan.o)
 .ARM.attributes
                0x00000af8       0x2d c:/program files/gnu tools arm embedded/4.6 2012q2/bin/../lib/gcc/arm-none-eabi/4.6.2/../../../../arm-none-eabi/lib/armv7-m\libm.a(lib_a-s_rint.o)
 .ARM.attributes
                0x00000b25       0x2d c:/program files/gnu tools arm embedded/4.6 2012q2/bin/../lib/gcc/arm-none-eabi/4.6.2/../../../../arm-none-eabi/lib/armv7-m\libm.a(lib_a-s_scalbn.o)
 .ARM.attributes
                0x00000b52       0x2d c:/program files/gnu tools arm embedded/4.6 2012q2/bin/../lib/gcc/arm-none-eabi/4.6.2/../../../../arm-none-eabi/lib/armv7-m\libm.a(lib_a-s_copysign.o)
 .ARM.attributes
                0x00000b7f       0x1d c:/program files/gnu tools arm embedded/4.6 2012q2/bin/../lib/gcc/arm-none-eabi/4.6.2/armv7-m\libgcc.a(_arm_addsubdf3.o)
 .ARM.attributes
                0x00000b9c       0x1d c:/program files/gnu tools arm embedded/4.6 2012q2/bin/../lib/gcc/arm-none-eabi/4.6.2/armv7-m\libgcc.a(_arm_muldivdf3.o)
 .ARM.attributes
                0x00000bb9       0x1d c:/program files/gnu tools arm embedded/4.6 2012q2/bin/../lib/gcc/arm-none-eabi/4.6.2/armv7-m\libgcc.a(_arm_cmpdf2.o)
 .ARM.attributes
                0x00000bd6       0x1d c:/program files/gnu tools arm embedded/4.6 2012q2/bin/../lib/gcc/arm-none-eabi/4.6.2/armv7-m\libgcc.a(_arm_fixdfsi.o)
 .ARM.attributes
                0x00000bf3       0x1d c:/program files/gnu tools arm embedded/4.6 2012q2/bin/../lib/gcc/arm-none-eabi/4.6.2/armv7-m\libgcc.a(_arm_truncdfsf2.o)
 .ARM.attributes
                0x00000c10       0x1d c:/program files/gnu tools arm embedded/4.6 2012q2/bin/../lib/gcc/arm-none-eabi/4.6.2/armv7-m\libgcc.a(_arm_addsubsf3.o)
 .ARM.attributes
                0x00000c2d       0x1d c:/program files/gnu tools arm embedded/4.6 2012q2/bin/../lib/gcc/arm-none-eabi/4.6.2/armv7-m\libgcc.a(_arm_muldivsf3.o)
 .ARM.attributes
                0x00000c4a       0x1d c:/program files/gnu tools arm embedded/4.6 2012q2/bin/../lib/gcc/arm-none-eabi/4.6.2/armv7-m\libgcc.a(_arm_cmpsf2.o)
 .ARM.attributes
                0x00000c67       0x1d c:/program files/gnu tools arm embedded/4.6 2012q2/bin/../lib/gcc/arm-none-eabi/4.6.2/armv7-m\libgcc.a(_arm_fixsfsi.o)
 .ARM.attributes
                0x00000c84       0x1d c:/program files/gnu tools arm embedded/4.6 2012q2/bin/../lib/gcc/arm-none-eabi/4.6.2/armv7-m\libgcc.a(_arm_fixunssfsi.o)
 .ARM.attributes
                0x00000ca1       0x2d c:/program files/gnu tools arm embedded/4.6 2012q2/bin/../lib/gcc/arm-none-eabi/4.6.2/../../../../arm-none-eabi/lib/armv7-m\libg.a(lib_a-errno.o)
 .ARM.attributes
                0x00000cce       0x2d c:/program files/gnu tools arm embedded/4.6 2012q2/bin/../lib/gcc/arm-none-eabi/4.6.2/../../../../arm-none-eabi/lib/armv7-m\libg.a(lib_a-impure.o)
 .ARM.attributes
                0x00000cfb       0x2d c:/program files/gnu tools arm embedded/4.6 2012q2/bin/../lib/gcc/arm-none-eabi/4.6.2/../../../../arm-none-eabi/lib/armv7-m\libg.a(lib_a-memcpy.o)
 .ARM.attributes
                0x00000d28       0x2d c:/program files/gnu tools arm embedded/4.6 2012q2/bin/../lib/gcc/arm-none-eabi/4.6.2/../../../../arm-none-eabi/lib/armv7-m\libg.a(lib_a-memset.o)

.debug_frame    0x00000000     0x3968
 .debug_frame   0x00000000      0x164 ..\obj\timing.o
 .debug_frame   0x00000164      0x1b0 ..\obj\MS5611.o
 .debug_frame   0x00000314      0x10c ..\obj\control.o
 .debug_frame   0x00000420      0x208 ..\obj\lpc17xx_timer.o
 .debug_frame   0x00000628      0x150 ..\obj\imu.o
 .debug_frame   0x00000778      0x280 ..\obj\core_cm3.o
 .debug_frame   0x000009f8      0x10c ..\obj\lpc17xx_clkpwr.o
 .debug_frame   0x00000b04       0xd0 ..\obj\lpc17xx_rit.o
 .debug_frame   0x00000bd4      0x2d0 ..\obj\HMC5883L.o
 .debug_frame   0x00000ea4       0x40 ..\obj\system_LPC17xx.o
 .debug_frame   0x00000ee4      0x4cc ..\obj\mlink.o
 .debug_frame   0x000013b0       0x5c ..\obj\LED_Blink.o
 .debug_frame   0x0000140c      0x3a0 ..\obj\lpc17xx_uart.o
 .debug_frame   0x000017ac       0xa4 ..\obj\lpc17xx_gpdma.o
 .debug_frame   0x00001850      0x264 ..\obj\main.o
 .debug_frame   0x00001ab4      0x104 ..\obj\ublox.o
 .debug_frame   0x00001bb8      0x1f8 ..\obj\comm.o
 .debug_frame   0x00001db0      0x378 ..\obj\lpc17xx_gpio.o
 .debug_frame   0x00002128      0x124 ..\obj\lpc17xx_wdt.o
 .debug_frame   0x0000224c       0xf8 ..\obj\motor.o
 .debug_frame   0x00002344       0x48 ..\obj\startup_LPC17xx.o
 .debug_frame   0x0000238c       0x2c ..\obj\lpc17xx_libcfg_default.o
 .debug_frame   0x000023b8       0xbc ..\obj\lpc17xx_pinsel.o
 .debug_frame   0x00002474       0xb4 ..\obj\lpc17xx_exti.o
 .debug_frame   0x00002528       0xc0 ..\obj\lpc17xx_systick.o
 .debug_frame   0x000025e8      0x2d0 ..\obj\lpc17xx_i2c.o
 .debug_frame   0x000028b8       0x9c ..\obj\gps.o
 .debug_frame   0x00002954      0x380 ..\obj\i2ceeprom.o
 .debug_frame   0x00002cd4       0x64 ..\obj\lpc17xx_nvic.o
 .debug_frame   0x00002d38      0x1d0 ..\obj\lpc17xx_pwm.o
 .debug_frame   0x00002f08      0x20c ..\obj\quat.o
 .debug_frame   0x00003114      0x2e4 ..\obj\MPU6050.o
 .debug_frame   0x000033f8       0x38 c:/program files/gnu tools arm embedded/4.6 2012q2/bin/../lib/gcc/arm-none-eabi/4.6.2/../../../../arm-none-eabi/lib/armv7-m\libm.a(lib_a-s_atan.o)
 .debug_frame   0x00003430       0x2c c:/program files/gnu tools arm embedded/4.6 2012q2/bin/../lib/gcc/arm-none-eabi/4.6.2/../../../../arm-none-eabi/lib/armv7-m\libm.a(lib_a-s_cos.o)
 .debug_frame   0x0000345c       0x20 c:/program files/gnu tools arm embedded/4.6 2012q2/bin/../lib/gcc/arm-none-eabi/4.6.2/../../../../arm-none-eabi/lib/armv7-m\libm.a(lib_a-s_fabs.o)
 .debug_frame   0x0000347c       0x2c c:/program files/gnu tools arm embedded/4.6 2012q2/bin/../lib/gcc/arm-none-eabi/4.6.2/../../../../arm-none-eabi/lib/armv7-m\libm.a(lib_a-s_sin.o)
 .debug_frame   0x000034a8       0x20 c:/program files/gnu tools arm embedded/4.6 2012q2/bin/../lib/gcc/arm-none-eabi/4.6.2/../../../../arm-none-eabi/lib/armv7-m\libm.a(lib_a-sf_fpclassify.o)
 .debug_frame   0x000034c8       0x34 c:/program files/gnu tools arm embedded/4.6 2012q2/bin/../lib/gcc/arm-none-eabi/4.6.2/../../../../arm-none-eabi/lib/armv7-m\libm.a(lib_a-w_acos.o)
 .debug_frame   0x000034fc       0x34 c:/program files/gnu tools arm embedded/4.6 2012q2/bin/../lib/gcc/arm-none-eabi/4.6.2/../../../../arm-none-eabi/lib/armv7-m\libm.a(lib_a-w_asin.o)
 .debug_frame   0x00003530       0x20 c:/program files/gnu tools arm embedded/4.6 2012q2/bin/../lib/gcc/arm-none-eabi/4.6.2/../../../../arm-none-eabi/lib/armv7-m\libm.a(lib_a-w_atan2.o)
 .debug_frame   0x00003550       0x38 c:/program files/gnu tools arm embedded/4.6 2012q2/bin/../lib/gcc/arm-none-eabi/4.6.2/../../../../arm-none-eabi/lib/armv7-m\libm.a(lib_a-w_pow.o)
 .debug_frame   0x00003588       0x38 c:/program files/gnu tools arm embedded/4.6 2012q2/bin/../lib/gcc/arm-none-eabi/4.6.2/../../../../arm-none-eabi/lib/armv7-m\libm.a(lib_a-w_sqrt.o)
 .debug_frame   0x000035c0       0x38 c:/program files/gnu tools arm embedded/4.6 2012q2/bin/../lib/gcc/arm-none-eabi/4.6.2/../../../../arm-none-eabi/lib/armv7-m\libm.a(lib_a-e_acos.o)
 .debug_frame   0x000035f8       0x38 c:/program files/gnu tools arm embedded/4.6 2012q2/bin/../lib/gcc/arm-none-eabi/4.6.2/../../../../arm-none-eabi/lib/armv7-m\libm.a(lib_a-e_asin.o)
 .debug_frame   0x00003630       0x38 c:/program files/gnu tools arm embedded/4.6 2012q2/bin/../lib/gcc/arm-none-eabi/4.6.2/../../../../arm-none-eabi/lib/armv7-m\libm.a(lib_a-e_atan2.o)
 .debug_frame   0x00003668       0x38 c:/program files/gnu tools arm embedded/4.6 2012q2/bin/../lib/gcc/arm-none-eabi/4.6.2/../../../../arm-none-eabi/lib/armv7-m\libm.a(lib_a-e_pow.o)
 .debug_frame   0x000036a0       0x38 c:/program files/gnu tools arm embedded/4.6 2012q2/bin/../lib/gcc/arm-none-eabi/4.6.2/../../../../arm-none-eabi/lib/armv7-m\libm.a(lib_a-e_rem_pio2.o)
 .debug_frame   0x000036d8       0x34 c:/program files/gnu tools arm embedded/4.6 2012q2/bin/../lib/gcc/arm-none-eabi/4.6.2/../../../../arm-none-eabi/lib/armv7-m\libm.a(lib_a-e_sqrt.o)
 .debug_frame   0x0000370c       0x38 c:/program files/gnu tools arm embedded/4.6 2012q2/bin/../lib/gcc/arm-none-eabi/4.6.2/../../../../arm-none-eabi/lib/armv7-m\libm.a(lib_a-k_cos.o)
 .debug_frame   0x00003744       0x3c c:/program files/gnu tools arm embedded/4.6 2012q2/bin/../lib/gcc/arm-none-eabi/4.6.2/../../../../arm-none-eabi/lib/armv7-m\libm.a(lib_a-k_rem_pio2.o)
 .debug_frame   0x00003780       0x38 c:/program files/gnu tools arm embedded/4.6 2012q2/bin/../lib/gcc/arm-none-eabi/4.6.2/../../../../arm-none-eabi/lib/armv7-m\libm.a(lib_a-k_sin.o)
 .debug_frame   0x000037b8       0x20 c:/program files/gnu tools arm embedded/4.6 2012q2/bin/../lib/gcc/arm-none-eabi/4.6.2/../../../../arm-none-eabi/lib/armv7-m\libm.a(lib_a-s_finite.o)
 .debug_frame   0x000037d8       0x34 c:/program files/gnu tools arm embedded/4.6 2012q2/bin/../lib/gcc/arm-none-eabi/4.6.2/../../../../arm-none-eabi/lib/armv7-m\libm.a(lib_a-s_floor.o)
 .debug_frame   0x0000380c       0x20 c:/program files/gnu tools arm embedded/4.6 2012q2/bin/../lib/gcc/arm-none-eabi/4.6.2/../../../../arm-none-eabi/lib/armv7-m\libm.a(lib_a-s_fpclassify.o)
 .debug_frame   0x0000382c       0x20 c:/program files/gnu tools arm embedded/4.6 2012q2/bin/../lib/gcc/arm-none-eabi/4.6.2/../../../../arm-none-eabi/lib/armv7-m\libm.a(lib_a-s_matherr.o)
 .debug_frame   0x0000384c       0x20 c:/program files/gnu tools arm embedded/4.6 2012q2/bin/../lib/gcc/arm-none-eabi/4.6.2/../../../../arm-none-eabi/lib/armv7-m\libm.a(lib_a-s_nan.o)